Archive member included to satisfy reference by file (symbol)

/opt/devkitpro/libgba/lib/libmm.a(mm_mas.o)
                              bn_audio_manager.o (mmStart)
/opt/devkitpro/libgba/lib/libmm.a(mm_main.o)
                              /opt/devkitpro/libgba/lib/libmm.a(mm_mas.o) (mmCallback)
/opt/devkitpro/libgba/lib/libmm.a(mm_effect.o)
                              bn_hw_audio.o (mmEffect)
/opt/devkitpro/libgba/lib/libmm.a(mm_mas_arm.o)
                              /opt/devkitpro/libgba/lib/libmm.a(mm_mas.o) (mmAllocChannel)
/opt/devkitpro/libgba/lib/libmm.a(mm_mixer_gba.o)
                              bn_hw_audio.o (mmVBlank)
/opt/devkitpro/libgba/lib/libmm.a(mm_main_gba.o)
                              /opt/devkitpro/libgba/lib/libmm.a(mm_mixer_gba.o) (mm_vblank_function)
/opt/devkitpro/devkitARM/bin/../lib/gcc/arm-none-eabi/13.1.0/thumb/libgcc.a(_call_via_rX.o)
                              /opt/devkitpro/libgba/lib/libmm.a(mm_main_gba.o) (_call_via_r1)
/opt/devkitpro/devkitARM/bin/../lib/gcc/arm-none-eabi/13.1.0/thumb/libgcc.a(_aeabi_ldivmod.o)
                              bn_hw_text.o (__aeabi_ldivmod)
/opt/devkitpro/devkitARM/bin/../lib/gcc/arm-none-eabi/13.1.0/thumb/libgcc.a(_aeabi_uldivmod.o)
                              bn_hw_text.o (__aeabi_uldivmod)
/opt/devkitpro/devkitARM/bin/../lib/gcc/arm-none-eabi/13.1.0/thumb/libgcc.a(_udivmoddi4.o)
                              /opt/devkitpro/devkitARM/bin/../lib/gcc/arm-none-eabi/13.1.0/thumb/libgcc.a(_aeabi_ldivmod.o) (__udivmoddi4)
/opt/devkitpro/devkitARM/bin/../lib/gcc/arm-none-eabi/13.1.0/../../../../arm-none-eabi/lib/thumb/libg.a(libc_a-init.o)
                              /opt/devkitpro/devkitARM/bin/../lib/gcc/arm-none-eabi/13.1.0/../../../../arm-none-eabi/lib/thumb/gba_crt0.o (__libc_init_array)
/opt/devkitpro/devkitARM/bin/../lib/gcc/arm-none-eabi/13.1.0/../../../../arm-none-eabi/lib/thumb/libsysbase.a(libsysbase_libsysbase_a-malloc_vars.o)
                              /opt/devkitpro/devkitARM/bin/../lib/gcc/arm-none-eabi/13.1.0/../../../../arm-none-eabi/lib/thumb/gba_crt0.o (fake_heap_end)

Discarded input sections

 .text          0x00000000        0x0 /opt/devkitpro/devkitARM/bin/../lib/gcc/arm-none-eabi/13.1.0/../../../../arm-none-eabi/lib/thumb/gba_crt0.o
 .data          0x00000000        0x0 /opt/devkitpro/devkitARM/bin/../lib/gcc/arm-none-eabi/13.1.0/../../../../arm-none-eabi/lib/thumb/gba_crt0.o
 .bss           0x00000000        0x0 /opt/devkitpro/devkitARM/bin/../lib/gcc/arm-none-eabi/13.1.0/../../../../arm-none-eabi/lib/thumb/gba_crt0.o
 .text          0x00000000        0x0 /opt/devkitpro/devkitARM/bin/../lib/gcc/arm-none-eabi/13.1.0/thumb/crti.o
 .data          0x00000000        0x0 /opt/devkitpro/devkitARM/bin/../lib/gcc/arm-none-eabi/13.1.0/thumb/crti.o
 .bss           0x00000000        0x0 /opt/devkitpro/devkitARM/bin/../lib/gcc/arm-none-eabi/13.1.0/thumb/crti.o
 .text          0x00000000        0x0 /opt/devkitpro/devkitARM/bin/../lib/gcc/arm-none-eabi/13.1.0/thumb/crtbegin.o
 .data          0x00000000        0x0 /opt/devkitpro/devkitARM/bin/../lib/gcc/arm-none-eabi/13.1.0/thumb/crtbegin.o
 .bss           0x00000000        0x0 /opt/devkitpro/devkitARM/bin/../lib/gcc/arm-none-eabi/13.1.0/thumb/crtbegin.o
 .rodata.all_implied_fbits
                0x00000000       0x24 /opt/devkitpro/devkitARM/bin/../lib/gcc/arm-none-eabi/13.1.0/thumb/crtbegin.o
 .data.__dso_handle
                0x00000000        0x4 /opt/devkitpro/devkitARM/bin/../lib/gcc/arm-none-eabi/13.1.0/thumb/crtbegin.o
 .text          0x00000000        0x0 _bn_audio_soundbank.bin.o
 .data          0x00000000        0x0 _bn_audio_soundbank.bin.o
 .bss           0x00000000        0x0 _bn_audio_soundbank.bin.o
 .text          0x00000000        0x0 card_back_bn_gfx.o
 .data          0x00000000        0x0 card_back_bn_gfx.o
 .bss           0x00000000        0x0 card_back_bn_gfx.o
 .text          0x00000000        0x0 cards_clubs_bn_gfx.o
 .data          0x00000000        0x0 cards_clubs_bn_gfx.o
 .bss           0x00000000        0x0 cards_clubs_bn_gfx.o
 .text          0x00000000        0x0 cards_diamond_bn_gfx.o
 .data          0x00000000        0x0 cards_diamond_bn_gfx.o
 .bss           0x00000000        0x0 cards_diamond_bn_gfx.o
 .text          0x00000000        0x0 cards_hearts_bn_gfx.o
 .data          0x00000000        0x0 cards_hearts_bn_gfx.o
 .bss           0x00000000        0x0 cards_hearts_bn_gfx.o
 .text          0x00000000        0x0 cards_spades_bn_gfx.o
 .data          0x00000000        0x0 cards_spades_bn_gfx.o
 .bss           0x00000000        0x0 cards_spades_bn_gfx.o
 .text          0x00000000        0x0 chip_margin_bn_gfx.o
 .data          0x00000000        0x0 chip_margin_bn_gfx.o
 .bss           0x00000000        0x0 chip_margin_bn_gfx.o
 .text          0x00000000        0x0 chips_bn_gfx.o
 .data          0x00000000        0x0 chips_bn_gfx.o
 .bss           0x00000000        0x0 chips_bn_gfx.o
[...]
Memory Configuration

Name             Origin             Length             Attributes
rom              0x08000000         0x02000000
iwram            0x03000000         0x00008000
ewram            0x02000000         0x00040000
*default*        0x00000000         0xffffffff

Linker script and memory map

                0x08000000                        __text_start = ORIGIN (rom)
                0x02040000                        __eheap_end = (ORIGIN (ewram) + LENGTH (ewram))
                0x03000000                        __iwram_start = ORIGIN (iwram)
                0x03008000                        __iwram_top = (ORIGIN (iwram) + LENGTH (iwram))
                0x03007fa0                        __sp_irq = (__iwram_top - 0x60)
                0x03007f00                        __sp_usr = (__sp_irq - 0xa0)
                0x03007ff8                        __irq_flags = 0x3007ff8
                0x08000000                        . = __text_start

.crt0           0x08000000      0x210
 *(.crt0)
 .crt0          0x08000000      0x210 /opt/devkitpro/devkitARM/bin/../lib/gcc/arm-none-eabi/13.1.0/../../../../arm-none-eabi/lib/thumb/gba_crt0.o
                0x08000000                _start
                0x080000c4                __boot_method
                0x080000c5                __slave_number
                0x080000e0                start_vector
                0x08000210                        . = ALIGN (0x4)

.init           0x08000210        0xc
 *(SORT_NONE(.init))
 .init          0x08000210        0x4 /opt/devkitpro/devkitARM/bin/../lib/gcc/arm-none-eabi/13.1.0/thumb/crti.o
                0x08000210                _init
 .init          0x08000214        0x8 /opt/devkitpro/devkitARM/bin/../lib/gcc/arm-none-eabi/13.1.0/thumb/crtn.o

.plt            0x0800021c        0x0
 *(.plt)
                0x0800021c                        . = ALIGN (0x4)

.text           0x08000220    0x16ce8
 *(EXCLUDE_FILE(*.iwram*) .text*)
 .text.__do_global_dtors_aux
                0x08000220       0x2c /opt/devkitpro/devkitARM/bin/../lib/gcc/arm-none-eabi/13.1.0/thumb/crtbegin.o
 .text.frame_dummy
                0x0800024c       0x24 /opt/devkitpro/devkitARM/bin/../lib/gcc/arm-none-eabi/13.1.0/thumb/crtbegin.o
 .text._ZN12_GLOBAL__N_116show_player_handER4CardRN2bn10sprite_ptrEii.constprop.0
                0x08000270       0x94 main.o
 .text._ZN2bn11string_viewC2EPKc
                0x08000304       0x1c main.o
                0x08000304                bn::string_view::string_view(char const*)
                0x08000304                bn::string_view::string_view(char const*)
 .text._ZN3_bn6assert9show_argsIJA16_ciA4_ciEEEvPKcS5_S5_iDpRKT_
                0x08000320       0x6c main.o
                0x08000320                void _bn::assert::show_args<char [16], int, char [4], int>(char const*, char const*, char const*, int, char const (&) [16], int const&, char const (&) [4], int const&)
 .text._ZN4Deck4dealEv
                0x0800038c       0x68 main.o
                0x0800038c                Deck::deal()
 .text._ZN4Deck7shuffleEv
                0x080003f4       0x94 main.o
                0x080003f4                Deck::shuffle()
 .text._ZN3_bn6assert9show_argsIA15_cEEvPKcS4_S4_iRKT_
                0x08000488       0x50 main.o
                0x08000488                void _bn::assert::show_args<char [15]>(char const*, char const*, char const*, int, char const (&) [15])
 .text._ZN5Table9dealHandsEv
                0x080004d8       0x74 main.o
                0x080004d8                Table::dealHands()
 .text._ZN4DeckC2Ev
                0x0800054c       0x38 main.o
                0x0800054c                Deck::Deck()
                0x0800054c                Deck::Deck()
 .text._ZN5TableC2E4Deck
                0x08000584       0x70 main.o
                0x08000584                Table::Table(Deck)
                0x08000584                Table::Table(Deck)
 .text._ZN12_GLOBAL__N_111deck_screenERN2bn21sprite_text_generatorE
                0x080005f4      0x3b8 main.o
 .text._ZN2bn7ivectorINS_10sprite_ptrEE5clearEv
                0x080009ac       0x28 main.o
                0x080009ac                bn::ivector<bn::sprite_ptr>::clear()
 .text.startup.main
                0x080009d4      0x3e8 main.o
                0x080009d4                main
 .text._ZN3_bn6assert9show_argsIA16_ciEEvPKcS4_S4_iRKT_RKT0_
                0x08000dbc       0x58 common_info.o
                0x08000dbc                void _bn::assert::show_args<char [16], int>(char const*, char const*, char const*, int, char const (&) [16], int const&)
 .text._ZN3_bn6assert9show_argsIA15_ciEEvPKcS4_S4_iRKT_RKT0_
                0x08000e14       0x58 common_stats.o
                0x08000e14                void _bn::assert::show_args<char [15], int>(char const*, char const*, char const*, int, char const (&) [15], int const&)
 .text._ZN2bn13ostringstream6appendILi12EEEvNS_7fixed_tIXT_EEE
                0x08000e6c       0xa0 common_stats.o
                0x08000e6c                void bn::ostringstream::append<12>(bn::fixed_t<12>)
 .text._ZN2bn13audio_manager4initEv
                0x08000f0c        0xc bn_audio_manager.o
                0x08000f0c                bn::audio_manager::init()
 .text._ZN2bn13audio_manager7disableEv
                0x08000f18        0xc bn_audio_manager.o
                0x08000f18                bn::audio_manager::disable()
 .text._ZN2bn13audio_manager22disable_vblank_handlerEv
                0x08000f24        0xc bn_audio_manager.o
                0x08000f24                bn::audio_manager::disable_vblank_handler()
 .text._ZN2bn13audio_manager6updateEv
                0x08000f30       0x18 bn_audio_manager.o
                0x08000f30                bn::audio_manager::update()
 .text._ZN2bn13audio_manager6commitEv
                0x08000f48        0xc bn_audio_manager.o
                0x08000f48                bn::audio_manager::commit()
 .text._ZN3_bn6assert9show_argsIA18_ciEEvPKcS4_S4_iRKT_RKT0_
                0x08000f54       0x58 bn_audio_manager.o
                0x08000f54                void _bn::assert::show_args<char [18], int>(char const*, char const*, char const*, int, char const (&) [18], int const&)
 .text._ZN3_bn6assert9show_argsIA14_ciEEvPKcS4_S4_iRKT_RKT0_
                0x08000fac       0x58 bn_audio_manager.o
                0x08000fac                void _bn::assert::show_args<char [14], int>(char const*, char const*, char const*, int, char const (&) [14], int const&)
 .text._ZN2bn13audio_manager16execute_commandsEv
                0x08001004      0x274 bn_audio_manager.o
                0x08001004                bn::audio_manager::execute_commands()
 .text._ZN3_bn6assert9show_argsIA26_ciEEvPKcS4_S4_iRKT_RKT0_
                0x08001278       0x58 bn_audio_manager.o
                0x08001278                void _bn::assert::show_args<char [26], int>(char const*, char const*, char const*, int, char const (&) [26], int const&)
 .text._ZN3_bn6assert9show_argsIA33_cEEvPKcS4_S4_iRKT_
                0x080012d0       0x50 bn_audio_manager.o
                0x080012d0                void _bn::assert::show_args<char [33]>(char const*, char const*, char const*, int, char const (&) [33])
 .text._ZN3_bn6assert9show_argsIA25_cEEvPKcS4_S4_iRKT_
                0x08001320       0x50 bn_audio_manager.o
                0x08001320                void _bn::assert::show_args<char [25]>(char const*, char const*, char const*, int, char const (&) [25])
 .text._ZN2bn13audio_manager10stop_musicEv
                0x08001370       0x70 bn_audio_manager.o
                0x08001370                bn::audio_manager::stop_music()
 .text._ZN2bn13audio_manager4stopEv
                0x080013e0       0x60 bn_audio_manager.o
                0x080013e0                bn::audio_manager::stop()
 .text._ZN2bn5music4stopEv
                0x08001440       0x70 bn_audio_manager.o
                0x08001440                bn::music::stop()
 .text._ZN3_bn6assert9show_argsIA24_cEEvPKcS4_S4_iRKT_
                0x080014b0       0x50 bn_audio_manager.o
                0x080014b0                void _bn::assert::show_args<char [24]>(char const*, char const*, char const*, int, char const (&) [24])
 .text._ZN3_bn6assert9show_argsIA25_cN2bn7fixed_tILi12EEEEEvPKcS7_S7_iRKT_RKT0_
                0x08001500       0x58 bn_audio_manager.o
                0x08001500                void _bn::assert::show_args<char [25], bn::fixed_t<12> >(char const*, char const*, char const*, int, char const (&) [25], bn::fixed_t<12> const&)
 .text._ZNK2bn10music_item4playENS_7fixed_tILi12EEE
                0x08001558       0xa8 bn_audio_manager.o
                0x08001558                bn::music_item::play(bn::fixed_t<12>) const
 .text._ZN3_bn6assert9show_argsIA27_cN2bn7fixed_tILi12EEEEEvPKcS7_S7_iRKT_RKT0_
                0x08001600       0x58 bn_audio_manager.o
                0x08001600                void _bn::assert::show_args<char [27], bn::fixed_t<12> >(char const*, char const*, char const*, int, char const (&) [27], bn::fixed_t<12> const&)
 .text.startup._GLOBAL__sub_I__ZN2bn5audio16update_on_vblankEv
                0x08001658       0x40 bn_audio_manager.o
 .text._ZN3_bn6assert9show_argsIA23_cEEvPKcS4_S4_iRKT_
                0x08001698       0x50 bn_best_fit_allocator.o
                0x08001698                void _bn::assert::show_args<char [23]>(char const*, char const*, char const*, int, char const (&) [23])
 .text._ZN2bn18best_fit_allocatorD2Ev
                0x080016e8       0x34 bn_best_fit_allocator.o
                0x080016e8                bn::best_fit_allocator::~best_fit_allocator()
                0x080016e8                bn::best_fit_allocator::~best_fit_allocator()
 .text._ZN3_bn6assert9show_argsIA20_ciEEvPKcS4_S4_iRKT_RKT0_
                0x0800171c       0x58 bn_best_fit_allocator.o
                0x0800171c                void _bn::assert::show_args<char [20], int>(char const*, char const*, char const*, int, char const (&) [20], int const&)
 .text._ZN3_bn6assert9show_argsIA14_cEEvPKcS4_S4_iRKT_
                0x08001774       0x50 bn_best_fit_allocator.o
                0x08001774                void _bn::assert::show_args<char [14]>(char const*, char const*, char const*, int, char const (&) [14])
 .text._ZN3_bn6assert9show_argsIA21_cEEvPKcS4_S4_iRKT_
                0x080017c4       0x50 bn_best_fit_allocator.o
                0x080017c4                void _bn::assert::show_args<char [21]>(char const*, char const*, char const*, int, char const (&) [21])
 .text._ZN2bn18best_fit_allocator5resetEPvi
                0x08001814       0xc4 bn_best_fit_allocator.o
                0x08001814                bn::best_fit_allocator::reset(void*, int)
 .text._ZN2bn17bg_blocks_manager12_GLOBAL__N_125_regular_map_blocks_countEii
                0x080018d8       0x38 bn_bg_blocks_manager.o
 .text._ZN2bn13ostringstream11append_argsIiJA4_ctEEEvRKT_DpRKT0_.isra.0
                0x08001910       0x24 bn_bg_blocks_manager.o
 .text._ZN2bn13ostringstream11append_argsIiJA4_ciEEEvRKT_DpRKT0_.isra.0
                0x08001934       0x24 bn_bg_blocks_manager.o
 .text._ZNK2bn18regular_bg_map_ptr2idEv
                0x08001958       0x18 bn_bg_blocks_manager.o
                0x08001958                bn::regular_bg_map_ptr::id() const
 .text._ZNK2bn18regular_bg_map_ptr10dimensionsEv
                0x08001970       0x20 bn_bg_blocks_manager.o
                0x08001970                bn::regular_bg_map_ptr::dimensions() const
 .text._ZNK2bn20regular_bg_tiles_ptr3cbbEv
                0x08001990       0x18 bn_bg_blocks_manager.o
                0x08001990                bn::regular_bg_tiles_ptr::cbb() const
 .text._ZNK2bn17affine_bg_map_ptr2idEv
                0x080019a8       0x18 bn_bg_blocks_manager.o
                0x080019a8                bn::affine_bg_map_ptr::id() const
 .text._ZNK2bn17affine_bg_map_ptr10dimensionsEv
                0x080019c0       0x20 bn_bg_blocks_manager.o
                0x080019c0                bn::affine_bg_map_ptr::dimensions() const
 .text._ZNK2bn19affine_bg_tiles_ptr3cbbEv
                0x080019e0       0x18 bn_bg_blocks_manager.o
                0x080019e0                bn::affine_bg_tiles_ptr::cbb() const
 .text._ZN2bn17bg_blocks_manager10log_statusEv
                0x080019f8      0x3f8 bn_bg_blocks_manager.o
                0x080019f8                bn::bg_blocks_manager::log_status()
 .text._ZN2bn17bg_blocks_manager15decrease_usagesEi
                0x08001df0       0x98 bn_bg_blocks_manager.o
                0x08001df0                bn::bg_blocks_manager::decrease_usages(int)
 .text._ZN2bn18regular_bg_map_ptrD2Ev
                0x08001e88       0x18 bn_bg_blocks_manager.o
                0x08001e88                bn::regular_bg_map_ptr::~regular_bg_map_ptr()
                0x08001e88                bn::regular_bg_map_ptr::~regular_bg_map_ptr()
 .text._ZN2bn17affine_bg_map_ptrD2Ev
                0x08001ea0       0x18 bn_bg_blocks_manager.o
                0x08001ea0                bn::affine_bg_map_ptr::~affine_bg_map_ptr()
                0x08001ea0                bn::affine_bg_map_ptr::~affine_bg_map_ptr()
 .text._ZN2bn17bg_blocks_manager12_GLOBAL__N_110items_list12insert_afterEiRKNS1_9item_typeE.constprop.0
                0x08001eb8      0x250 bn_bg_blocks_manager.o
 .text._ZN2bn17bg_blocks_manager4initEv
                0x08002108       0x7c bn_bg_blocks_manager.o
                0x08002108                bn::bg_blocks_manager::init()
 .text._ZN2bn17bg_blocks_manager11must_commitEi
                0x08002184       0x18 bn_bg_blocks_manager.o
                0x08002184                bn::bg_blocks_manager::must_commit(int)
 .text._ZN3_bn6assert9show_argsIA27_ciEEvPKcS4_S4_iRKT_RKT0_
                0x0800219c       0x58 bn_bg_blocks_manager.o
                0x0800219c                void _bn::assert::show_args<char [27], int>(char const*, char const*, char const*, int, char const (&) [27], int const&)
 .text._ZN3_bn6assert9show_argsIJA22_ciA4_ciEEEvPKcS5_S5_iDpRKT_
                0x080021f4       0x5c bn_bg_blocks_manager.o
                0x080021f4                void _bn::assert::show_args<char [22], int, char [4], int>(char const*, char const*, char const*, int, char const (&) [22], int const&, char const (&) [4], int const&)
 .text._ZN3_bn6assert9show_argsIJA58_ciA4_ciEEEvPKcS5_S5_iDpRKT_
                0x08002250       0x5c bn_bg_blocks_manager.o
                0x08002250                void _bn::assert::show_args<char [58], int, char [4], int>(char const*, char const*, char const*, int, char const (&) [58], int const&, char const (&) [4], int const&)
 .text._ZN3_bn6assert9show_argsIA22_ciEEvPKcS4_S4_iRKT_RKT0_
                0x080022ac       0x58 bn_bg_blocks_manager.o
                0x080022ac                void _bn::assert::show_args<char [22], int>(char const*, char const*, char const*, int, char const (&) [22], int const&)
 .text._ZN3_bn6assert9show_argsIJA44_cPKtA4_cS4_EEEvPKcS7_S7_iDpRKT_
                0x08002304       0x6c bn_bg_blocks_manager.o
                0x08002304                void _bn::assert::show_args<char [44], unsigned short const*, char [4], unsigned short const*>(char const*, char const*, char const*, int, char const (&) [44], unsigned short const* const&, char const (&) [4], unsigned short const* const&)
 .text._ZN3_bn6assert9show_argsIJA46_ciA4_ciEEEvPKcS5_S5_iDpRKT_
                0x08002370       0x5c bn_bg_blocks_manager.o
                0x08002370                void _bn::assert::show_args<char [46], int, char [4], int>(char const*, char const*, char const*, int, char const (&) [46], int const&, char const (&) [4], int const&)
 .text._ZN3_bn6assert9show_argsIJA37_cbA4_cbEEEvPKcS5_S5_iDpRKT_
                0x080023cc       0x84 bn_bg_blocks_manager.o
                0x080023cc                void _bn::assert::show_args<char [37], bool, char [4], bool>(char const*, char const*, char const*, int, char const (&) [37], bool const&, char const (&) [4], bool const&)
 .text._ZN3_bn6assert9show_argsIA19_cEEvPKcS4_S4_iRKT_
                0x08002450       0x50 bn_bg_blocks_manager.o
                0x08002450                void _bn::assert::show_args<char [19]>(char const*, char const*, char const*, int, char const (&) [19])
 .text._ZN2bn17bg_blocks_manager12_GLOBAL__N_116_find_tiles_implEPKtNS_16compression_typeEib
                0x080024a0      0x1d8 bn_bg_blocks_manager.o
 .text._ZN3_bn6assert9show_argsIJA34_ciA4_ctEEEvPKcS5_S5_iDpRKT_
                0x08002678       0x5c bn_bg_blocks_manager.o
                0x08002678                void _bn::assert::show_args<char [34], int, char [4], unsigned short>(char const*, char const*, char const*, int, char const (&) [34], int const&, char const (&) [4], unsigned short const&)
 .text._ZN3_bn6assert9show_argsIJA36_ciA4_ctEEEvPKcS5_S5_iDpRKT_
                0x080026d4       0x5c bn_bg_blocks_manager.o
                0x080026d4                void _bn::assert::show_args<char [36], int, char [4], unsigned short>(char const*, char const*, char const*, int, char const (&) [36], int const&, char const (&) [4], unsigned short const&)
 .text._ZN3_bn6assert9show_argsIJA54_ciA4_ciEEEvPKcS5_S5_iDpRKT_
                0x08002730       0x5c bn_bg_blocks_manager.o
                0x08002730                void _bn::assert::show_args<char [54], int, char [4], int>(char const*, char const*, char const*, int, char const (&) [54], int const&, char const (&) [4], int const&)
 .text._ZN3_bn6assert9show_argsIA22_cEEvPKcS4_S4_iRKT_
                0x0800278c       0x50 bn_bg_blocks_manager.o
                0x0800278c                void _bn::assert::show_args<char [22]>(char const*, char const*, char const*, int, char const (&) [22])
 .text._ZNK2bn18regular_bg_map_ptr5tilesEv
                0x080027dc       0x48 bn_bg_blocks_manager.o
                0x080027dc                bn::regular_bg_map_ptr::tiles() const
 .text._ZNK2bn17affine_bg_map_ptr5tilesEv
                0x08002824       0x48 bn_bg_blocks_manager.o
                0x08002824                bn::affine_bg_map_ptr::tiles() const
 .text._ZNK2bn18regular_bg_map_ptr3bppEv
                0x0800286c       0x4c bn_bg_blocks_manager.o
                0x0800286c                bn::regular_bg_map_ptr::bpp() const
 .text._ZN2bn17bg_blocks_manager21update_affine_map_rowEiii
                0x080028b8      0x104 bn_bg_blocks_manager.o
                0x080028b8                bn::bg_blocks_manager::update_affine_map_row(int, int, int)
 .text._ZN2bn17bg_blocks_manager23set_affine_map_positionEiii
                0x080029bc      0x1c4 bn_bg_blocks_manager.o
                0x080029bc                bn::bg_blocks_manager::set_affine_map_position(int, int, int)
 .text._ZN2bn17bg_blocks_manager21update_affine_map_colEiii
                0x08002b80      0x224 bn_bg_blocks_manager.o
                0x08002b80                bn::bg_blocks_manager::update_affine_map_col(int, int, int)
 .text._ZN2bn17bg_blocks_manager22update_regular_map_colEiii
                0x08002da4      0x174 bn_bg_blocks_manager.o
                0x08002da4                bn::bg_blocks_manager::update_regular_map_col(int, int, int)
 .text._ZN2bn17bg_blocks_manager22update_regular_map_rowEiii
                0x08002f18      0x14c bn_bg_blocks_manager.o
                0x08002f18                bn::bg_blocks_manager::update_regular_map_row(int, int, int)
 .text._ZN2bn17bg_blocks_manager24set_regular_map_positionEiii
                0x08003064      0x1d4 bn_bg_blocks_manager.o
                0x08003064                bn::bg_blocks_manager::set_regular_map_position(int, int, int)
 .text._ZN2bn17bg_blocks_manager12_GLOBAL__N_112_commit_itemERKNS1_9item_typeE
                0x08003238      0x2b8 bn_bg_blocks_manager.o
 .text._ZN2bn17bg_blocks_manager6commitEv
                0x080034f0       0x40 bn_bg_blocks_manager.o
                0x080034f0                bn::bg_blocks_manager::commit()
 .text._ZN2bn17bg_blocks_manager21set_regular_map_tilesEiONS_20regular_bg_tiles_ptrE
                0x08003530      0x25c bn_bg_blocks_manager.o
                0x08003530                bn::bg_blocks_manager::set_regular_map_tiles(int, bn::regular_bg_tiles_ptr&&)
 .text._ZN2bn17bg_blocks_manager23set_regular_map_paletteEiONS_14bg_palette_ptrE
                0x0800378c      0x224 bn_bg_blocks_manager.o
                0x0800378c                bn::bg_blocks_manager::set_regular_map_palette(int, bn::bg_palette_ptr&&)
 .text._ZN3_bn6assert9show_argsIJA34_ciA4_ciEEEvPKcS5_S5_iDpRKT_
                0x080039b0       0x5c bn_bg_blocks_manager.o
                0x080039b0                void _bn::assert::show_args<char [34], int, char [4], int>(char const*, char const*, char const*, int, char const (&) [34], int const&, char const (&) [4], int const&)
 .text._ZN3_bn6assert9show_argsIJA38_ciA4_ciEEEvPKcS5_S5_iDpRKT_
                0x08003a0c       0x5c bn_bg_blocks_manager.o
                0x08003a0c                void _bn::assert::show_args<char [38], int, char [4], int>(char const*, char const*, char const*, int, char const (&) [38], int const&, char const (&) [4], int const&)
 .text._ZN3_bn6assert9show_argsIJA32_cA15_cPKtA16_ciA17_ciA34_cN2bn11string_viewEEEEvPKcSC_SC_iDpRKT_
                0x08003a68       0x94 bn_bg_blocks_manager.o
                0x08003a68                void _bn::assert::show_args<char [32], char [15], unsigned short const*, char [16], int, char [17], int, char [34], bn::string_view>(char const*, char const*, char const*, int, char const (&) [32], char const (&) [15], unsigned short const* const&, char const (&) [16], int const&, char const (&) [17], int const&, char const (&) [34], bn::string_view const&)
 .text._ZN3_bn6assert9show_argsIA26_cEEvPKcS4_S4_iRKT_
                0x08003afc       0x50 bn_bg_blocks_manager.o
                0x08003afc                void _bn::assert::show_args<char [26]>(char const*, char const*, char const*, int, char const (&) [26])
 .text._ZN3_bn6assert9show_argsIA46_cEEvPKcS4_S4_iRKT_
                0x08003b4c       0x50 bn_bg_blocks_manager.o
                0x08003b4c                void _bn::assert::show_args<char [46]>(char const*, char const*, char const*, int, char const (&) [46])
 .text._ZN3_bn6assert9show_argsIJA30_cA13_cPKtA14_ciA15_ciA17_ciA34_cN2bn11string_viewEEEEvPKcSD_SD_iDpRKT_
                0x08003b9c       0xa8 bn_bg_blocks_manager.o
                0x08003b9c                void _bn::assert::show_args<char [30], char [13], unsigned short const*, char [14], int, char [15], int, char [17], int, char [34], bn::string_view>(char const*, char const*, char const*, int, char const (&) [30], char const (&) [13], unsigned short const* const&, char const (&) [14], int const&, char const (&) [15], int const&, char const (&) [17], int const&, char const (&) [34], bn::string_view const&)
 .text._ZN3_bn6assert9show_argsIA31_cEEvPKcS4_S4_iRKT_
                0x08003c44       0x50 bn_bg_blocks_manager.o
                0x08003c44                void _bn::assert::show_args<char [31]>(char const*, char const*, char const*, int, char const (&) [31])
 .text._ZN3_bn6assert9show_argsIA17_cEEvPKcS4_S4_iRKT_
                0x08003c94       0x50 bn_bg_blocks_manager.o
                0x08003c94                void _bn::assert::show_args<char [17]>(char const*, char const*, char const*, int, char const (&) [17])
 .text._ZN3_bn6assert9show_argsIJA37_ciA4_ciEEEvPKcS5_S5_iDpRKT_
                0x08003ce4       0x5c bn_bg_blocks_manager.o
                0x08003ce4                void _bn::assert::show_args<char [37], int, char [4], int>(char const*, char const*, char const*, int, char const (&) [37], int const&, char const (&) [4], int const&)
 .text._ZN2bn17bg_blocks_manager33set_regular_map_tiles_and_paletteEiONS_20regular_bg_tiles_ptrEONS_14bg_palette_ptrE
                0x08003d40      0x2e8 bn_bg_blocks_manager.o
                0x08003d40                bn::bg_blocks_manager::set_regular_map_tiles_and_palette(int, bn::regular_bg_tiles_ptr&&, bn::bg_palette_ptr&&)
 .text._ZN2bn17bg_blocks_manager12_GLOBAL__N_122_find_regular_map_implERKNS_19regular_bg_map_itemERKNS_20regular_bg_tiles_ptrERKNS_14bg_palette_ptrE
                0x08004028      0x380 bn_bg_blocks_manager.o
 .text._ZN3_bn6assert9show_argsIA39_ciEEvPKcS4_S4_iRKT_RKT0_
                0x080043a8       0x58 bn_bg_blocks_manager.o
                0x080043a8                void _bn::assert::show_args<char [39], int>(char const*, char const*, char const*, int, char const (&) [39], int const&)
 .text._ZN3_bn6assert9show_argsIA25_ciEEvPKcS4_S4_iRKT_RKT0_
                0x08004400       0x58 bn_bg_blocks_manager.o
                0x08004400                void _bn::assert::show_args<char [25], int>(char const*, char const*, char const*, int, char const (&) [25], int const&)
 .text._ZN2bn14iunordered_mapIPKviNS_17bg_blocks_manager12_GLOBAL__N_115identity_hasherENS_8equal_toIS2_EEE5eraseERKNS8_14const_iteratorE.constprop.0.isra.0
                0x08004458      0x1a4 bn_bg_blocks_manager.o
 .text._ZN2bn17bg_blocks_manager12_GLOBAL__N_121_remove_adjacent_itemEiRNS1_9item_typeE
                0x080045fc       0xcc bn_bg_blocks_manager.o
 .text._ZN2bn17bg_blocks_manager6updateEv
                0x080046c8      0x200 bn_bg_blocks_manager.o
                0x080046c8                bn::bg_blocks_manager::update()
 .text._ZN2bn17bg_blocks_manager12_GLOBAL__N_112_create_itemEiibONS1_11create_dataE
                0x080048c8      0x524 bn_bg_blocks_manager.o
 .text._ZN2bn17bg_blocks_manager12_GLOBAL__N_112_create_implEONS1_11create_dataE
                0x08004dec      0x1fc bn_bg_blocks_manager.o
 .text._ZN2bn17bg_blocks_manager20create_regular_tilesERKNS_21regular_bg_tiles_itemEb
                0x08004fe8      0x148 bn_bg_blocks_manager.o
                0x08004fe8                bn::bg_blocks_manager::create_regular_tiles(bn::regular_bg_tiles_item const&, bool)
 .text._ZN2bn17bg_blocks_manager18create_regular_mapERKNS_19regular_bg_map_itemEONS_20regular_bg_tiles_ptrEONS_14bg_palette_ptrEb
                0x08005130      0x27c bn_bg_blocks_manager.o
                0x08005130                bn::bg_blocks_manager::create_regular_map(bn::regular_bg_map_item const&, bn::regular_bg_tiles_ptr&&, bn::bg_palette_ptr&&, bool)
 .text._ZN2bn18regular_bg_map_ptr6createERKNS_15regular_bg_itemE
                0x080053ac       0x50 bn_bg_blocks_manager.o
                0x080053ac                bn::regular_bg_map_ptr::create(bn::regular_bg_item const&)
 .text.startup._GLOBAL__sub_I__ZN2bn7bg_maps16used_cells_countEv
                0x080053fc       0x98 bn_bg_blocks_manager.o
 .text.exit._GLOBAL__sub_D__ZN2bn7bg_maps16used_cells_countEv
                0x08005494       0x50 bn_bg_blocks_manager.o
 .text._ZN2bn11bgs_manager12_GLOBAL__N_129_check_unique_regular_big_mapERNS1_9item_typeE
                0x080054e4       0x68 bn_bgs_manager.o
 .text._ZN2bn11bgs_manager12_GLOBAL__N_133_update_item_hw_affine_attributesERKNS1_9item_typeE
                0x0800554c       0x48 bn_bgs_manager.o
 .text._ZN2bn13ostringstream11append_argsIiJA4_ciEEEvRKT_DpRKT0_.isra.0
                0x08005594       0x24 bn_bgs_manager.o
 .text._ZN2bn11bgs_manager5hw_idEPv
                0x080055b8        0x8 bn_bgs_manager.o
                0x080055b8                bn::bgs_manager::hw_id(void*)
 .text._ZN2bn11bgs_manager11hw_positionEPv
                0x080055c0        0x4 bn_bgs_manager.o
                0x080055c0                bn::bgs_manager::hw_position(void*)
 .text._ZN2bn11bgs_manager14mat_attributesEPv
                0x080055c4        0x4 bn_bgs_manager.o
                0x080055c4                bn::bgs_manager::mat_attributes(void*)
 .text._ZN2bn11bgs_manager20update_windows_flagsEPj
                0x080055c8       0x7c bn_bgs_manager.o
                0x080055c8                bn::bgs_manager::update_windows_flags(unsigned int*)
 .text._ZN2bn11bgs_manager28update_regular_map_tiles_cbbEii
                0x08005644       0xa8 bn_bgs_manager.o
                0x08005644                bn::bgs_manager::update_regular_map_tiles_cbb(int, int)
 .text._ZN2bn11bgs_manager30update_regular_map_palette_bppEiNS_8bpp_modeE
                0x080056ec       0xac bn_bgs_manager.o
                0x080056ec                bn::bgs_manager::update_regular_map_palette_bpp(int, bn::bpp_mode)
 .text._ZN2bn11bgs_manager36fill_hblank_effect_regular_positionsEiPKNS_7fixed_tILi12EEEPt
                0x08005798       0x38 bn_bgs_manager.o
                0x08005798                bn::bgs_manager::fill_hblank_effect_regular_positions(int, bn::fixed_t<12> const*, unsigned short*)
 .text._ZN2bn11bgs_manager45fill_hblank_effect_pivot_horizontal_positionsEPvPKNS_7fixed_tILi12EEEPj
                0x080057d0       0x24 bn_bgs_manager.o
                0x080057d0                bn::bgs_manager::fill_hblank_effect_pivot_horizontal_positions(void*, bn::fixed_t<12> const*, unsigned int*)
 .text._ZN2bn11bgs_manager43fill_hblank_effect_pivot_vertical_positionsEPvPKNS_7fixed_tILi12EEEPj
                0x080057f4       0x24 bn_bgs_manager.o
                0x080057f4                bn::bgs_manager::fill_hblank_effect_pivot_vertical_positions(void*, bn::fixed_t<12> const*, unsigned int*)
 .text._ZN2bn11bgs_manager6commitEb
                0x08005818       0x58 bn_bgs_manager.o
                0x08005818                bn::bgs_manager::commit(bool)
 .text._ZN2bn11bgs_manager4stopEv
                0x08005870       0x28 bn_bgs_manager.o
                0x08005870                bn::bgs_manager::stop()
 .text._ZN3_bn6assert9show_argsIA17_ciEEvPKcS4_S4_iRKT_RKT0_
                0x08005898       0x58 bn_bgs_manager.o
                0x08005898                void _bn::assert::show_args<char [17], int>(char const*, char const*, char const*, int, char const (&) [17], int const&)
 .text._ZN3_bn6assert9show_argsIA30_cEEvPKcS4_S4_iRKT_
                0x080058f0       0x50 bn_bgs_manager.o
                0x080058f0                void _bn::assert::show_args<char [30]>(char const*, char const*, char const*, int, char const (&) [30])
 .text._ZN3_bn6assert9show_argsIJA60_ciA4_ciEEEvPKcS5_S5_iDpRKT_
                0x08005940       0x5c bn_bgs_manager.o
                0x08005940                void _bn::assert::show_args<char [60], int, char [4], int>(char const*, char const*, char const*, int, char const (&) [60], int const&, char const (&) [4], int const&)
 .text._ZN3_bn6assert9show_argsIJA59_ciA4_ciEEEvPKcS5_S5_iDpRKT_
                0x0800599c       0x5c bn_bgs_manager.o
                0x0800599c                void _bn::assert::show_args<char [59], int, char [4], int>(char const*, char const*, char const*, int, char const (&) [59], int const&, char const (&) [4], int const&)
 .text._ZN3_bn6assert9show_argsIJA57_ciA4_ciEEEvPKcS5_S5_iDpRKT_
                0x080059f8       0x5c bn_bgs_manager.o
                0x080059f8                void _bn::assert::show_args<char [57], int, char [4], int>(char const*, char const*, char const*, int, char const (&) [57], int const&, char const (&) [4], int const&)
 .text._ZN2bn11bgs_manager14update_camerasEv
                0x08005a54      0x2b4 bn_bgs_manager.o
                0x08005a54                bn::bgs_manager::update_cameras()
 .text._ZN3_bn6assert9show_argsIA27_cEEvPKcS4_S4_iRKT_
                0x08005d08       0x50 bn_bgs_manager.o
                0x08005d08                void _bn::assert::show_args<char [27]>(char const*, char const*, char const*, int, char const (&) [27])
 .text._ZN2bn11bgs_manager15rebuild_handlesEv.part.0
                0x08005d58      0x198 bn_bgs_manager.o
 .text._ZN3_bn6assert9show_argsIA38_cN2bn7fixed_tILi12EEEEEvPKcS7_S7_iRKT_RKT0_
                0x08005ef0       0x58 bn_bgs_manager.o
                0x08005ef0                void _bn::assert::show_args<char [38], bn::fixed_t<12> >(char const*, char const*, char const*, int, char const (&) [38], bn::fixed_t<12> const&)
 .text._ZN2bn18regular_bg_builder11release_mapEv
                0x08005f48       0x78 bn_bgs_manager.o
                0x08005f48                bn::regular_bg_builder::release_map()
 .text._ZN2bn11bgs_manager37fill_hblank_effect_regular_attributesEPvPKNS_21regular_bg_attributesEPt
                0x08005fc0      0x100 bn_bgs_manager.o
                0x08005fc0                bn::bgs_manager::fill_hblank_effect_regular_attributes(void*, bn::regular_bg_attributes const*, unsigned short*)
 .text._ZN2bn11bgs_manager6updateEv
                0x080060c0      0x1d0 bn_bgs_manager.o
                0x080060c0                bn::bgs_manager::update()
 .text._ZN2bn11bgs_manager15commit_big_mapsEv
                0x08006290      0x1d4 bn_bgs_manager.o
                0x08006290                bn::bgs_manager::commit_big_maps()
 .text._ZN2bn11bgs_manager36fill_hblank_effect_affine_attributesEPvPKNS_20affine_bg_attributesEPt
                0x08006464      0x104 bn_bgs_manager.o
                0x08006464                bn::bgs_manager::fill_hblank_effect_affine_attributes(void*, bn::affine_bg_attributes const*, unsigned short*)
 .text._ZN2bn11bgs_manager12_GLOBAL__N_19item_type18update_regular_mapEv
                0x08006568      0x230 bn_bgs_manager.o
 .text._ZN2bn11bgs_manager10affine_mapEPv
                0x08006798       0x34 bn_bgs_manager.o
                0x08006798                bn::bgs_manager::affine_map(void*)
 .text._ZN2bn11bgs_manager11regular_mapEPv
                0x080067cc       0x34 bn_bgs_manager.o
                0x080067cc                bn::bgs_manager::regular_map(void*)
 .text._ZN2bn11bgs_manager12_GLOBAL__N_112_insert_itemERNS1_9item_typeE
                0x08006800      0x10c bn_bgs_manager.o
 .text._ZN3_bn6assert9show_argsIA13_cEEvPKcS4_S4_iRKT_
                0x0800690c       0x50 bn_bgs_manager.o
                0x0800690c                void _bn::assert::show_args<char [13]>(char const*, char const*, char const*, int, char const (&) [13])
 .text._ZN2bn11bgs_manager6createEONS_18regular_bg_builderE
                0x0800695c      0x1d4 bn_bgs_manager.o
                0x0800695c                bn::bgs_manager::create(bn::regular_bg_builder&&)
 .text._ZNK2bn15regular_bg_item9create_bgENS_7fixed_tILi12EEES2_
                0x08006b30       0x74 bn_bgs_manager.o
                0x08006b30                bn::regular_bg_item::create_bg(bn::fixed_t<12>, bn::fixed_t<12>) const
 .text._ZN3_bn6assert9show_argsIJA23_ciA4_ciEEEvPKcS5_S5_iDpRKT_
                0x08006ba4       0x5c bn_bgs_manager.o
                0x08006ba4                void _bn::assert::show_args<char [23], int, char [4], int>(char const*, char const*, char const*, int, char const (&) [23], int const&, char const (&) [4], int const&)
 .text._ZN2bn5eraseIPNS_11bgs_manager12_GLOBAL__N_19item_typeEEENS_7ivectorIT_E9size_typeERS7_RKS6_.constprop.0.isra.0
                0x08006c00      0x13c bn_bgs_manager.o
 .text._ZN2bn11bgs_manager15decrease_usagesEPv
                0x08006d3c       0xa8 bn_bgs_manager.o
                0x08006d3c                bn::bgs_manager::decrease_usages(void*)
 .text._ZN2bn14regular_bg_ptrD2Ev
                0x08006de4       0x18 bn_bgs_manager.o
                0x08006de4                bn::regular_bg_ptr::~regular_bg_ptr()
                0x08006de4                bn::regular_bg_ptr::~regular_bg_ptr()
 .text.startup._GLOBAL__sub_I__ZN2bn3bgs16used_items_countEv
                0x08006dfc       0x80 bn_bgs_manager.o
 .text.exit._GLOBAL__sub_D__ZN2bn3bgs16used_items_countEv
                0x08006e7c       0x14 bn_bgs_manager.o
 .text._ZN2bn10camera_ptrD2Ev
                0x08006e90       0x38 bn_cameras_manager.o
                0x08006e90                bn::camera_ptr::~camera_ptr()
                0x08006e90                bn::camera_ptr::~camera_ptr()
 .text._ZNK2bn10camera_ptr8positionEv
                0x08006ec8       0x14 bn_cameras_manager.o
                0x08006ec8                bn::camera_ptr::position() const
 .text._ZN2bn15cameras_manager4initEv
                0x08006edc       0x10 bn_cameras_manager.o
                0x08006edc                bn::cameras_manager::init()
 .text._ZN2bn15cameras_manager6updateEv
                0x08006eec       0x28 bn_cameras_manager.o
                0x08006eec                bn::cameras_manager::update()
 .text._ZN2bn4core12_GLOBAL__N_14stopEb.constprop.0
                0x08006f14       0x54 bn_core.o
 .text._ZN2bn4core12_GLOBAL__N_111update_implEv
                0x08006f68       0xd8 bn_core.o
 .text._ZN2bn4core6updateEv
                0x08007040       0x68 bn_core.o
                0x08007040                bn::core::update()
 .text._ZN2bn4core4initERKNS_11string_viewE
                0x080070a8       0x94 bn_core.o
                0x080070a8                bn::core::init(bn::string_view const&)
 .text._ZN2bn4core4initEv
                0x0800713c       0x18 bn_core.o
                0x0800713c                bn::core::init()
 .text._ZN2bn4core9on_vblankEv
                0x08007154       0x2c bn_core.o
                0x08007154                bn::core::on_vblank()
 .text._ZN3_bn6assert4showEPKcS2_S2_iRKN2bn12istring_baseE
                0x08007180       0x80 bn_core.o
                0x08007180                _bn::assert::show(char const*, char const*, char const*, int, bn::istring_base const&)
 .text.startup._GLOBAL__sub_I__ZN2bn4core4initEv
                0x08007200       0x44 bn_core.o
 .text._ZN2bn15display_manager12_GLOBAL__N_134_update_rect_windows_hw_boundariesEi
                0x08007244       0x84 bn_display_manager.o
 .text._ZN2bn14sprites_mosaic18horizontal_stretchEv
                0x080072c8        0xc bn_display_manager.o
                0x080072c8                bn::sprites_mosaic::horizontal_stretch()
 .text._ZN2bn15display_manager4initEv
                0x080072d4       0x40 bn_display_manager.o
                0x080072d4                bn::display_manager::init()
 .text._ZN2bn15display_manager8set_modeEi
                0x08007314       0x1c bn_display_manager.o
                0x08007314                bn::display_manager::set_mode(int)
 .text._ZN2bn15display_manager14set_bg_enabledEib
                0x08007330       0x1c bn_display_manager.o
                0x08007330                bn::display_manager::set_bg_enabled(int, bool)
 .text._ZN2bn15display_manager15disable_all_bgsEv
                0x0800734c       0x18 bn_display_manager.o
                0x0800734c                bn::display_manager::disable_all_bgs()
 .text._ZN2bn15display_manager36fill_mosaic_hblank_effect_attributesEPKNS_17mosaic_attributesEPt
                0x08007364       0xb4 bn_display_manager.o
                0x08007364                bn::display_manager::fill_mosaic_hblank_effect_attributes(bn::mosaic_attributes const*, unsigned short*)
 .text._ZN2bn15display_manager23set_blending_bg_enabledEib
                0x08007418       0x1c bn_display_manager.o
                0x08007418                bn::display_manager::set_blending_bg_enabled(int, bool)
 .text._ZN2bn15display_manager32blending_transparency_top_weightEv
                0x08007434       0x18 bn_display_manager.o
                0x08007434                bn::display_manager::blending_transparency_top_weight()
 .text._ZN2bn15display_manager35blending_transparency_bottom_weightEv
                0x0800744c       0x28 bn_display_manager.o
                0x0800744c                bn::display_manager::blending_transparency_bottom_weight()
 .text._ZN2bn15display_manager51fill_blending_transparency_hblank_effect_attributesEPKNS_32blending_transparency_attributesEPt
                0x08007474       0x30 bn_display_manager.o
                0x08007474                bn::display_manager::fill_blending_transparency_hblank_effect_attributes(bn::blending_transparency_attributes const*, unsigned short*)
 .text._ZN2bn15display_manager21blending_fade_enabledEv
                0x080074a4        0xc bn_display_manager.o
                0x080074a4                bn::display_manager::blending_fade_enabled()
 .text._ZN2bn15display_manager39fill_blending_fade_hblank_effect_alphasEPKNS_19blending_fade_alphaEPt
                0x080074b0       0x24 bn_display_manager.o
                0x080074b0                bn::display_manager::fill_blending_fade_hblank_effect_alphas(bn::blending_fade_alpha const*, unsigned short*)
 .text._ZN2bn15display_manager26update_windows_visible_bgsEv
                0x080074d4       0x14 bn_display_manager.o
                0x080074d4                bn::display_manager::update_windows_visible_bgs()
 .text._ZN2bn15display_manager36rect_window_hw_horizontal_boundariesEi
                0x080074e8       0x14 bn_display_manager.o
                0x080074e8                bn::display_manager::rect_window_hw_horizontal_boundaries(int)
 .text._ZN2bn15display_manager34rect_window_hw_vertical_boundariesEi
                0x080074fc       0x14 bn_display_manager.o
                0x080074fc                bn::display_manager::rect_window_hw_vertical_boundaries(int)
 .text._ZN2bn15display_manager52fill_rect_window_hblank_effect_horizontal_boundariesERKNS_4pairIiiEEPKNS1_INS_7fixed_tILi12EEES6_EEPt
                0x08007510      0x13c bn_display_manager.o
                0x08007510                bn::display_manager::fill_rect_window_hblank_effect_horizontal_boundaries(bn::pair<int, int> const&, bn::pair<bn::fixed_t<12>, bn::fixed_t<12> > const*, unsigned short*)
 .text._ZN2bn15display_manager50fill_rect_window_hblank_effect_vertical_boundariesERKNS_4pairIiiEEPKNS1_INS_7fixed_tILi12EEES6_EEPt
                0x0800764c      0x13c bn_display_manager.o
                0x0800764c                bn::display_manager::fill_rect_window_hblank_effect_vertical_boundaries(bn::pair<int, int> const&, bn::pair<bn::fixed_t<12>, bn::fixed_t<12> > const*, unsigned short*)
 .text._ZN2bn15display_manager36fill_green_swap_hblank_effect_statesEPKbPt
                0x08007788       0x38 bn_display_manager.o
                0x08007788                bn::display_manager::fill_green_swap_hblank_effect_states(bool const*, unsigned short*)
 .text._ZN2bn15display_manager14update_camerasEv
                0x080077c0       0x40 bn_display_manager.o
                0x080077c0                bn::display_manager::update_cameras()
 .text._ZN2bn15display_manager6updateEv
                0x08007800      0x1f8 bn_display_manager.o
                0x08007800                bn::display_manager::update()
 .text._ZN2bn15display_manager6commitEv
                0x080079f8      0x160 bn_display_manager.o
                0x080079f8                bn::display_manager::commit()
 .text._ZN2bn15display_manager4stopEv
                0x08007b58       0x2c bn_display_manager.o
                0x08007b58                bn::display_manager::stop()
 .text._ZN3_bn6assert9show_argsIA66_cEEvPKcS4_S4_iRKT_
                0x08007b84       0x50 bn_display_manager.o
                0x08007b84                void _bn::assert::show_args<char [66]>(char const*, char const*, char const*, int, char const (&) [66])
 .text._ZN3_bn6assert9show_argsIA18_cN2bn7fixed_tILi12EEEEEvPKcS7_S7_iRKT_RKT0_
                0x08007bd4       0x58 bn_display_manager.o
                0x08007bd4                void _bn::assert::show_args<char [18], bn::fixed_t<12> >(char const*, char const*, char const*, int, char const (&) [18], bn::fixed_t<12> const&)
 .text._ZN2bn14sprites_mosaic11set_stretchENS_7fixed_tILi12EEE
                0x08007c2c       0x70 bn_display_manager.o
                0x08007c2c                bn::sprites_mosaic::set_stretch(bn::fixed_t<12>)
 .text.startup._GLOBAL__sub_I__ZNK2bn6window7show_bgERKNS_14regular_bg_ptrE
                0x08007c9c       0x7c bn_display_manager.o
 .text.exit._GLOBAL__sub_D__ZNK2bn6window7show_bgERKNS_14regular_bg_ptrE
                0x08007d18       0x38 bn_display_manager.o
 .text._ZN2bn18igeneric_pool_baseC2EPci
                0x08007d50       0x10 bn_generic_pool.o
                0x08007d50                bn::igeneric_pool_base::igeneric_pool_base(char*, int)
                0x08007d50                bn::igeneric_pool_base::igeneric_pool_base(char*, int)
 .text._ZN2bn18igeneric_pool_base5_freeEPc
                0x08007d60       0x10 bn_generic_pool.o
                0x08007d60                bn::igeneric_pool_base::_free(char*)
 .text._ZN3_bn6assert9show_argsIA18_cEEvPKcS4_S4_iRKT_
                0x08007d70       0x50 bn_generic_pool.o
                0x08007d70                void _bn::assert::show_args<char [18]>(char const*, char const*, char const*, int, char const (&) [18])
 .text._ZN2bn18igeneric_pool_baseD2Ev
                0x08007dc0       0x30 bn_generic_pool.o
                0x08007dc0                bn::igeneric_pool_base::~igeneric_pool_base()
                0x08007dc0                bn::igeneric_pool_base::~igeneric_pool_base()
 .text._ZN2bn18igeneric_pool_base9_allocateEv
                0x08007df0       0x48 bn_generic_pool.o
                0x08007df0                bn::igeneric_pool_base::_allocate()
 .text._ZN2bn12gpio_manager6commitEv
                0x08007e38       0x48 bn_gpio_manager.o
                0x08007e38                bn::gpio_manager::commit()
 .text._ZN2bn12gpio_manager4stopEv
                0x08007e80       0x3c bn_gpio_manager.o
                0x08007e80                bn::gpio_manager::stop()
 .text._ZN2bn22hblank_effects_manager12_GLOBAL__N_19item_type18_output_values_ptrEv
                0x08007ebc       0x40 bn_hblank_effects_manager.o
 .text._ZN2bn22hblank_effects_manager7disableEv
                0x08007efc       0x24 bn_hblank_effects_manager.o
                0x08007efc                bn::hblank_effects_manager::disable()
 .text._ZN2bn22hblank_effects_manager6commitEv
                0x08007f20       0x74 bn_hblank_effects_manager.o
                0x08007f20                bn::hblank_effects_manager::commit()
 .text._ZN2bn22hblank_effects_manager12_GLOBAL__N_110_is_uint32ENS0_12handler_typeE
                0x08007f94       0x64 bn_hblank_effects_manager.o
 .text._ZN2bn22hblank_effects_manager12_GLOBAL__N_19item_type12check_updateEv
                0x08007ff8     0x15f8 bn_hblank_effects_manager.o
 .text._ZN2bn22hblank_effects_manager6updateEv
                0x080095f0      0x1ec bn_hblank_effects_manager.o
                0x080095f0                bn::hblank_effects_manager::update()
 .text._ZN2bn22hblank_effects_manager4initEv
                0x080097dc       0xd4 bn_hblank_effects_manager.o
                0x080097dc                bn::hblank_effects_manager::init()
 .text.startup._GLOBAL__sub_I__ZN2bn4hbes10used_countEv
                0x080098b0       0xe8 bn_hblank_effects_manager.o
 .text._ZN2bn12hdma_manager7disableEv
                0x08009998       0x30 bn_hdma_manager.o
                0x08009998                bn::hdma_manager::disable()
 .text._ZN2bn12hdma_manager10force_stopEv
                0x080099c8       0x3c bn_hdma_manager.o
                0x080099c8                bn::hdma_manager::force_stop()
 .text._ZN2bn12hdma_manager6updateEv
                0x08009a04       0x6c bn_hdma_manager.o
                0x08009a04                bn::hdma_manager::update()
 .text._ZN2bn12hdma_manager6commitEb
                0x08009a70      0x118 bn_hdma_manager.o
                0x08009a70                bn::hdma_manager::commit(bool)
 .text.startup._GLOBAL__sub_I__ZN2bn4hdma7runningEv
                0x08009b88       0x34 bn_hdma_manager.o
 .text._ZN2bn6keypad9a_pressedEv
                0x08009bbc       0x10 bn_keypad_manager.o
                0x08009bbc                bn::keypad::a_pressed()
 .text._ZN2bn6keypad13start_pressedEv
                0x08009bcc       0x10 bn_keypad_manager.o
                0x08009bcc                bn::keypad::start_pressed()
 .text._ZN2bn6keypad10right_heldEv
                0x08009bdc       0x10 bn_keypad_manager.o
                0x08009bdc                bn::keypad::right_held()
 .text._ZN2bn6keypad9left_heldEv
                0x08009bec       0x10 bn_keypad_manager.o
                0x08009bec                bn::keypad::left_held()
 .text._ZN2bn6keypad7up_heldEv
                0x08009bfc       0x10 bn_keypad_manager.o
                0x08009bfc                bn::keypad::up_held()
 .text._ZN2bn6keypad10up_pressedEv
                0x08009c0c       0x10 bn_keypad_manager.o
                0x08009c0c                bn::keypad::up_pressed()
 .text._ZN2bn6keypad9down_heldEv
                0x08009c1c       0x10 bn_keypad_manager.o
                0x08009c1c                bn::keypad::down_held()
 .text._ZN2bn6keypad12down_pressedEv
                0x08009c2c       0x10 bn_keypad_manager.o
                0x08009c2c                bn::keypad::down_pressed()
 .text._ZN2bn6keypad11any_pressedEv
                0x08009c3c       0x10 bn_keypad_manager.o
                0x08009c3c                bn::keypad::any_pressed()
 .text._ZN2bn14keypad_manager4stopEv
                0x08009c4c        0x4 bn_keypad_manager.o
                0x08009c4c                bn::keypad_manager::stop()
 .text._ZN3_bn6assert9show_argsIJA19_ciA4_ciEEEvPKcS5_S5_iDpRKT_
                0x08009c50       0x6c bn_keypad_manager.o
                0x08009c50                void _bn::assert::show_args<char [19], int, char [4], int>(char const*, char const*, char const*, int, char const (&) [19], int const&, char const (&) [4], int const&)
 .text._ZN2bn14keypad_manager6updateEv
                0x08009cbc       0xa8 bn_keypad_manager.o
                0x08009cbc                bn::keypad_manager::update()
 .text._ZN3_bn6assert9show_argsIA24_ciEEvPKcS4_S4_iRKT_RKT0_
                0x08009d64       0x58 bn_keypad_manager.o
                0x08009d64                void _bn::assert::show_args<char [24], int>(char const*, char const*, char const*, int, char const (&) [24], int const&)
 .text._ZN2bn14keypad_manager4initERKNS_11string_viewE
                0x08009dbc       0x58 bn_keypad_manager.o
                0x08009dbc                bn::keypad_manager::init(bn::string_view const&)
 .text._ZN3_bn6assert9show_argsIA16_cEEvPKcS4_S4_iRKT_
                0x08009e14       0x50 bn_keypad_manager.o
                0x08009e14                void _bn::assert::show_args<char [16]>(char const*, char const*, char const*, int, char const (&) [16])
 .text._ZN2bn12link_manager4initEv
                0x08009e64        0xc bn_link_manager.o
                0x08009e64                bn::link_manager::init()
 .text._ZN2bn12link_manager6activeEv
                0x08009e70        0xc bn_link_manager.o
                0x08009e70                bn::link_manager::active()
 .text._ZN2bn12link_manager7disableEv
                0x08009e7c       0x18 bn_link_manager.o
                0x08009e7c                bn::link_manager::disable()
 .text._ZN3_bn6assert9show_argsIA28_ciEEvPKcS4_S4_iRKT_RKT0_
                0x08009e94       0x58 bn_link_manager.o
                0x08009e94                void _bn::assert::show_args<char [28], int>(char const*, char const*, char const*, int, char const (&) [28], int const&)
 .text._ZN2bn3logERKNS_12istring_baseE
                0x08009eec        0xc bn_log.o
                0x08009eec                bn::log(bn::istring_base const&)
 .text._ZN2bn14memory_manager4initEv
                0x08009ef8       0x20 bn_memory_manager.o
                0x08009ef8                bn::memory_manager::init()
 .text.exit._GLOBAL__sub_D__Znwj
                0x08009f18       0x14 bn_memory_manager.o
 .text._ZN2bn2hw8palettes9grayscaleEPKNS_5colorEiiPS2_.part.0
                0x08009f2c       0x40 bn_palettes_manager.o
 .text._ZN2bn11bg_palettes21set_transparent_colorENS_5colorE
                0x08009f6c       0x40 bn_palettes_manager.o
                0x08009f6c                bn::bg_palettes::set_transparent_color(bn::color)
 .text._ZN2bn14bg_palette_ptrC2ERKS0_
                0x08009fac       0x2c bn_palettes_manager.o
                0x08009fac                bn::bg_palette_ptr::bg_palette_ptr(bn::bg_palette_ptr const&)
                0x08009fac                bn::bg_palette_ptr::bg_palette_ptr(bn::bg_palette_ptr const&)
 .text._ZNK2bn14bg_palette_ptr3bppEv
                0x08009fd8       0x20 bn_palettes_manager.o
                0x08009fd8                bn::bg_palette_ptr::bpp() const
 .text._ZN2bn18sprite_palette_ptrC2ERKS0_
                0x08009ff8       0x1c bn_palettes_manager.o
                0x08009ff8                bn::sprite_palette_ptr::sprite_palette_ptr(bn::sprite_palette_ptr const&)
                0x08009ff8                bn::sprite_palette_ptr::sprite_palette_ptr(bn::sprite_palette_ptr const&)
 .text._ZNK2bn18sprite_palette_ptr3bppEv
                0x0800a014       0x1c bn_palettes_manager.o
                0x0800a014                bn::sprite_palette_ptr::bpp() const
 .text._ZNK2bn13palettes_bank10log_statusEv
                0x0800a030      0x178 bn_palettes_manager.o
                0x0800a030                bn::palettes_bank::log_status() const
 .text._ZNK2bn13palettes_bank20retrieve_commit_dataEv
                0x0800a1a8       0x4c bn_palettes_manager.o
                0x0800a1a8                bn::palettes_bank::retrieve_commit_data() const
 .text._ZNK2bn13palettes_bank12_same_colorsERKNS_4spanIKNS_5colorEEEi
                0x0800a1f4       0x50 bn_palettes_manager.o
                0x0800a1f4                bn::palettes_bank::_same_colors(bn::span<bn::color const> const&, int) const
 .text._ZN2bn13palettes_bank10find_bpp_4ERKNS_4spanIKNS_5colorEEEt
                0x0800a244       0xdc bn_palettes_manager.o
                0x0800a244                bn::palettes_bank::find_bpp_4(bn::span<bn::color const> const&, unsigned short)
 .text._ZNK2bn13palettes_bank21_apply_global_effectsEiPNS_5colorE
                0x0800a320      0x13c bn_palettes_manager.o
                0x0800a320                bn::palettes_bank::_apply_global_effects(int, bn::color*) const
 .text._ZNK2bn13palettes_bank25fill_hblank_effect_colorsEPKNS_5colorEPt
                0x0800a45c       0x30 bn_palettes_manager.o
                0x0800a45c                bn::palettes_bank::fill_hblank_effect_colors(bn::color const*, unsigned short*) const
 .text._ZNK2bn13palettes_bank7palette13apply_effectsEiPNS_5colorE
                0x0800a48c       0xbc bn_palettes_manager.o
                0x0800a48c                bn::palettes_bank::palette::apply_effects(int, bn::color*) const
 .text._ZNK2bn13palettes_bank25fill_hblank_effect_colorsEiPKNS_5colorEPt
                0x0800a548       0x44 bn_palettes_manager.o
                0x0800a548                bn::palettes_bank::fill_hblank_effect_colors(int, bn::color const*, unsigned short*) const
 .text._ZN2bn13palettes_bank15_update_paletteEi
                0x0800a58c       0x6c bn_palettes_manager.o
                0x0800a58c                bn::palettes_bank::_update_palette(int)
 .text._ZN2bn13palettes_bank6updateEv
                0x0800a5f8      0x124 bn_palettes_manager.o
                0x0800a5f8                bn::palettes_bank::update()
 .text._ZN2bn13palettes_bankC2Ev
                0x0800a71c       0xcc bn_palettes_manager.o
                0x0800a71c                bn::palettes_bank::palettes_bank()
                0x0800a71c                bn::palettes_bank::palettes_bank()
 .text._ZN2bn16palettes_manager20sprite_palettes_bankEv
                0x0800a7e8        0x8 bn_palettes_manager.o
                0x0800a7e8                bn::palettes_manager::sprite_palettes_bank()
 .text._ZN2bn16palettes_manager16bg_palettes_bankEv
                0x0800a7f0        0x8 bn_palettes_manager.o
                0x0800a7f0                bn::palettes_manager::bg_palettes_bank()
 .text._ZN2bn16palettes_manager6updateEv
                0x0800a7f8       0x20 bn_palettes_manager.o
                0x0800a7f8                bn::palettes_manager::update()
 .text._ZN2bn16palettes_manager6commitEb
                0x0800a818       0xf4 bn_palettes_manager.o
                0x0800a818                bn::palettes_manager::commit(bool)
 .text._ZN2bn16palettes_manager4stopEv
                0x0800a90c       0x20 bn_palettes_manager.o
                0x0800a90c                bn::palettes_manager::stop()
 .text._ZN3_bn6assert9show_argsIA35_cEEvPKcS4_S4_iRKT_
                0x0800a92c       0x50 bn_palettes_manager.o
                0x0800a92c                void _bn::assert::show_args<char [35]>(char const*, char const*, char const*, int, char const (&) [35])
 .text._ZN2bn13palettes_bank11colors_hashERKNS_4spanIKNS_5colorEEE
                0x0800a97c       0x50 bn_palettes_manager.o
                0x0800a97c                bn::palettes_bank::colors_hash(bn::span<bn::color const> const&)
 .text._ZN3_bn6assert9show_argsIJA43_ciA36_cA42_cEEEvPKcS6_S6_iDpRKT_
                0x0800a9cc       0x68 bn_palettes_manager.o
                0x0800a9cc                void _bn::assert::show_args<char [43], int, char [36], char [42]>(char const*, char const*, char const*, int, char const (&) [43], int const&, char const (&) [36], char const (&) [42])
 .text._ZN2bn13palettes_bank12create_bpp_8ERKNS_4spanIKNS_5colorEEENS_16compression_typeEb
                0x0800aa34      0x22c bn_palettes_manager.o
                0x0800aa34                bn::palettes_bank::create_bpp_8(bn::span<bn::color const> const&, bn::compression_type, bool)
 .text._ZNK2bn15bg_palette_item10decompressENS_4spanINS_5colorEEE
                0x0800ac60      0x16c bn_palettes_manager.o
                0x0800ac60                bn::bg_palette_item::decompress(bn::span<bn::color>) const
 .text._ZNK2bn19sprite_palette_item10decompressENS_4spanINS_5colorEEE
                0x0800adcc      0x16c bn_palettes_manager.o
                0x0800adcc                bn::sprite_palette_item::decompress(bn::span<bn::color>) const
 .text._ZN2bn13palettes_bank12create_bpp_4ERKNS_4spanIKNS_5colorEEEtb
                0x0800af38      0x298 bn_palettes_manager.o
                0x0800af38                bn::palettes_bank::create_bpp_4(bn::span<bn::color const> const&, unsigned short, bool)
 .text._ZN2bn12_GLOBAL__N_112_create_implERKNS_15bg_palette_itemEb
                0x0800b1d0       0x94 bn_palettes_manager.o
 .text._ZN2bn14bg_palette_ptr6createERKNS_15bg_palette_itemE
                0x0800b264       0x54 bn_palettes_manager.o
                0x0800b264                bn::bg_palette_ptr::create(bn::bg_palette_item const&)
 .text._ZNK2bn15bg_palette_item14create_paletteEv
                0x0800b2b8       0x10 bn_palettes_manager.o
                0x0800b2b8                bn::bg_palette_item::create_palette() const
 .text._ZN2bn12_GLOBAL__N_112_create_implERKNS_19sprite_palette_itemEb
                0x0800b2c8       0x7c bn_palettes_manager.o
 .text._ZNK2bn19sprite_palette_item14create_paletteEv
                0x0800b344       0x48 bn_palettes_manager.o
                0x0800b344                bn::sprite_palette_item::create_palette() const
 .text._ZN2bn14iunordered_mapItsNS_13palettes_bank15identity_hasherENS_8equal_toItEEE5eraseERKNS5_14const_iteratorE.isra.0
                0x0800b38c      0x170 bn_palettes_manager.o
 .text._ZN2bn13palettes_bank15decrease_usagesEi.part.0
                0x0800b4fc       0xdc bn_palettes_manager.o
 .text._ZN2bn14bg_palette_ptrD2Ev
                0x0800b5d8       0x3c bn_palettes_manager.o
                0x0800b5d8                bn::bg_palette_ptr::~bg_palette_ptr()
                0x0800b5d8                bn::bg_palette_ptr::~bg_palette_ptr()
 .text._ZN2bn18sprite_palette_ptrD2Ev
                0x0800b614       0x30 bn_palettes_manager.o
                0x0800b614                bn::sprite_palette_ptr::~sprite_palette_ptr()
                0x0800b614                bn::sprite_palette_ptr::~sprite_palette_ptr()
 .text._ZN2bn14bg_palette_ptraSERKS0_
                0x0800b644       0x5c bn_palettes_manager.o
                0x0800b644                bn::bg_palette_ptr::operator=(bn::bg_palette_ptr const&)
 .text.startup._GLOBAL__sub_I__ZN2bn11bg_palettes17used_colors_countEv
                0x0800b6a0       0x20 bn_palettes_manager.o
 .text._ZN2bn26sprite_affine_mats_manager12_GLOBAL__N_119_sprite_double_sizeILi32ELi16EEEbiiiii
                0x0800b6c0       0x84 bn_sprite_affine_mats_manager.o
 .text._ZN2bn26sprite_affine_mats_manager12_GLOBAL__N_119_sprite_double_sizeILi16ELi32EEEbiiiii
                0x0800b744       0x84 bn_sprite_affine_mats_manager.o
 .text._ZN2bn26sprite_affine_mats_manager12_GLOBAL__N_124_update_flipped_identityEi
                0x0800b7c8       0xb4 bn_sprite_affine_mats_manager.o
 .text._ZN2bn26sprite_affine_mats_manager12_GLOBAL__N_17_updateEi
                0x0800b87c       0x74 bn_sprite_affine_mats_manager.o
 .text._ZNK2bn21sprite_affine_mat_ptr15horizontal_flipEv
                0x0800b8f0       0x18 bn_sprite_affine_mats_manager.o
                0x0800b8f0                bn::sprite_affine_mat_ptr::horizontal_flip() const
 .text._ZNK2bn21sprite_affine_mat_ptr13vertical_flipEv
                0x0800b908       0x18 bn_sprite_affine_mats_manager.o
                0x0800b908                bn::sprite_affine_mat_ptr::vertical_flip() const
 .text._ZNK2bn21sprite_affine_mat_ptr16flipped_identityEv
                0x0800b920       0x14 bn_sprite_affine_mats_manager.o
                0x0800b920                bn::sprite_affine_mat_ptr::flipped_identity() const
 .text._ZN2bn26sprite_affine_mats_manager13attach_spriteEiRNS_24intrusive_list_node_typeE
                0x0800b934       0x2c bn_sprite_affine_mats_manager.o
                0x0800b934                bn::sprite_affine_mats_manager::attach_sprite(int, bn::intrusive_list_node_type&)
 .text._ZN2bn26sprite_affine_mats_manager18sprite_double_sizeEiRKNS_17sprite_shape_sizeE
                0x0800b960      0x1dc bn_sprite_affine_mats_manager.o
                0x0800b960                bn::sprite_affine_mats_manager::sprite_double_size(int, bn::sprite_shape_size const&)
 .text._ZN2bn26sprite_affine_mats_manager20retrieve_commit_dataEv
                0x0800bb3c       0x38 bn_sprite_affine_mats_manager.o
                0x0800bb3c                bn::sprite_affine_mats_manager::retrieve_commit_data()
 .text._ZN3_bn6assert9show_argsIA37_cEEvPKcS4_S4_iRKT_
                0x0800bb74       0x50 bn_sprite_affine_mats_manager.o
                0x0800bb74                void _bn::assert::show_args<char [37]>(char const*, char const*, char const*, int, char const (&) [37])
 .text._ZN2bn26sprite_affine_mats_manager18set_rotation_angleEiNS_7fixed_tILi12EEE
                0x0800bbc4      0x130 bn_sprite_affine_mats_manager.o
                0x0800bbc4                bn::sprite_affine_mats_manager::set_rotation_angle(int, bn::fixed_t<12>)
 .text._ZN2bn21sprite_affine_mat_ptr18set_rotation_angleENS_7fixed_tILi12EEE
                0x0800bcf4       0x14 bn_sprite_affine_mats_manager.o
                0x0800bcf4                bn::sprite_affine_mat_ptr::set_rotation_angle(bn::fixed_t<12>)
 .text._ZN2bn26sprite_affine_mats_manager9set_scaleEiNS_7fixed_tILi12EEES2_
                0x0800bd08      0x1a8 bn_sprite_affine_mats_manager.o
                0x0800bd08                bn::sprite_affine_mats_manager::set_scale(int, bn::fixed_t<12>, bn::fixed_t<12>)
 .text._ZN2bn21sprite_affine_mat_ptr9set_scaleENS_7fixed_tILi12EEES2_
                0x0800beb0       0x14 bn_sprite_affine_mats_manager.o
                0x0800beb0                bn::sprite_affine_mat_ptr::set_scale(bn::fixed_t<12>, bn::fixed_t<12>)
 .text._ZN2bn26sprite_affine_mats_manager12_GLOBAL__N_115_new_item_indexEv
                0x0800bec4       0xd8 bn_sprite_affine_mats_manager.o
 .text._ZN2bn26sprite_affine_mats_manager15create_optionalERKNS_21affine_mat_attributesE
                0x0800bf9c       0xf8 bn_sprite_affine_mats_manager.o
                0x0800bf9c                bn::sprite_affine_mats_manager::create_optional(bn::affine_mat_attributes const&)
 .text._ZN2bn21sprite_affine_mat_ptr6createERKNS_21affine_mat_attributesE
                0x0800c094       0x3c bn_sprite_affine_mats_manager.o
                0x0800c094                bn::sprite_affine_mat_ptr::create(bn::affine_mat_attributes const&)
 .text._ZN2bn26sprite_affine_mats_manager15decrease_usagesEi.part.0
                0x0800c0d0       0x68 bn_sprite_affine_mats_manager.o
 .text._ZN2bn21sprite_affine_mat_ptrD2Ev
                0x0800c138       0x34 bn_sprite_affine_mats_manager.o
                0x0800c138                bn::sprite_affine_mat_ptr::~sprite_affine_mat_ptr()
                0x0800c138                bn::sprite_affine_mat_ptr::~sprite_affine_mat_ptr()
 .text._ZN2bn26sprite_affine_mats_manager6updateEv
                0x0800c16c       0xa0 bn_sprite_affine_mats_manager.o
                0x0800c16c                bn::sprite_affine_mats_manager::update()
 .text._ZN2bn26sprite_affine_mats_manager4initEPv
                0x0800c20c       0x6c bn_sprite_affine_mats_manager.o
                0x0800c20c                bn::sprite_affine_mats_manager::init(void*)
 .text._ZN2bn26sprite_affine_mats_manager14dettach_spriteEiRNS_24intrusive_list_node_typeE
                0x0800c278       0x50 bn_sprite_affine_mats_manager.o
                0x0800c278                bn::sprite_affine_mats_manager::dettach_sprite(int, bn::intrusive_list_node_type&)
 .text.startup._GLOBAL__sub_I__ZN2bn18sprite_affine_mats10used_countEv
                0x0800c2c8       0x98 bn_sprite_affine_mats_manager.o
 .text.exit._GLOBAL__sub_D__ZN2bn18sprite_affine_mats10used_countEv
                0x0800c360       0x3c bn_sprite_affine_mats_manager.o
 .text._ZN2bn21sprite_text_generator5_initEv
                0x0800c39c      0x180 bn_sprite_text_generator.o
                0x0800c39c                bn::sprite_text_generator::_init()
 .text._ZN2bn21sprite_text_generatorC2ERKNS_11sprite_fontE
                0x0800c51c       0x2c bn_sprite_text_generator.o
                0x0800c51c                bn::sprite_text_generator::sprite_text_generator(bn::sprite_font const&)
                0x0800c51c                bn::sprite_text_generator::sprite_text_generator(bn::sprite_font const&)
 .text._ZN3_bn6assert9show_argsIA54_cEEvPKcS4_S4_iRKT_
                0x0800c548       0x50 bn_sprite_text_generator.o
                0x0800c548                void _bn::assert::show_args<char [54]>(char const*, char const*, char const*, int, char const (&) [54])
 .text._ZN3_bn6assert9show_argsIJA25_ciA4_ctEEEvPKcS5_S5_iDpRKT_
                0x0800c598       0x6c bn_sprite_text_generator.o
                0x0800c598                void _bn::assert::show_args<char [25], int, char [4], unsigned short>(char const*, char const*, char const*, int, char const (&) [25], int const&, char const (&) [4], unsigned short const&)
 .text._ZN2bn14utf8_characterC2ERKc
                0x0800c604      0x140 bn_sprite_text_generator.o
                0x0800c604                bn::utf8_character::utf8_character(char const&)
                0x0800c604                bn::utf8_character::utf8_character(char const&)
 .text._ZN2bn12_GLOBAL__N_115_graphics_indexEcRKNS_23utf8_characters_map_refEPKcRi.part.0
                0x0800c744       0x8c bn_sprite_text_generator.o
 .text._ZN3_bn6assert9show_argsIJA20_ccA9_cN2bn11string_viewEA2_cEEEvPKcS8_S8_iDpRKT_
                0x0800c7d0       0x70 bn_sprite_text_generator.o
                0x0800c7d0                void _bn::assert::show_args<char [20], char, char [9], bn::string_view, char [2]>(char const*, char const*, char const*, int, char const (&) [20], char const&, char const (&) [9], bn::string_view const&, char const (&) [2])
 .text._ZNK2bn21sprite_text_generator5widthERKNS_11string_viewE
                0x0800c840      0x244 bn_sprite_text_generator.o
                0x0800c840                bn::sprite_text_generator::width(bn::string_view const&) const
 .text._ZN3_bn6assert9show_argsIA55_cEEvPKcS4_S4_iRKT_
                0x0800ca84       0x50 bn_sprite_text_generator.o
                0x0800ca84                void _bn::assert::show_args<char [55]>(char const*, char const*, char const*, int, char const (&) [55])
 .text._ZN2bn12_GLOBAL__N_120_build_sprite_assertILNS_11sprite_sizeE2EEEPNS_4tileERKNS_21sprite_text_generatorERKNS_18sprite_palette_ptrERKNS_11fixed_pointERNS_7ivectorINS_10sprite_ptrEEE
                0x0800cad4      0x1b4 bn_sprite_text_generator.o
 .text._ZN2bn12_GLOBAL__N_120_build_sprite_assertILNS_11sprite_sizeE1EEEPNS_4tileERKNS_21sprite_text_generatorERKNS_18sprite_palette_ptrERKNS_11fixed_pointERNS_7ivectorINS_10sprite_ptrEEE
                0x0800cc88      0x1b4 bn_sprite_text_generator.o
 .text._ZN2bn12_GLOBAL__N_19_generateILb0EEEbRKNS_21sprite_text_generatorERKNS_11fixed_pointERKNS_11string_viewERKNS_23utf8_characters_map_refEiibRNS_7ivectorINS_10sprite_ptrEEE.isra.0
                0x0800ce3c     0x1120 bn_sprite_text_generator.o
 .text._ZNK2bn21sprite_text_generator8generateENS_7fixed_tILi12EEES2_RKNS_11string_viewERNS_7ivectorINS_10sprite_ptrEEE
                0x0800df5c       0x3c bn_sprite_text_generator.o
                0x0800df5c                bn::sprite_text_generator::generate(bn::fixed_t<12>, bn::fixed_t<12>, bn::string_view const&, bn::ivector<bn::sprite_ptr>&) const
 .text._ZNK2bn16sprite_tiles_ptr2idEv
                0x0800df98       0x18 bn_sprite_tiles_manager.o
                0x0800df98                bn::sprite_tiles_ptr::id() const
 .text._ZNK2bn16sprite_tiles_ptr11tiles_countEv
                0x0800dfb0       0x18 bn_sprite_tiles_manager.o
                0x0800dfb0                bn::sprite_tiles_ptr::tiles_count() const
 .text._ZN2bn20sprite_tiles_manager10log_statusEv
                0x0800dfc8      0x1ec bn_sprite_tiles_manager.o
                0x0800dfc8                bn::sprite_tiles_manager::log_status()
 .text._ZN2bn20sprite_tiles_manager19commit_uncompressedEb
                0x0800e1b4       0xdc bn_sprite_tiles_manager.o
                0x0800e1b4                bn::sprite_tiles_manager::commit_uncompressed(bool)
 .text._ZN2bn20sprite_tiles_manager17commit_compressedEv
                0x0800e290       0xe4 bn_sprite_tiles_manager.o
                0x0800e290                bn::sprite_tiles_manager::commit_compressed()
 .text._ZN3_bn6assert9show_argsIA27_chEEvPKcS4_S4_iRKT_RKT0_
                0x0800e374       0x58 bn_sprite_tiles_manager.o
                0x0800e374                void _bn::assert::show_args<char [27], unsigned char>(char const*, char const*, char const*, int, char const (&) [27], unsigned char const&)
 .text._ZN3_bn6assert9show_argsIJA44_cPKN2bn4tileEA4_cS6_EEEvPKcS9_S9_iDpRKT_
                0x0800e3cc       0x6c bn_sprite_tiles_manager.o
                0x0800e3cc                void _bn::assert::show_args<char [44], bn::tile const*, char [4], bn::tile const*>(char const*, char const*, char const*, int, char const (&) [44], bn::tile const* const&, char const (&) [4], bn::tile const* const&)
 .text._ZN3_bn6assert9show_argsIJA46_ciA4_cjEEEvPKcS5_S5_iDpRKT_
                0x0800e438       0x6c bn_sprite_tiles_manager.o
                0x0800e438                void _bn::assert::show_args<char [46], int, char [4], unsigned int>(char const*, char const*, char const*, int, char const (&) [46], int const&, char const (&) [4], unsigned int const&)
 .text._ZN3_bn6assert9show_argsIJA28_cA15_cPKN2bn4tileEA16_ciA34_cNS4_11string_viewEEEEvPKcSC_SC_iDpRKT_
                0x0800e4a4       0x84 bn_sprite_tiles_manager.o
                0x0800e4a4                void _bn::assert::show_args<char [28], char [15], bn::tile const*, char [16], int, char [34], bn::string_view>(char const*, char const*, char const*, int, char const (&) [28], char const (&) [15], bn::tile const* const&, char const (&) [16], int const&, char const (&) [34], bn::string_view const&)
 .text._ZN3_bn6assert9show_argsIJA44_ciA34_cN2bn11string_viewEEEEvPKcS7_S7_iDpRKT_
                0x0800e528       0x68 bn_sprite_tiles_manager.o
                0x0800e528                void _bn::assert::show_args<char [44], int, char [34], bn::string_view>(char const*, char const*, char const*, int, char const (&) [44], int const&, char const (&) [34], bn::string_view const&)
 .text._ZN2bn20sprite_tiles_manager4initEv
                0x0800e590       0xf4 bn_sprite_tiles_manager.o
                0x0800e590                bn::sprite_tiles_manager::init()
 .text._ZN2bn20sprite_tiles_manager12_GLOBAL__N_122_insert_to_commit_itemEiRNS1_9item_typeE.part.0
                0x0800e684       0x6c bn_sprite_tiles_manager.o
 .text._ZN2bn20sprite_tiles_manager12_GLOBAL__N_117_insert_free_itemEiPt
                0x0800e6f0       0xcc bn_sprite_tiles_manager.o
 .text._ZN2bn20sprite_tiles_manager12_GLOBAL__N_116_erase_free_itemEi
                0x0800e7bc       0xe4 bn_sprite_tiles_manager.o
 .text._ZN2bn20sprite_tiles_manager12_GLOBAL__N_121_erase_to_commit_itemEiRNS1_9item_typeE
                0x0800e8a0      0x100 bn_sprite_tiles_manager.o
 .text._ZN2bn20sprite_tiles_manager15decrease_usagesEi
                0x0800e9a0      0x134 bn_sprite_tiles_manager.o
                0x0800e9a0                bn::sprite_tiles_manager::decrease_usages(int)
 .text._ZN2bn16sprite_tiles_ptrD2Ev
                0x0800ead4       0x18 bn_sprite_tiles_manager.o
                0x0800ead4                bn::sprite_tiles_ptr::~sprite_tiles_ptr()
                0x0800ead4                bn::sprite_tiles_ptr::~sprite_tiles_ptr()
 .text._ZN2bn20sprite_tiles_manager12_GLOBAL__N_110_find_implEPKNS_4tileENS_16compression_typeEi
                0x0800eaec      0x28c bn_sprite_tiles_manager.o
 .text._ZN2bn20sprite_tiles_manager4vramEi
                0x0800ed78       0x4c bn_sprite_tiles_manager.o
                0x0800ed78                bn::sprite_tiles_manager::vram(int)
 .text._ZN2bn16sprite_tiles_ptr4vramEv
                0x0800edc4       0x14 bn_sprite_tiles_manager.o
                0x0800edc4                bn::sprite_tiles_ptr::vram()
 .text._ZN2bn14iunordered_mapIPKNS_4tileEiNS_4hashIS3_EENS_8equal_toIS3_EEE5eraseERKNS8_14const_iteratorE.isra.0
                0x0800edd8      0x178 bn_sprite_tiles_manager.o
 .text._ZN2bn20sprite_tiles_manager12_GLOBAL__N_112_create_itemEiPKNS_4tileENS_16compression_typeEib
                0x0800ef50      0x2ec bn_sprite_tiles_manager.o
 .text._ZN2bn20sprite_tiles_manager12_GLOBAL__N_114_allocate_implEi
                0x0800f23c       0xf8 bn_sprite_tiles_manager.o
 .text._ZN2bn20sprite_tiles_manager8allocateEiNS_8bpp_modeE
                0x0800f334       0xc0 bn_sprite_tiles_manager.o
                0x0800f334                bn::sprite_tiles_manager::allocate(int, bn::bpp_mode)
 .text._ZN2bn16sprite_tiles_ptr8allocateEiNS_8bpp_modeE
                0x0800f3f4       0x18 bn_sprite_tiles_manager.o
                0x0800f3f4                bn::sprite_tiles_ptr::allocate(int, bn::bpp_mode)
 .text._ZN2bn20sprite_tiles_manager6updateEv
                0x0800f40c      0x234 bn_sprite_tiles_manager.o
                0x0800f40c                bn::sprite_tiles_manager::update()
 .text._ZN2bn20sprite_tiles_manager12_GLOBAL__N_112_create_implEPKNS_4tileENS_16compression_typeEi
                0x0800f640      0x200 bn_sprite_tiles_manager.o
 .text._ZN2bn20sprite_tiles_manager6createERKNS_4spanIKNS_4tileEEENS_16compression_typeE
                0x0800f840      0x13c bn_sprite_tiles_manager.o
                0x0800f840                bn::sprite_tiles_manager::create(bn::span<bn::tile const> const&, bn::compression_type)
 .text._ZN2bn16sprite_tiles_ptr6createERKNS_17sprite_tiles_itemEi
                0x0800f97c       0xd4 bn_sprite_tiles_manager.o
                0x0800f97c                bn::sprite_tiles_ptr::create(bn::sprite_tiles_item const&, int)
 .text._ZNK2bn17sprite_tiles_item12create_tilesEv
                0x0800fa50       0x84 bn_sprite_tiles_manager.o
                0x0800fa50                bn::sprite_tiles_item::create_tiles() const
 .text._ZNK2bn17sprite_tiles_item12create_tilesEi
                0x0800fad4       0xd4 bn_sprite_tiles_manager.o
                0x0800fad4                bn::sprite_tiles_item::create_tiles(int) const
 .text.startup._GLOBAL__sub_I__ZN2bn12sprite_tiles16used_tiles_countEv
                0x0800fba8      0x11c bn_sprite_tiles_manager.o
 .text._ZN2bn15sprites_manager12_GLOBAL__N_132_always_update_indexes_to_commitERKNS_20sprites_manager_itemE
                0x0800fcc4       0x48 bn_sprites_manager.o
 .text._ZN2bn13ostringstream11append_argsIiJA4_ciEEEvRKT_DpRKT0_.isra.0
                0x0800fd0c       0x24 bn_sprites_manager.o
 .text._ZN2bn15sprites_manager12_GLOBAL__N_123_update_item_dimensionsERNS_20sprites_manager_itemE
                0x0800fd30       0xcc bn_sprites_manager.o
 .text._ZNK2bn10sprite_ptr1xEv
                0x0800fdfc        0x8 bn_sprites_manager.o
                0x0800fdfc                bn::sprite_ptr::x() const
 .text._ZN2bn10sprite_ptr5set_xENS_7fixed_tILi12EEE
                0x0800fe04       0x48 bn_sprites_manager.o
                0x0800fe04                bn::sprite_ptr::set_x(bn::fixed_t<12>)
 .text._ZNK2bn10sprite_ptr1yEv
                0x0800fe4c        0x8 bn_sprites_manager.o
                0x0800fe4c                bn::sprite_ptr::y() const
 .text._ZN2bn10sprite_ptr5set_yENS_7fixed_tILi12EEE
                0x0800fe54       0x48 bn_sprites_manager.o
                0x0800fe54                bn::sprite_ptr::set_y(bn::fixed_t<12>)
 .text._ZN2bn10sprite_ptr18set_mosaic_enabledEb
                0x0800fe9c       0x40 bn_sprites_manager.o
                0x0800fe9c                bn::sprite_ptr::set_mosaic_enabled(bool)
 .text._ZN2bn15sprites_manager4initEv
                0x0800fedc       0x34 bn_sprites_manager.o
                0x0800fedc                bn::sprites_manager::init()
 .text._ZN2bn15sprites_manager5hw_idEPv
                0x0800ff10        0x8 bn_sprites_manager.o
                0x0800ff10                bn::sprites_manager::hw_id(void*)
 .text._ZN2bn15sprites_manager5shapeEPv
                0x0800ff18        0x8 bn_sprites_manager.o
                0x0800ff18                bn::sprites_manager::shape(void*)
 .text._ZN2bn15sprites_manager4sizeEPv
                0x0800ff20        0x8 bn_sprites_manager.o
                0x0800ff20                bn::sprites_manager::size(void*)
 .text._ZN2bn15sprites_manager10shape_sizeEPv
                0x0800ff28       0x14 bn_sprites_manager.o
                0x0800ff28                bn::sprites_manager::shape_size(void*)
 .text._ZN2bn15sprites_manager11hw_positionEPv
                0x0800ff3c        0x4 bn_sprites_manager.o
                0x0800ff3c                bn::sprites_manager::hw_position(void*)
 .text._ZN2bn15sprites_manager9view_modeEPv
                0x0800ff40        0xc bn_sprites_manager.o
                0x0800ff40                bn::sprites_manager::view_mode(void*)
 .text._ZN2bn15sprites_manager10affine_matEPv
                0x0800ff4c        0x4 bn_sprites_manager.o
                0x0800ff4c                bn::sprites_manager::affine_mat(void*)
 .text._ZN2bn15sprites_manager22reserved_handles_countEv
                0x0800ff50       0x10 bn_sprites_manager.o
                0x0800ff50                bn::sprites_manager::reserved_handles_count()
 .text._ZN2bn15sprites_manager39fill_hblank_effect_horizontal_positionsEPviPKNS_7fixed_tILi12EEEPt
                0x0800ff60       0x44 bn_sprites_manager.o
                0x0800ff60                bn::sprites_manager::fill_hblank_effect_horizontal_positions(void*, int, bn::fixed_t<12> const*, unsigned short*)
 .text._ZN2bn15sprites_manager37fill_hblank_effect_vertical_positionsEPviPKNS_7fixed_tILi12EEEPt
                0x0800ffa4       0x44 bn_sprites_manager.o
                0x0800ffa4                bn::sprites_manager::fill_hblank_effect_vertical_positions(void*, int, bn::fixed_t<12> const*, unsigned short*)
 .text._ZN2bn15sprites_manager35fill_hblank_effect_first_attributesEiNS_12sprite_shapeENS_8bpp_modeEiPKNS_23sprite_first_attributesEPt
                0x0800ffe8      0x108 bn_sprites_manager.o
                0x0800ffe8                bn::sprites_manager::fill_hblank_effect_first_attributes(int, bn::sprite_shape, bn::bpp_mode, int, bn::sprite_first_attributes const*, unsigned short*)
 .text._ZN2bn15sprites_manager44fill_hblank_effect_regular_second_attributesEPviNS_11sprite_sizeEPKNS_32sprite_regular_second_attributesEPt
                0x080100f0       0x60 bn_sprites_manager.o
                0x080100f0                bn::sprites_manager::fill_hblank_effect_regular_second_attributes(void*, int, bn::sprite_size, bn::sprite_regular_second_attributes const*, unsigned short*)
 .text._ZN2bn15sprites_manager43fill_hblank_effect_affine_second_attributesEPviNS_11sprite_sizeEPKNS_31sprite_affine_second_attributesEPt
                0x08010150       0x58 bn_sprites_manager.o
                0x08010150                bn::sprites_manager::fill_hblank_effect_affine_second_attributes(void*, int, bn::sprite_size, bn::sprite_affine_second_attributes const*, unsigned short*)
 .text._ZN2bn15sprites_manager14update_camerasEv
                0x080101a8       0x20 bn_sprites_manager.o
                0x080101a8                bn::sprites_manager::update_cameras()
 .text._ZN2bn15sprites_manager29update_affine_mat_double_sizeEPvi
                0x080101c8       0x64 bn_sprites_manager.o
                0x080101c8                bn::sprites_manager::update_affine_mat_double_size(void*, int)
 .text._ZN2bn15sprites_manager6commitEb
                0x0801022c       0xa4 bn_sprites_manager.o
                0x0801022c                bn::sprites_manager::commit(bool)
 .text._ZNK2bn17sprite_shape_size11tiles_countENS_8bpp_modeE.isra.0
                0x080102d0      0x150 bn_sprites_manager.o
 .text._ZN2bn15sprites_manager12_GLOBAL__N_118_remove_affine_matERNS_20sprites_manager_itemE
                0x08010420       0xe8 bn_sprites_manager.o
 .text._ZN2bn15sprites_manager40remove_identity_affine_mat_if_not_neededEPv
                0x08010508       0x18 bn_sprites_manager.o
                0x08010508                bn::sprites_manager::remove_identity_affine_mat_if_not_needed(void*)
 .text._ZN2bn14sprite_builder15release_paletteEv
                0x08010520       0x78 bn_sprites_manager.o
                0x08010520                bn::sprite_builder::release_palette()
 .text._ZN2bn14sprite_builder13release_tilesEv
                0x08010598       0x78 bn_sprites_manager.o
                0x08010598                bn::sprite_builder::release_tiles()
 .text._ZN2bn15sprites_manager7paletteEPv
                0x08010610       0x34 bn_sprites_manager.o
                0x08010610                bn::sprites_manager::palette(void*)
 .text._ZN2bn20sprites_manager_item13_builder_initERKNS_14sprite_builderE
                0x08010644      0x36c bn_sprites_manager.o
                0x08010644                bn::sprites_manager_item::_builder_init(bn::sprite_builder const&)
 .text._ZNK2bn20sprites_manager_item15new_double_sizeEi.part.0
                0x080109b0       0x30 bn_sprites_manager.o
 .text._ZN2bn15sprites_manager12_GLOBAL__N_118_assign_affine_matEbRNS_20sprites_manager_itemEONS_21sprite_affine_mat_ptrE
                0x080109e0      0x11c bn_sprites_manager.o
 .text._ZN2bn15sprites_manager18set_new_affine_matEPvRNS_21affine_mat_attributesE
                0x08010afc       0x94 bn_sprites_manager.o
                0x08010afc                bn::sprites_manager::set_new_affine_mat(void*, bn::affine_mat_attributes&)
 .text._ZN2bn14sprite_builder11set_z_orderEi
                0x08010b90       0x48 bn_sprites_manager.o
                0x08010b90                bn::sprite_builder::set_z_order(int)
 .text._ZN2bn14sprite_builderC2ERKNS_17sprite_shape_sizeENS_16sprite_tiles_ptrENS_18sprite_palette_ptrE
                0x08010bd8      0x128 bn_sprites_manager.o
                0x08010bd8                bn::sprite_builder::sprite_builder(bn::sprite_shape_size const&, bn::sprite_tiles_ptr, bn::sprite_palette_ptr)
                0x08010bd8                bn::sprite_builder::sprite_builder(bn::sprite_shape_size const&, bn::sprite_tiles_ptr, bn::sprite_palette_ptr)
 .text._ZN2bn15sprites_manager9set_tilesEPvONS_16sprite_tiles_ptrE
                0x08010d00      0x138 bn_sprites_manager.o
                0x08010d00                bn::sprites_manager::set_tiles(void*, bn::sprite_tiles_ptr&&)
 .text._ZN2bn10sprite_ptr9set_tilesEONS_16sprite_tiles_ptrE
                0x08010e38       0x10 bn_sprites_manager.o
                0x08010e38                bn::sprite_ptr::set_tiles(bn::sprite_tiles_ptr&&)
 .text._ZN2bn14sprite_builder15set_bg_priorityEi
                0x08010e48       0x38 bn_sprites_manager.o
                0x08010e48                bn::sprite_builder::set_bg_priority(int)
 .text._ZN2bn15sprites_manager6updateEv
                0x08010e80      0x160 bn_sprites_manager.o
                0x08010e80                bn::sprites_manager::update()
 .text._ZN3_bn6assert9show_argsIJA27_ciA4_ciEEEvPKcS5_S5_iDpRKT_
                0x08010fe0       0x5c bn_sprites_manager.o
                0x08010fe0                void _bn::assert::show_args<char [27], int, char [4], int>(char const*, char const*, char const*, int, char const (&) [27], int const&, char const (&) [4], int const&)
 .text._ZN2bn15sprites_manager35fill_hblank_effect_third_attributesENS_17sprite_shape_sizeEPKNS_23sprite_third_attributesEPt
                0x0801103c       0xc8 bn_sprites_manager.o
                0x0801103c                bn::sprites_manager::fill_hblank_effect_third_attributes(bn::sprite_shape_size, bn::sprite_third_attributes const*, unsigned short*)
 .text._ZN2bn14sorted_sprites6sorter6insertERNS_20sprites_manager_itemE
                0x08011104      0x170 bn_sprites_manager.o
                0x08011104                bn::sorted_sprites::sorter::insert(bn::sprites_manager_item&)
 .text._ZN2bn15sprites_manager6createEONS_14sprite_builderE
                0x08011274      0x180 bn_sprites_manager.o
                0x08011274                bn::sprites_manager::create(bn::sprite_builder&&)
 .text._ZN2bn10sprite_ptr6createEONS_14sprite_builderE
                0x080113f4       0x14 bn_sprites_manager.o
                0x080113f4                bn::sprite_ptr::create(bn::sprite_builder&&)
 .text._ZN2bn15sprites_manager6createERKNS_11fixed_pointERKNS_17sprite_shape_sizeEONS_16sprite_tiles_ptrEONS_18sprite_palette_ptrE
                0x08011408      0x1dc bn_sprites_manager.o
                0x08011408                bn::sprites_manager::create(bn::fixed_point const&, bn::sprite_shape_size const&, bn::sprite_tiles_ptr&&, bn::sprite_palette_ptr&&)
 .text._ZNK2bn11sprite_item13create_spriteENS_7fixed_tILi12EEES2_
                0x080115e4       0x44 bn_sprites_manager.o
                0x080115e4                bn::sprite_item::create_sprite(bn::fixed_t<12>, bn::fixed_t<12>) const
 .text._ZN2bn15sprites_manager15decrease_usagesEPv
                0x08011628      0x180 bn_sprites_manager.o
                0x08011628                bn::sprites_manager::decrease_usages(void*)
 .text._ZN2bn10sprite_ptrD2Ev
                0x080117a8       0x18 bn_sprites_manager.o
                0x080117a8                bn::sprite_ptr::~sprite_ptr()
                0x080117a8                bn::sprite_ptr::~sprite_ptr()
 .text._ZN2bn10sprite_ptr11set_z_orderEi
                0x080117c0      0x148 bn_sprites_manager.o
                0x080117c0                bn::sprite_ptr::set_z_order(int)
 .text._ZN2bn10sprite_ptr18set_rotation_angleENS_7fixed_tILi12EEE
                0x08011908       0xc0 bn_sprites_manager.o
                0x08011908                bn::sprite_ptr::set_rotation_angle(bn::fixed_t<12>)
 .text._ZN2bn21affine_mat_attributes9set_scaleENS_7fixed_tILi12EEES2_
                0x080119c8      0x108 bn_sprites_manager.o
                0x080119c8                bn::affine_mat_attributes::set_scale(bn::fixed_t<12>, bn::fixed_t<12>)
 .text._ZN2bn10sprite_ptr9set_scaleENS_7fixed_tILi12EEES2_
                0x08011ad0       0x5c bn_sprites_manager.o
                0x08011ad0                bn::sprite_ptr::set_scale(bn::fixed_t<12>, bn::fixed_t<12>)
 .text.startup._GLOBAL__sub_I__ZN2bn7sprites16used_items_countEv
                0x08011b2c       0x9c bn_sprites_manager.o
 .text.exit._GLOBAL__sub_D__ZN2bn7sprites16used_items_countEv
                0x08011bc8       0x4c bn_sprites_manager.o
 .text._ZN2bn13ostringstreamC2ERNS_12istring_baseE
                0x08011c14        0x8 bn_sstream.o
                0x08011c14                bn::ostringstream::ostringstream(bn::istring_base&)
                0x08011c14                bn::ostringstream::ostringstream(bn::istring_base&)
 .text._ZNK2bn13ostringstream4sizeEv
                0x08011c1c        0x8 bn_sstream.o
                0x08011c1c                bn::ostringstream::size() const
 .text._ZN2bn13ostringstream6appendEPKc
                0x08011c24       0x94 bn_sstream.o
                0x08011c24                bn::ostringstream::append(char const*)
 .text._ZN2bn13ostringstream6appendEi
                0x08011cb8       0xa8 bn_sstream.o
                0x08011cb8                bn::ostringstream::append(int)
 .text._ZN2bn13ostringstream6appendERKNS_11string_viewE
                0x08011d60       0x9c bn_sstream.o
                0x08011d60                bn::ostringstream::append(bn::string_view const&)
 .text._ZN2bn13ostringstream6appendEj
                0x08011dfc       0xa8 bn_sstream.o
                0x08011dfc                bn::ostringstream::append(unsigned int)
 .text._ZN2bn13ostringstream6appendEPKv
                0x08011ea4       0xfc bn_sstream.o
                0x08011ea4                bn::ostringstream::append(void const*)
 .text._ZN2bn13ostringstream16_append_fractionEji
                0x08011fa0      0x108 bn_sstream.o
                0x08011fa0                bn::ostringstream::_append_fraction(unsigned int, int)
 .text._ZN2bn13ostringstream6appendEc
                0x080120a8       0x44 bn_sstream.o
                0x080120a8                bn::ostringstream::append(char)
 .text._ZN2bn5timerC2Ev
                0x080120ec       0x24 bn_timer.o
                0x080120ec                bn::timer::timer()
                0x080120ec                bn::timer::timer()
 .text._ZNK2bn5timer13elapsed_ticksEv
                0x08012110       0x3c bn_timer.o
                0x08012110                bn::timer::elapsed_ticks() const
 .text._ZN2bn5timer7restartEv
                0x0801214c       0x24 bn_timer.o
                0x0801214c                bn::timer::restart()
 .text._ZN2bn2hw5audio12_GLOBAL__N_124_disabled_vblank_handlerEv
                0x08012170       0x10 bn_hw_audio.o
 .text._ZN2bn2hw5audio12_GLOBAL__N_17_commitEv
                0x08012180       0x7c bn_hw_audio.o
 .text._ZN2bn2hw5audio12_GLOBAL__N_123_enabled_vblank_handlerEv
                0x080121fc       0x24 bn_hw_audio.o
 .text._ZN2bn2hw5audio4initEv
                0x08012220       0x68 bn_hw_audio.o
                0x08012220                bn::hw::audio::init()
 .text._ZN2bn2hw5audio7disableEv
                0x08012288       0x30 bn_hw_audio.o
                0x08012288                bn::hw::audio::disable()
 .text._ZN2bn2hw5audio22disable_vblank_handlerEv
                0x080122b8       0x14 bn_hw_audio.o
                0x080122b8                bn::hw::audio::disable_vblank_handler()
 .text._ZN2bn2hw5audio6updateEb
                0x080122cc       0x18 bn_hw_audio.o
                0x080122cc                bn::hw::audio::update(bool)
 .text._ZN2bn2hw5audio6commitEv
                0x080122e4       0x20 bn_hw_audio.o
                0x080122e4                bn::hw::audio::commit()
 .text._ZN2bn2hw5audio12_GLOBAL__N_119_add_sound_to_queueEit
                0x08012304       0xa0 bn_hw_audio.o
 .text._ZN2bn2hw5audio15stop_all_soundsEv
                0x080123a4       0x6c bn_hw_audio.o
                0x080123a4                bn::hw::audio::stop_all_sounds()
 .text._ZN2bn2hw5audio12_GLOBAL__N_119_check_sounds_queueEv.part.0
                0x08012410       0x98 bn_hw_audio.o
 .text._ZN2bn2hw5audio10play_soundEiiiii
                0x080124a8       0x44 bn_hw_audio.o
                0x080124a8                bn::hw::audio::play_sound(int, int, int, int, int)
 .text._ZN2bn2hw5audio10play_soundEii
                0x080124ec       0x30 bn_hw_audio.o
                0x080124ec                bn::hw::audio::play_sound(int, int)
 .text._ZN2bn2hw5audio19update_sounds_queueEv
                0x0801251c       0x90 bn_hw_audio.o
                0x0801251c                bn::hw::audio::update_sounds_queue()
 .text.startup._GLOBAL__sub_I__ZN2bn2hw5audio4initEv
                0x080125ac       0x30 bn_hw_audio.o
 .text.exit._GLOBAL__sub_D__ZN2bn2hw5audio4initEv
                0x080125dc       0x74 bn_hw_audio.o
 .text._ZN3_bn6assert9show_argsIA40_cEEvPKcS4_S4_iRKT_
                0x08012650       0x50 bn_hw_common.bn_noflto.o
                0x08012650                void _bn::assert::show_args<char [40]>(char const*, char const*, char const*, int, char const (&) [40])
 .text.__aeabi_idiv0
                0x080126a0       0x24 bn_hw_common.bn_noflto.o
                0x080126a0                __aeabi_idiv0
 .text._ZN2bn2hw8game_pak14_slow_game_pakEv
                0x080126c4       0x88 bn_hw_game_pak.bn_ewram.o
                0x080126c4                bn::hw::game_pak::_slow_game_pak()
 .text._ZN2bn2hw8game_pak4initEv
                0x0801274c       0x28 bn_hw_game_pak.o
                0x0801274c                bn::hw::game_pak::init()
 .text._ZN2bn2hw3irq4initEv
                0x08012774        0xc bn_hw_irq.o
                0x08012774                bn::hw::irq::init()
 .text._ZN2bn2hw3irq7set_isrENS1_2idEPFvvE
                0x08012780       0x10 bn_hw_irq.o
                0x08012780                bn::hw::irq::set_isr(bn::hw::irq::id, void (*)())
 .text._ZN2bn2hw3irq6enableENS1_2idE
                0x08012790       0x10 bn_hw_irq.o
                0x08012790                bn::hw::irq::enable(bn::hw::irq::id)
 .text._ZN2bn2hw3irq7disableENS1_2idE
                0x080127a0       0x10 bn_hw_irq.o
                0x080127a0                bn::hw::irq::disable(bn::hw::irq::id)
 .text._ZN2bn2hw4link12_GLOBAL__N_119_resetStateCallbackEv
                0x080127b0       0x4c bn_hw_link.o
 .text._ZN2bn2hw4link4initEv
                0x080127fc       0xc0 bn_hw_link.o
                0x080127fc                bn::hw::link::init()
 .text._ZN2bn2hw4link6activeEv
                0x080128bc       0x10 bn_hw_link.o
                0x080128bc                bn::hw::link::active()
 .text._ZN2bn2hw4link7disableEv
                0x080128cc       0x6c bn_hw_link.o
                0x080128cc                bn::hw::link::disable()
 .text._ZN2bn2hw4link6commitEv
                0x08012938       0x30 bn_hw_link.o