Archive member included to satisfy reference by file (symbol)

/opt/devkitpro/libgba/lib/libmm.a(mm_mas.o)
                              bn_audio_manager.o (mmStart)
/opt/devkitpro/libgba/lib/libmm.a(mm_main.o)
                              /opt/devkitpro/libgba/lib/libmm.a(mm_mas.o) (mmCallback)
/opt/devkitpro/libgba/lib/libmm.a(mm_effect.o)
                              bn_hw_audio.o (mmEffect)
/opt/devkitpro/libgba/lib/libmm.a(mm_mas_arm.o)
                              /opt/devkitpro/libgba/lib/libmm.a(mm_mas.o) (mmAllocChannel)
/opt/devkitpro/libgba/lib/libmm.a(mm_mixer_gba.o)
                              bn_hw_audio.o (mmVBlank)
/opt/devkitpro/libgba/lib/libmm.a(mm_main_gba.o)
                              /opt/devkitpro/libgba/lib/libmm.a(mm_mixer_gba.o) (mm_vblank_function)
/opt/devkitpro/devkitARM/bin/../lib/gcc/arm-none-eabi/13.1.0/thumb/libgcc.a(_call_via_rX.o)
                              /opt/devkitpro/libgba/lib/libmm.a(mm_main_gba.o) (_call_via_r1)
/opt/devkitpro/devkitARM/bin/../lib/gcc/arm-none-eabi/13.1.0/thumb/libgcc.a(_aeabi_ldivmod.o)
                              bn_hw_text.o (__aeabi_ldivmod)
/opt/devkitpro/devkitARM/bin/../lib/gcc/arm-none-eabi/13.1.0/thumb/libgcc.a(_aeabi_uldivmod.o)
                              bn_hw_text.o (__aeabi_uldivmod)
/opt/devkitpro/devkitARM/bin/../lib/gcc/arm-none-eabi/13.1.0/thumb/libgcc.a(_udivmoddi4.o)
                              /opt/devkitpro/devkitARM/bin/../lib/gcc/arm-none-eabi/13.1.0/thumb/libgcc.a(_aeabi_ldivmod.o) (__udivmoddi4)
/opt/devkitpro/devkitARM/bin/../lib/gcc/arm-none-eabi/13.1.0/../../../../arm-none-eabi/lib/thumb/libg.a(libc_a-init.o)
                              /opt/devkitpro/devkitARM/bin/../lib/gcc/arm-none-eabi/13.1.0/../../../../arm-none-eabi/lib/thumb/gba_crt0.o (__libc_init_array)
/opt/devkitpro/devkitARM/bin/../lib/gcc/arm-none-eabi/13.1.0/../../../../arm-none-eabi/lib/thumb/libsysbase.a(libsysbase_libsysbase_a-malloc_vars.o)
                              /opt/devkitpro/devkitARM/bin/../lib/gcc/arm-none-eabi/13.1.0/../../../../arm-none-eabi/lib/thumb/gba_crt0.o (fake_heap_end)

Discarded input sections

 .text          0x00000000        0x0 /opt/devkitpro/devkitARM/bin/../lib/gcc/arm-none-eabi/13.1.0/../../../../arm-none-eabi/lib/thumb/gba_crt0.o
 .data          0x00000000        0x0 /opt/devkitpro/devkitARM/bin/../lib/gcc/arm-none-eabi/13.1.0/../../../../arm-none-eabi/lib/thumb/gba_crt0.o
 .bss           0x00000000        0x0 /opt/devkitpro/devkitARM/bin/../lib/gcc/arm-none-eabi/13.1.0/../../../../arm-none-eabi/lib/thumb/gba_crt0.o
 .text          0x00000000        0x0 /opt/devkitpro/devkitARM/bin/../lib/gcc/arm-none-eabi/13.1.0/thumb/crti.o
 .data          0x00000000        0x0 /opt/devkitpro/devkitARM/bin/../lib/gcc/arm-none-eabi/13.1.0/thumb/crti.o
 .bss           0x00000000        0x0 /opt/devkitpro/devkitARM/bin/../lib/gcc/arm-none-eabi/13.1.0/thumb/crti.o
 .text          0x00000000        0x0 /opt/devkitpro/devkitARM/bin/../lib/gcc/arm-none-eabi/13.1.0/thumb/crtbegin.o
 .data          0x00000000        0x0 /opt/devkitpro/devkitARM/bin/../lib/gcc/arm-none-eabi/13.1.0/thumb/crtbegin.o
 .bss           0x00000000        0x0 /opt/devkitpro/devkitARM/bin/../lib/gcc/arm-none-eabi/13.1.0/thumb/crtbegin.o
 .rodata.all_implied_fbits
                0x00000000       0x24 /opt/devkitpro/devkitARM/bin/../lib/gcc/arm-none-eabi/13.1.0/thumb/crtbegin.o
 .data.__dso_handle
                0x00000000        0x4 /opt/devkitpro/devkitARM/bin/../lib/gcc/arm-none-eabi/13.1.0/thumb/crtbegin.o
 .text          0x00000000        0x0 _bn_audio_soundbank.bin.o
 .data          0x00000000        0x0 _bn_audio_soundbank.bin.o
 .bss           0x00000000        0x0 _bn_audio_soundbank.bin.o
 .text          0x00000000        0x0 card_back_bn_gfx.o
 .data          0x00000000        0x0 card_back_bn_gfx.o
 .bss           0x00000000        0x0 card_back_bn_gfx.o
 .text          0x00000000        0x0 cards_clubs_bn_gfx.o
 .data          0x00000000        0x0 cards_clubs_bn_gfx.o
 .bss           0x00000000        0x0 cards_clubs_bn_gfx.o
 .text          0x00000000        0x0 cards_diamond_bn_gfx.o
 .data          0x00000000        0x0 cards_diamond_bn_gfx.o
 .bss           0x00000000        0x0 cards_diamond_bn_gfx.o
 .text          0x00000000        0x0 cards_hearts_bn_gfx.o
 .data          0x00000000        0x0 cards_hearts_bn_gfx.o
 .bss           0x00000000        0x0 cards_hearts_bn_gfx.o
 .text          0x00000000        0x0 cards_spades_bn_gfx.o
 .data          0x00000000        0x0 cards_spades_bn_gfx.o
 .bss           0x00000000        0x0 cards_spades_bn_gfx.o
 .text          0x00000000        0x0 chip_margin_bn_gfx.o
 .data          0x00000000        0x0 chip_margin_bn_gfx.o
 .bss           0x00000000        0x0 chip_margin_bn_gfx.o
 .text          0x00000000        0x0 chips_bn_gfx.o
 .data          0x00000000        0x0 chips_bn_gfx.o
 .bss           0x00000000        0x0 chips_bn_gfx.o
[...]
Memory Configuration

Name             Origin             Length             Attributes
rom              0x08000000         0x02000000
iwram            0x03000000         0x00008000
ewram            0x02000000         0x00040000
*default*        0x00000000         0xffffffff

Linker script and memory map

                0x08000000                        __text_start = ORIGIN (rom)
                0x02040000                        __eheap_end = (ORIGIN (ewram) + LENGTH (ewram))
                0x03000000                        __iwram_start = ORIGIN (iwram)
                0x03008000                        __iwram_top = (ORIGIN (iwram) + LENGTH (iwram))
                0x03007fa0                        __sp_irq = (__iwram_top - 0x60)
                0x03007f00                        __sp_usr = (__sp_irq - 0xa0)
                0x03007ff8                        __irq_flags = 0x3007ff8
                0x08000000                        . = __text_start

.crt0           0x08000000      0x210
 *(.crt0)
 .crt0          0x08000000      0x210 /opt/devkitpro/devkitARM/bin/../lib/gcc/arm-none-eabi/13.1.0/../../../../arm-none-eabi/lib/thumb/gba_crt0.o
                0x08000000                _start
                0x080000c4                __boot_method
                0x080000c5                __slave_number
                0x080000e0                start_vector
                0x08000210                        . = ALIGN (0x4)

.init           0x08000210        0xc
 *(SORT_NONE(.init))
 .init          0x08000210        0x4 /opt/devkitpro/devkitARM/bin/../lib/gcc/arm-none-eabi/13.1.0/thumb/crti.o
                0x08000210                _init
 .init          0x08000214        0x8 /opt/devkitpro/devkitARM/bin/../lib/gcc/arm-none-eabi/13.1.0/thumb/crtn.o

.plt            0x0800021c        0x0
 *(.plt)
                0x0800021c                        . = ALIGN (0x4)

.text           0x08000220    0x18260
 *(EXCLUDE_FILE(*.iwram*) .text*)
 .text.__do_global_dtors_aux
                0x08000220       0x2c /opt/devkitpro/devkitARM/bin/../lib/gcc/arm-none-eabi/13.1.0/thumb/crtbegin.o
 .text.frame_dummy
                0x0800024c       0x24 /opt/devkitpro/devkitARM/bin/../lib/gcc/arm-none-eabi/13.1.0/thumb/crtbegin.o
 .text._ZN5Table10get_dealerEv
                0x08000270       0x40 cards.o
                0x08000270                Table::get_dealer()
 .text._ZN3_bn6assert9show_argsIJA16_ciA4_ciEEEvPKcS5_S5_iDpRKT_
                0x080002b0       0x6c cards.o
                0x080002b0                void _bn::assert::show_args<char [16], int, char [4], int>(char const*, char const*, char const*, int, char const (&) [16], int const&, char const (&) [4], int const&)
 .text._ZN5Table17get_player_pocketEv
                0x0800031c       0x64 cards.o
                0x0800031c                Table::get_player_pocket()
 .text._ZN5Table19get_opponent_pocketEv
                0x08000380       0x64 cards.o
                0x08000380                Table::get_opponent_pocket()
 .text._ZN4Deck7shuffleEv
                0x080003e4       0x90 cards.o
                0x080003e4                Deck::shuffle()
 .text._ZN5Table7competeE4HandS0_
                0x08000474      0x1f0 cards.o
                0x08000474                Table::compete(Hand, Hand)
 .text._ZN3_bn6assert9show_argsIA15_cEEvPKcS4_S4_iRKT_
                0x08000664       0x50 cards.o
                0x08000664                void _bn::assert::show_args<char [15]>(char const*, char const*, char const*, int, char const (&) [15])
 .text._ZN5Table12deal_pocketsEv
                0x080006b4      0x104 cards.o
                0x080006b4                Table::deal_pockets()
 .text._ZN4DeckC2Ev
                0x080007b8       0x3c cards.o
                0x080007b8                Deck::Deck()
                0x080007b8                Deck::Deck()
 .text._ZN5TableC2E4Deck
                0x080007f4       0x7c cards.o
                0x080007f4                Table::Table(Deck)
                0x080007f4                Table::Table(Deck)
 .text._ZN5Table9deal_turnEv
                0x08000870       0xa0 cards.o
                0x08000870                Table::deal_turn()
 .text._ZN5Table10deal_riverEv
                0x08000910       0xa0 cards.o
                0x08000910                Table::deal_river()
 .text._ZN4HandC2E6PocketN2bn6vectorI4CardLi5EEE
                0x080009b0       0xbc cards.o
                0x080009b0                Hand::Hand(Pocket, bn::vector<Card, 5>)
                0x080009b0                Hand::Hand(Pocket, bn::vector<Card, 5>)
 .text._ZN5Table9deal_flopEv
                0x08000a6c       0xf8 cards.o
                0x08000a6c                Table::deal_flop()
 .text._Z15evaluate_7cardsiiiiiii
                0x08000b64      0x168 evaluate.o
                0x08000b64                evaluate_7cards(int, int, int, int, int, int, int)
 .text._ZN12_GLOBAL__N_110write_sramEi
                0x08000ccc       0x2c main.o
 .text._ZN12_GLOBAL__N_19move_cardERN2bn10sprite_ptrENS0_7fixed_tILi12EEES4_
                0x08000cf8       0xa4 main.o
 .text._ZN12_GLOBAL__N_19show_cardER4CardRN2bn10sprite_ptrE
                0x08000d9c      0x12c main.o
 .text._ZN12_GLOBAL__N_112match_screenERN2bn21sprite_text_generatorE
                0x08000ec8      0xd3c main.o
 .text.startup.main
                0x08001c04      0x300 main.o
                0x08001c04                main
 .text.startup._GLOBAL__sub_I_main
                0x08001f04       0x14 main.o
 .text._Z11menu_screenv
                0x08001f18      0x19c menu_screen.o
                0x08001f18                menu_screen()
 .text._ZN3_bn6assert9show_argsIA16_ciEEvPKcS4_S4_iRKT_RKT0_
                0x080020b4       0x58 common_info.o
                0x080020b4                void _bn::assert::show_args<char [16], int>(char const*, char const*, char const*, int, char const (&) [16], int const&)
 .text._ZN3_bn6assert9show_argsIA15_ciEEvPKcS4_S4_iRKT_RKT0_
                0x0800210c       0x58 common_stats.o
                0x0800210c                void _bn::assert::show_args<char [15], int>(char const*, char const*, char const*, int, char const (&) [15], int const&)
 .text._ZN2bn13ostringstream6appendILi12EEEvNS_7fixed_tIXT_EEE
                0x08002164       0xa0 common_stats.o
                0x08002164                void bn::ostringstream::append<12>(bn::fixed_t<12>)
 .text._ZN2bn13audio_manager4initEv
                0x08002204        0xc bn_audio_manager.o
                0x08002204                bn::audio_manager::init()
 .text._ZN2bn13audio_manager7disableEv
                0x08002210        0xc bn_audio_manager.o
                0x08002210                bn::audio_manager::disable()
 .text._ZN2bn13audio_manager22disable_vblank_handlerEv
                0x0800221c        0xc bn_audio_manager.o
                0x0800221c                bn::audio_manager::disable_vblank_handler()
 .text._ZN2bn13audio_manager6updateEv
                0x08002228       0x18 bn_audio_manager.o
                0x08002228                bn::audio_manager::update()
 .text._ZN2bn13audio_manager6commitEv
                0x08002240        0xc bn_audio_manager.o
                0x08002240                bn::audio_manager::commit()
 .text._ZN3_bn6assert9show_argsIA18_ciEEvPKcS4_S4_iRKT_RKT0_
                0x0800224c       0x58 bn_audio_manager.o
                0x0800224c                void _bn::assert::show_args<char [18], int>(char const*, char const*, char const*, int, char const (&) [18], int const&)
 .text._ZN3_bn6assert9show_argsIA14_ciEEvPKcS4_S4_iRKT_RKT0_
                0x080022a4       0x58 bn_audio_manager.o
                0x080022a4                void _bn::assert::show_args<char [14], int>(char const*, char const*, char const*, int, char const (&) [14], int const&)
 .text._ZN2bn13audio_manager16execute_commandsEv
                0x080022fc      0x274 bn_audio_manager.o
                0x080022fc                bn::audio_manager::execute_commands()
 .text._ZN3_bn6assert9show_argsIA26_ciEEvPKcS4_S4_iRKT_RKT0_
                0x08002570       0x58 bn_audio_manager.o
                0x08002570                void _bn::assert::show_args<char [26], int>(char const*, char const*, char const*, int, char const (&) [26], int const&)
 .text._ZN3_bn6assert9show_argsIA33_cEEvPKcS4_S4_iRKT_
                0x080025c8       0x50 bn_audio_manager.o
                0x080025c8                void _bn::assert::show_args<char [33]>(char const*, char const*, char const*, int, char const (&) [33])
 .text._ZN3_bn6assert9show_argsIA25_cEEvPKcS4_S4_iRKT_
                0x08002618       0x50 bn_audio_manager.o
                0x08002618                void _bn::assert::show_args<char [25]>(char const*, char const*, char const*, int, char const (&) [25])
 .text._ZN2bn13audio_manager10stop_musicEv
                0x08002668       0x70 bn_audio_manager.o
                0x08002668                bn::audio_manager::stop_music()
 .text._ZN2bn13audio_manager4stopEv
                0x080026d8       0x60 bn_audio_manager.o
                0x080026d8                bn::audio_manager::stop()
 .text._ZN3_bn6assert9show_argsIA24_cEEvPKcS4_S4_iRKT_
                0x08002738       0x50 bn_audio_manager.o
                0x08002738                void _bn::assert::show_args<char [24]>(char const*, char const*, char const*, int, char const (&) [24])
 .text._ZN3_bn6assert9show_argsIA25_cN2bn7fixed_tILi12EEEEEvPKcS7_S7_iRKT_RKT0_
                0x08002788       0x58 bn_audio_manager.o
                0x08002788                void _bn::assert::show_args<char [25], bn::fixed_t<12> >(char const*, char const*, char const*, int, char const (&) [25], bn::fixed_t<12> const&)
 .text._ZNK2bn10music_item4playENS_7fixed_tILi12EEE
                0x080027e0       0xa8 bn_audio_manager.o
                0x080027e0                bn::music_item::play(bn::fixed_t<12>) const
 .text._ZN3_bn6assert9show_argsIA27_cN2bn7fixed_tILi12EEEEEvPKcS7_S7_iRKT_RKT0_
                0x08002888       0x58 bn_audio_manager.o
                0x08002888                void _bn::assert::show_args<char [27], bn::fixed_t<12> >(char const*, char const*, char const*, int, char const (&) [27], bn::fixed_t<12> const&)
 .text.startup._GLOBAL__sub_I__ZN2bn5audio16update_on_vblankEv
                0x080028e0       0x40 bn_audio_manager.o
 .text._ZN3_bn6assert9show_argsIA23_cEEvPKcS4_S4_iRKT_
                0x08002920       0x50 bn_best_fit_allocator.o
                0x08002920                void _bn::assert::show_args<char [23]>(char const*, char const*, char const*, int, char const (&) [23])
 .text._ZN2bn18best_fit_allocatorD2Ev
                0x08002970       0x34 bn_best_fit_allocator.o
                0x08002970                bn::best_fit_allocator::~best_fit_allocator()
                0x08002970                bn::best_fit_allocator::~best_fit_allocator()
 .text._ZN3_bn6assert9show_argsIA20_ciEEvPKcS4_S4_iRKT_RKT0_
                0x080029a4       0x58 bn_best_fit_allocator.o
                0x080029a4                void _bn::assert::show_args<char [20], int>(char const*, char const*, char const*, int, char const (&) [20], int const&)
 .text._ZN3_bn6assert9show_argsIA14_cEEvPKcS4_S4_iRKT_
                0x080029fc       0x50 bn_best_fit_allocator.o
                0x080029fc                void _bn::assert::show_args<char [14]>(char const*, char const*, char const*, int, char const (&) [14])
 .text._ZN3_bn6assert9show_argsIA21_cEEvPKcS4_S4_iRKT_
                0x08002a4c       0x50 bn_best_fit_allocator.o
                0x08002a4c                void _bn::assert::show_args<char [21]>(char const*, char const*, char const*, int, char const (&) [21])
 .text._ZN2bn18best_fit_allocator5resetEPvi
                0x08002a9c       0xc4 bn_best_fit_allocator.o
                0x08002a9c                bn::best_fit_allocator::reset(void*, int)
 .text._ZN2bn17bg_blocks_manager12_GLOBAL__N_125_regular_map_blocks_countEii
                0x08002b60       0x38 bn_bg_blocks_manager.o
 .text._ZN2bn13ostringstream11append_argsIiJA4_ctEEEvRKT_DpRKT0_.isra.0
                0x08002b98       0x24 bn_bg_blocks_manager.o
 .text._ZN2bn13ostringstream11append_argsIiJA4_ciEEEvRKT_DpRKT0_.isra.0
                0x08002bbc       0x24 bn_bg_blocks_manager.o
 .text._ZNK2bn18regular_bg_map_ptr2idEv
                0x08002be0       0x18 bn_bg_blocks_manager.o
                0x08002be0                bn::regular_bg_map_ptr::id() const
 .text._ZNK2bn18regular_bg_map_ptr10dimensionsEv
                0x08002bf8       0x20 bn_bg_blocks_manager.o
                0x08002bf8                bn::regular_bg_map_ptr::dimensions() const
 .text._ZNK2bn20regular_bg_tiles_ptr3cbbEv
                0x08002c18       0x18 bn_bg_blocks_manager.o
                0x08002c18                bn::regular_bg_tiles_ptr::cbb() const
 .text._ZNK2bn17affine_bg_map_ptr2idEv
                0x08002c30       0x18 bn_bg_blocks_manager.o
                0x08002c30                bn::affine_bg_map_ptr::id() const
 .text._ZNK2bn17affine_bg_map_ptr10dimensionsEv
                0x08002c48       0x20 bn_bg_blocks_manager.o
                0x08002c48                bn::affine_bg_map_ptr::dimensions() const
 .text._ZNK2bn19affine_bg_tiles_ptr3cbbEv
                0x08002c68       0x18 bn_bg_blocks_manager.o
                0x08002c68                bn::affine_bg_tiles_ptr::cbb() const
 .text._ZN2bn17bg_blocks_manager10log_statusEv
                0x08002c80      0x3f8 bn_bg_blocks_manager.o
                0x08002c80                bn::bg_blocks_manager::log_status()
 .text._ZN2bn17bg_blocks_manager15decrease_usagesEi
                0x08003078       0x98 bn_bg_blocks_manager.o
                0x08003078                bn::bg_blocks_manager::decrease_usages(int)
 .text._ZN2bn18regular_bg_map_ptrD2Ev
                0x08003110       0x18 bn_bg_blocks_manager.o
                0x08003110                bn::regular_bg_map_ptr::~regular_bg_map_ptr()
                0x08003110                bn::regular_bg_map_ptr::~regular_bg_map_ptr()
 .text._ZN2bn17affine_bg_map_ptrD2Ev
                0x08003128       0x18 bn_bg_blocks_manager.o
                0x08003128                bn::affine_bg_map_ptr::~affine_bg_map_ptr()
                0x08003128                bn::affine_bg_map_ptr::~affine_bg_map_ptr()
 .text._ZN2bn17bg_blocks_manager12_GLOBAL__N_110items_list12insert_afterEiRKNS1_9item_typeE.constprop.0
                0x08003140      0x250 bn_bg_blocks_manager.o
 .text._ZN2bn17bg_blocks_manager4initEv
                0x08003390       0x7c bn_bg_blocks_manager.o
                0x08003390                bn::bg_blocks_manager::init()
 .text._ZN2bn17bg_blocks_manager11must_commitEi
                0x0800340c       0x18 bn_bg_blocks_manager.o
                0x0800340c                bn::bg_blocks_manager::must_commit(int)
 .text._ZN3_bn6assert9show_argsIA27_ciEEvPKcS4_S4_iRKT_RKT0_
                0x08003424       0x58 bn_bg_blocks_manager.o
                0x08003424                void _bn::assert::show_args<char [27], int>(char const*, char const*, char const*, int, char const (&) [27], int const&)
 .text._ZN3_bn6assert9show_argsIJA22_ciA4_ciEEEvPKcS5_S5_iDpRKT_
                0x0800347c       0x5c bn_bg_blocks_manager.o
                0x0800347c                void _bn::assert::show_args<char [22], int, char [4], int>(char const*, char const*, char const*, int, char const (&) [22], int const&, char const (&) [4], int const&)
 .text._ZN3_bn6assert9show_argsIJA58_ciA4_ciEEEvPKcS5_S5_iDpRKT_
                0x080034d8       0x5c bn_bg_blocks_manager.o
                0x080034d8                void _bn::assert::show_args<char [58], int, char [4], int>(char const*, char const*, char const*, int, char const (&) [58], int const&, char const (&) [4], int const&)
 .text._ZN3_bn6assert9show_argsIA22_ciEEvPKcS4_S4_iRKT_RKT0_
                0x08003534       0x58 bn_bg_blocks_manager.o
                0x08003534                void _bn::assert::show_args<char [22], int>(char const*, char const*, char const*, int, char const (&) [22], int const&)
 .text._ZN3_bn6assert9show_argsIJA44_cPKtA4_cS4_EEEvPKcS7_S7_iDpRKT_
                0x0800358c       0x6c bn_bg_blocks_manager.o
                0x0800358c                void _bn::assert::show_args<char [44], unsigned short const*, char [4], unsigned short const*>(char const*, char const*, char const*, int, char const (&) [44], unsigned short const* const&, char const (&) [4], unsigned short const* const&)
 .text._ZN3_bn6assert9show_argsIJA46_ciA4_ciEEEvPKcS5_S5_iDpRKT_
                0x080035f8       0x5c bn_bg_blocks_manager.o
                0x080035f8                void _bn::assert::show_args<char [46], int, char [4], int>(char const*, char const*, char const*, int, char const (&) [46], int const&, char const (&) [4], int const&)
 .text._ZN3_bn6assert9show_argsIJA37_cbA4_cbEEEvPKcS5_S5_iDpRKT_
                0x08003654       0x84 bn_bg_blocks_manager.o
                0x08003654                void _bn::assert::show_args<char [37], bool, char [4], bool>(char const*, char const*, char const*, int, char const (&) [37], bool const&, char const (&) [4], bool const&)
 .text._ZN3_bn6assert9show_argsIA19_cEEvPKcS4_S4_iRKT_
                0x080036d8       0x50 bn_bg_blocks_manager.o
                0x080036d8                void _bn::assert::show_args<char [19]>(char const*, char const*, char const*, int, char const (&) [19])
 .text._ZN2bn17bg_blocks_manager12_GLOBAL__N_116_find_tiles_implEPKtNS_16compression_typeEib
                0x08003728      0x1d8 bn_bg_blocks_manager.o
 .text._ZN3_bn6assert9show_argsIJA34_ciA4_ctEEEvPKcS5_S5_iDpRKT_
                0x08003900       0x5c bn_bg_blocks_manager.o
                0x08003900                void _bn::assert::show_args<char [34], int, char [4], unsigned short>(char const*, char const*, char const*, int, char const (&) [34], int const&, char const (&) [4], unsigned short const&)
 .text._ZN3_bn6assert9show_argsIJA36_ciA4_ctEEEvPKcS5_S5_iDpRKT_
                0x0800395c       0x5c bn_bg_blocks_manager.o
                0x0800395c                void _bn::assert::show_args<char [36], int, char [4], unsigned short>(char const*, char const*, char const*, int, char const (&) [36], int const&, char const (&) [4], unsigned short const&)
 .text._ZN3_bn6assert9show_argsIJA54_ciA4_ciEEEvPKcS5_S5_iDpRKT_
                0x080039b8       0x5c bn_bg_blocks_manager.o
                0x080039b8                void _bn::assert::show_args<char [54], int, char [4], int>(char const*, char const*, char const*, int, char const (&) [54], int const&, char const (&) [4], int const&)
 .text._ZN3_bn6assert9show_argsIA22_cEEvPKcS4_S4_iRKT_
                0x08003a14       0x50 bn_bg_blocks_manager.o
                0x08003a14                void _bn::assert::show_args<char [22]>(char const*, char const*, char const*, int, char const (&) [22])
 .text._ZNK2bn18regular_bg_map_ptr5tilesEv
                0x08003a64       0x48 bn_bg_blocks_manager.o
                0x08003a64                bn::regular_bg_map_ptr::tiles() const
 .text._ZNK2bn17affine_bg_map_ptr5tilesEv
                0x08003aac       0x48 bn_bg_blocks_manager.o
                0x08003aac                bn::affine_bg_map_ptr::tiles() const
 .text._ZNK2bn18regular_bg_map_ptr3bppEv
                0x08003af4       0x4c bn_bg_blocks_manager.o
                0x08003af4                bn::regular_bg_map_ptr::bpp() const
 .text._ZN2bn17bg_blocks_manager21update_affine_map_rowEiii
                0x08003b40      0x104 bn_bg_blocks_manager.o
                0x08003b40                bn::bg_blocks_manager::update_affine_map_row(int, int, int)
 .text._ZN2bn17bg_blocks_manager23set_affine_map_positionEiii
                0x08003c44      0x1c4 bn_bg_blocks_manager.o
                0x08003c44                bn::bg_blocks_manager::set_affine_map_position(int, int, int)
 .text._ZN2bn17bg_blocks_manager21update_affine_map_colEiii
                0x08003e08      0x224 bn_bg_blocks_manager.o
                0x08003e08                bn::bg_blocks_manager::update_affine_map_col(int, int, int)
 .text._ZN2bn17bg_blocks_manager22update_regular_map_colEiii
                0x0800402c      0x174 bn_bg_blocks_manager.o
                0x0800402c                bn::bg_blocks_manager::update_regular_map_col(int, int, int)
 .text._ZN2bn17bg_blocks_manager22update_regular_map_rowEiii
                0x080041a0      0x14c bn_bg_blocks_manager.o
                0x080041a0                bn::bg_blocks_manager::update_regular_map_row(int, int, int)
 .text._ZN2bn17bg_blocks_manager24set_regular_map_positionEiii
                0x080042ec      0x1d4 bn_bg_blocks_manager.o
                0x080042ec                bn::bg_blocks_manager::set_regular_map_position(int, int, int)
 .text._ZN2bn17bg_blocks_manager12_GLOBAL__N_112_commit_itemERKNS1_9item_typeE
                0x080044c0      0x2b8 bn_bg_blocks_manager.o
 .text._ZN2bn17bg_blocks_manager6commitEv
                0x08004778       0x40 bn_bg_blocks_manager.o
                0x08004778                bn::bg_blocks_manager::commit()
 .text._ZN2bn17bg_blocks_manager21set_regular_map_tilesEiONS_20regular_bg_tiles_ptrE
                0x080047b8      0x25c bn_bg_blocks_manager.o
                0x080047b8                bn::bg_blocks_manager::set_regular_map_tiles(int, bn::regular_bg_tiles_ptr&&)
 .text._ZN2bn17bg_blocks_manager23set_regular_map_paletteEiONS_14bg_palette_ptrE
                0x08004a14      0x224 bn_bg_blocks_manager.o
                0x08004a14                bn::bg_blocks_manager::set_regular_map_palette(int, bn::bg_palette_ptr&&)
 .text._ZN3_bn6assert9show_argsIJA34_ciA4_ciEEEvPKcS5_S5_iDpRKT_
                0x08004c38       0x5c bn_bg_blocks_manager.o
                0x08004c38                void _bn::assert::show_args<char [34], int, char [4], int>(char const*, char const*, char const*, int, char const (&) [34], int const&, char const (&) [4], int const&)
 .text._ZN3_bn6assert9show_argsIJA38_ciA4_ciEEEvPKcS5_S5_iDpRKT_
                0x08004c94       0x5c bn_bg_blocks_manager.o
                0x08004c94                void _bn::assert::show_args<char [38], int, char [4], int>(char const*, char const*, char const*, int, char const (&) [38], int const&, char const (&) [4], int const&)
 .text._ZN3_bn6assert9show_argsIJA32_cA15_cPKtA16_ciA17_ciA34_cN2bn11string_viewEEEEvPKcSC_SC_iDpRKT_
                0x08004cf0       0x94 bn_bg_blocks_manager.o
                0x08004cf0                void _bn::assert::show_args<char [32], char [15], unsigned short const*, char [16], int, char [17], int, char [34], bn::string_view>(char const*, char const*, char const*, int, char const (&) [32], char const (&) [15], unsigned short const* const&, char const (&) [16], int const&, char const (&) [17], int const&, char const (&) [34], bn::string_view const&)
 .text._ZN3_bn6assert9show_argsIA26_cEEvPKcS4_S4_iRKT_
                0x08004d84       0x50 bn_bg_blocks_manager.o
                0x08004d84                void _bn::assert::show_args<char [26]>(char const*, char const*, char const*, int, char const (&) [26])
 .text._ZN3_bn6assert9show_argsIA46_cEEvPKcS4_S4_iRKT_
                0x08004dd4       0x50 bn_bg_blocks_manager.o
                0x08004dd4                void _bn::assert::show_args<char [46]>(char const*, char const*, char const*, int, char const (&) [46])
 .text._ZN3_bn6assert9show_argsIJA30_cA13_cPKtA14_ciA15_ciA17_ciA34_cN2bn11string_viewEEEEvPKcSD_SD_iDpRKT_
                0x08004e24       0xa8 bn_bg_blocks_manager.o
                0x08004e24                void _bn::assert::show_args<char [30], char [13], unsigned short const*, char [14], int, char [15], int, char [17], int, char [34], bn::string_view>(char const*, char const*, char const*, int, char const (&) [30], char const (&) [13], unsigned short const* const&, char const (&) [14], int const&, char const (&) [15], int const&, char const (&) [17], int const&, char const (&) [34], bn::string_view const&)
 .text._ZN3_bn6assert9show_argsIA31_cEEvPKcS4_S4_iRKT_
                0x08004ecc       0x50 bn_bg_blocks_manager.o
                0x08004ecc                void _bn::assert::show_args<char [31]>(char const*, char const*, char const*, int, char const (&) [31])
 .text._ZN3_bn6assert9show_argsIA17_cEEvPKcS4_S4_iRKT_
                0x08004f1c       0x50 bn_bg_blocks_manager.o
                0x08004f1c                void _bn::assert::show_args<char [17]>(char const*, char const*, char const*, int, char const (&) [17])
 .text._ZN3_bn6assert9show_argsIJA37_ciA4_ciEEEvPKcS5_S5_iDpRKT_
                0x08004f6c       0x5c bn_bg_blocks_manager.o
                0x08004f6c                void _bn::assert::show_args<char [37], int, char [4], int>(char const*, char const*, char const*, int, char const (&) [37], int const&, char const (&) [4], int const&)
 .text._ZN2bn17bg_blocks_manager33set_regular_map_tiles_and_paletteEiONS_20regular_bg_tiles_ptrEONS_14bg_palette_ptrE
                0x08004fc8      0x2e8 bn_bg_blocks_manager.o
                0x08004fc8                bn::bg_blocks_manager::set_regular_map_tiles_and_palette(int, bn::regular_bg_tiles_ptr&&, bn::bg_palette_ptr&&)
 .text._ZN2bn17bg_blocks_manager12_GLOBAL__N_122_find_regular_map_implERKNS_19regular_bg_map_itemERKNS_20regular_bg_tiles_ptrERKNS_14bg_palette_ptrE
                0x080052b0      0x380 bn_bg_blocks_manager.o
 .text._ZN3_bn6assert9show_argsIA39_ciEEvPKcS4_S4_iRKT_RKT0_
                0x08005630       0x58 bn_bg_blocks_manager.o
                0x08005630                void _bn::assert::show_args<char [39], int>(char const*, char const*, char const*, int, char const (&) [39], int const&)
 .text._ZN3_bn6assert9show_argsIA25_ciEEvPKcS4_S4_iRKT_RKT0_
                0x08005688       0x58 bn_bg_blocks_manager.o
                0x08005688                void _bn::assert::show_args<char [25], int>(char const*, char const*, char const*, int, char const (&) [25], int const&)
 .text._ZN2bn14iunordered_mapIPKviNS_17bg_blocks_manager12_GLOBAL__N_115identity_hasherENS_8equal_toIS2_EEE5eraseERKNS8_14const_iteratorE.constprop.0.isra.0
                0x080056e0      0x1a4 bn_bg_blocks_manager.o
 .text._ZN2bn17bg_blocks_manager12_GLOBAL__N_121_remove_adjacent_itemEiRNS1_9item_typeE
                0x08005884       0xcc bn_bg_blocks_manager.o
 .text._ZN2bn17bg_blocks_manager6updateEv
                0x08005950      0x200 bn_bg_blocks_manager.o
                0x08005950                bn::bg_blocks_manager::update()
 .text._ZN2bn17bg_blocks_manager12_GLOBAL__N_112_create_itemEiibONS1_11create_dataE
                0x08005b50      0x524 bn_bg_blocks_manager.o
 .text._ZN2bn17bg_blocks_manager12_GLOBAL__N_112_create_implEONS1_11create_dataE
                0x08006074      0x1fc bn_bg_blocks_manager.o
 .text._ZN2bn17bg_blocks_manager20create_regular_tilesERKNS_21regular_bg_tiles_itemEb
                0x08006270      0x148 bn_bg_blocks_manager.o
                0x08006270                bn::bg_blocks_manager::create_regular_tiles(bn::regular_bg_tiles_item const&, bool)
 .text._ZN2bn17bg_blocks_manager18create_regular_mapERKNS_19regular_bg_map_itemEONS_20regular_bg_tiles_ptrEONS_14bg_palette_ptrEb
                0x080063b8      0x27c bn_bg_blocks_manager.o
                0x080063b8                bn::bg_blocks_manager::create_regular_map(bn::regular_bg_map_item const&, bn::regular_bg_tiles_ptr&&, bn::bg_palette_ptr&&, bool)
 .text._ZN2bn18regular_bg_map_ptr6createERKNS_15regular_bg_itemE
                0x08006634       0x50 bn_bg_blocks_manager.o
                0x08006634                bn::regular_bg_map_ptr::create(bn::regular_bg_item const&)
 .text.startup._GLOBAL__sub_I__ZN2bn7bg_maps16used_cells_countEv
                0x08006684       0x98 bn_bg_blocks_manager.o
 .text.exit._GLOBAL__sub_D__ZN2bn7bg_maps16used_cells_countEv
                0x0800671c       0x50 bn_bg_blocks_manager.o
 .text._ZN2bn11bgs_manager12_GLOBAL__N_129_check_unique_regular_big_mapERNS1_9item_typeE
                0x0800676c       0x68 bn_bgs_manager.o
 .text._ZN2bn11bgs_manager12_GLOBAL__N_133_update_item_hw_affine_attributesERKNS1_9item_typeE
                0x080067d4       0x48 bn_bgs_manager.o
 .text._ZN2bn13ostringstream11append_argsIiJA4_ciEEEvRKT_DpRKT0_.isra.0
                0x0800681c       0x24 bn_bgs_manager.o
 .text._ZN2bn11bgs_manager5hw_idEPv
                0x08006840        0x8 bn_bgs_manager.o
                0x08006840                bn::bgs_manager::hw_id(void*)
 .text._ZN2bn11bgs_manager11hw_positionEPv
                0x08006848        0x4 bn_bgs_manager.o
                0x08006848                bn::bgs_manager::hw_position(void*)
 .text._ZN2bn11bgs_manager14mat_attributesEPv
                0x0800684c        0x4 bn_bgs_manager.o
                0x0800684c                bn::bgs_manager::mat_attributes(void*)
 .text._ZN2bn11bgs_manager20update_windows_flagsEPj
                0x08006850       0x7c bn_bgs_manager.o
                0x08006850                bn::bgs_manager::update_windows_flags(unsigned int*)
 .text._ZN2bn11bgs_manager28update_regular_map_tiles_cbbEii
                0x080068cc       0xa8 bn_bgs_manager.o
                0x080068cc                bn::bgs_manager::update_regular_map_tiles_cbb(int, int)
 .text._ZN2bn11bgs_manager30update_regular_map_palette_bppEiNS_8bpp_modeE
                0x08006974       0xac bn_bgs_manager.o
                0x08006974                bn::bgs_manager::update_regular_map_palette_bpp(int, bn::bpp_mode)
 .text._ZN2bn11bgs_manager36fill_hblank_effect_regular_positionsEiPKNS_7fixed_tILi12EEEPt
                0x08006a20       0x38 bn_bgs_manager.o
                0x08006a20                bn::bgs_manager::fill_hblank_effect_regular_positions(int, bn::fixed_t<12> const*, unsigned short*)
 .text._ZN2bn11bgs_manager45fill_hblank_effect_pivot_horizontal_positionsEPvPKNS_7fixed_tILi12EEEPj
                0x08006a58       0x24 bn_bgs_manager.o
                0x08006a58                bn::bgs_manager::fill_hblank_effect_pivot_horizontal_positions(void*, bn::fixed_t<12> const*, unsigned int*)
 .text._ZN2bn11bgs_manager43fill_hblank_effect_pivot_vertical_positionsEPvPKNS_7fixed_tILi12EEEPj
                0x08006a7c       0x24 bn_bgs_manager.o
                0x08006a7c                bn::bgs_manager::fill_hblank_effect_pivot_vertical_positions(void*, bn::fixed_t<12> const*, unsigned int*)
 .text._ZN2bn11bgs_manager6commitEb
                0x08006aa0       0x58 bn_bgs_manager.o
                0x08006aa0                bn::bgs_manager::commit(bool)
 .text._ZN2bn11bgs_manager4stopEv
                0x08006af8       0x28 bn_bgs_manager.o
                0x08006af8                bn::bgs_manager::stop()
 .text._ZN3_bn6assert9show_argsIA17_ciEEvPKcS4_S4_iRKT_RKT0_
                0x08006b20       0x58 bn_bgs_manager.o
                0x08006b20                void _bn::assert::show_args<char [17], int>(char const*, char const*, char const*, int, char const (&) [17], int const&)
 .text._ZN3_bn6assert9show_argsIA30_cEEvPKcS4_S4_iRKT_
                0x08006b78       0x50 bn_bgs_manager.o
                0x08006b78                void _bn::assert::show_args<char [30]>(char const*, char const*, char const*, int, char const (&) [30])
 .text._ZN3_bn6assert9show_argsIJA60_ciA4_ciEEEvPKcS5_S5_iDpRKT_
                0x08006bc8       0x5c bn_bgs_manager.o
                0x08006bc8                void _bn::assert::show_args<char [60], int, char [4], int>(char const*, char const*, char const*, int, char const (&) [60], int const&, char const (&) [4], int const&)
 .text._ZN3_bn6assert9show_argsIJA59_ciA4_ciEEEvPKcS5_S5_iDpRKT_
                0x08006c24       0x5c bn_bgs_manager.o
                0x08006c24                void _bn::assert::show_args<char [59], int, char [4], int>(char const*, char const*, char const*, int, char const (&) [59], int const&, char const (&) [4], int const&)
 .text._ZN3_bn6assert9show_argsIJA57_ciA4_ciEEEvPKcS5_S5_iDpRKT_
                0x08006c80       0x5c bn_bgs_manager.o
                0x08006c80                void _bn::assert::show_args<char [57], int, char [4], int>(char const*, char const*, char const*, int, char const (&) [57], int const&, char const (&) [4], int const&)
 .text._ZN2bn11bgs_manager14update_camerasEv
                0x08006cdc      0x2b4 bn_bgs_manager.o
                0x08006cdc                bn::bgs_manager::update_cameras()
 .text._ZN3_bn6assert9show_argsIA27_cEEvPKcS4_S4_iRKT_
                0x08006f90       0x50 bn_bgs_manager.o
                0x08006f90                void _bn::assert::show_args<char [27]>(char const*, char const*, char const*, int, char const (&) [27])
 .text._ZN2bn11bgs_manager15rebuild_handlesEv.part.0
                0x08006fe0      0x198 bn_bgs_manager.o
 .text._ZN3_bn6assert9show_argsIA38_cN2bn7fixed_tILi12EEEEEvPKcS7_S7_iRKT_RKT0_
                0x08007178       0x58 bn_bgs_manager.o
                0x08007178                void _bn::assert::show_args<char [38], bn::fixed_t<12> >(char const*, char const*, char const*, int, char const (&) [38], bn::fixed_t<12> const&)
 .text._ZN2bn18regular_bg_builder11release_mapEv
                0x080071d0       0x78 bn_bgs_manager.o
                0x080071d0                bn::regular_bg_builder::release_map()
 .text._ZN2bn11bgs_manager37fill_hblank_effect_regular_attributesEPvPKNS_21regular_bg_attributesEPt
                0x08007248      0x100 bn_bgs_manager.o
                0x08007248                bn::bgs_manager::fill_hblank_effect_regular_attributes(void*, bn::regular_bg_attributes const*, unsigned short*)
 .text._ZN2bn11bgs_manager6updateEv
                0x08007348      0x1d0 bn_bgs_manager.o
                0x08007348                bn::bgs_manager::update()
 .text._ZN2bn11bgs_manager15commit_big_mapsEv
                0x08007518      0x1d4 bn_bgs_manager.o
                0x08007518                bn::bgs_manager::commit_big_maps()
 .text._ZN2bn11bgs_manager36fill_hblank_effect_affine_attributesEPvPKNS_20affine_bg_attributesEPt
                0x080076ec      0x104 bn_bgs_manager.o
                0x080076ec                bn::bgs_manager::fill_hblank_effect_affine_attributes(void*, bn::affine_bg_attributes const*, unsigned short*)
 .text._ZN2bn11bgs_manager12_GLOBAL__N_19item_type18update_regular_mapEv
                0x080077f0      0x230 bn_bgs_manager.o
 .text._ZN2bn11bgs_manager10affine_mapEPv
                0x08007a20       0x34 bn_bgs_manager.o
                0x08007a20                bn::bgs_manager::affine_map(void*)
 .text._ZN2bn11bgs_manager11regular_mapEPv
                0x08007a54       0x34 bn_bgs_manager.o
                0x08007a54                bn::bgs_manager::regular_map(void*)
 .text._ZN2bn11bgs_manager12_GLOBAL__N_112_insert_itemERNS1_9item_typeE
                0x08007a88      0x10c bn_bgs_manager.o
 .text._ZN3_bn6assert9show_argsIA13_cEEvPKcS4_S4_iRKT_
                0x08007b94       0x50 bn_bgs_manager.o
                0x08007b94                void _bn::assert::show_args<char [13]>(char const*, char const*, char const*, int, char const (&) [13])
 .text._ZN2bn11bgs_manager6createEONS_18regular_bg_builderE
                0x08007be4      0x1d4 bn_bgs_manager.o
                0x08007be4                bn::bgs_manager::create(bn::regular_bg_builder&&)
 .text._ZNK2bn15regular_bg_item9create_bgENS_7fixed_tILi12EEES2_
                0x08007db8       0x74 bn_bgs_manager.o
                0x08007db8                bn::regular_bg_item::create_bg(bn::fixed_t<12>, bn::fixed_t<12>) const
 .text._ZN3_bn6assert9show_argsIJA23_ciA4_ciEEEvPKcS5_S5_iDpRKT_
                0x08007e2c       0x5c bn_bgs_manager.o
                0x08007e2c                void _bn::assert::show_args<char [23], int, char [4], int>(char const*, char const*, char const*, int, char const (&) [23], int const&, char const (&) [4], int const&)
 .text._ZN2bn5eraseIPNS_11bgs_manager12_GLOBAL__N_19item_typeEEENS_7ivectorIT_E9size_typeERS7_RKS6_.constprop.0.isra.0
                0x08007e88      0x13c bn_bgs_manager.o
 .text._ZN2bn11bgs_manager15decrease_usagesEPv
                0x08007fc4       0xa8 bn_bgs_manager.o
                0x08007fc4                bn::bgs_manager::decrease_usages(void*)
 .text._ZN2bn14regular_bg_ptrD2Ev
                0x0800806c       0x18 bn_bgs_manager.o
                0x0800806c                bn::regular_bg_ptr::~regular_bg_ptr()
                0x0800806c                bn::regular_bg_ptr::~regular_bg_ptr()
 .text.startup._GLOBAL__sub_I__ZN2bn3bgs16used_items_countEv
                0x08008084       0x80 bn_bgs_manager.o
 .text.exit._GLOBAL__sub_D__ZN2bn3bgs16used_items_countEv
                0x08008104       0x14 bn_bgs_manager.o
 .text._ZN2bn10camera_ptrD2Ev
                0x08008118       0x38 bn_cameras_manager.o
                0x08008118                bn::camera_ptr::~camera_ptr()
                0x08008118                bn::camera_ptr::~camera_ptr()
 .text._ZNK2bn10camera_ptr8positionEv
                0x08008150       0x14 bn_cameras_manager.o
                0x08008150                bn::camera_ptr::position() const
 .text._ZN2bn15cameras_manager4initEv
                0x08008164       0x10 bn_cameras_manager.o
                0x08008164                bn::cameras_manager::init()
 .text._ZN2bn15cameras_manager6updateEv
                0x08008174       0x28 bn_cameras_manager.o
                0x08008174                bn::cameras_manager::update()
 .text._ZN2bn4core12_GLOBAL__N_14stopEb.constprop.0
                0x0800819c       0x54 bn_core.o
 .text._ZN2bn4core12_GLOBAL__N_111update_implEv
                0x080081f0       0xd8 bn_core.o
 .text._ZN2bn11string_viewC2EPKc
                0x080082c8       0x1c bn_core.o
                0x080082c8                bn::string_view::string_view(char const*)
                0x080082c8                bn::string_view::string_view(char const*)
 .text._ZN2bn4core6updateEv
                0x080082e4       0x68 bn_core.o
                0x080082e4                bn::core::update()
 .text._ZN2bn4core4initERKNS_11string_viewE
                0x0800834c       0x94 bn_core.o
                0x0800834c                bn::core::init(bn::string_view const&)
 .text._ZN2bn4core4initEv
                0x080083e0       0x18 bn_core.o
                0x080083e0                bn::core::init()
 .text._ZN2bn4core9on_vblankEv
                0x080083f8       0x2c bn_core.o
                0x080083f8                bn::core::on_vblank()
 .text._ZN3_bn6assert4showEPKcS2_S2_iRKN2bn12istring_baseE
                0x08008424       0x80 bn_core.o
                0x08008424                _bn::assert::show(char const*, char const*, char const*, int, bn::istring_base const&)
 .text.startup._GLOBAL__sub_I__ZN2bn4core4initEv
                0x080084a4       0x44 bn_core.o
 .text._ZN2bn15display_manager12_GLOBAL__N_134_update_rect_windows_hw_boundariesEi
                0x080084e8       0x84 bn_display_manager.o
 .text._ZN2bn14sprites_mosaic18horizontal_stretchEv
                0x0800856c        0xc bn_display_manager.o
                0x0800856c                bn::sprites_mosaic::horizontal_stretch()
 .text._ZN2bn15display_manager4initEv
                0x08008578       0x40 bn_display_manager.o
                0x08008578                bn::display_manager::init()
 .text._ZN2bn15display_manager8set_modeEi
                0x080085b8       0x1c bn_display_manager.o
                0x080085b8                bn::display_manager::set_mode(int)
 .text._ZN2bn15display_manager14set_bg_enabledEib
                0x080085d4       0x1c bn_display_manager.o
                0x080085d4                bn::display_manager::set_bg_enabled(int, bool)
 .text._ZN2bn15display_manager15disable_all_bgsEv
                0x080085f0       0x18 bn_display_manager.o
                0x080085f0                bn::display_manager::disable_all_bgs()
 .text._ZN2bn15display_manager36fill_mosaic_hblank_effect_attributesEPKNS_17mosaic_attributesEPt
                0x08008608       0xb4 bn_display_manager.o
                0x08008608                bn::display_manager::fill_mosaic_hblank_effect_attributes(bn::mosaic_attributes const*, unsigned short*)
 .text._ZN2bn15display_manager23set_blending_bg_enabledEib
                0x080086bc       0x1c bn_display_manager.o
                0x080086bc                bn::display_manager::set_blending_bg_enabled(int, bool)
 .text._ZN2bn15display_manager32blending_transparency_top_weightEv
                0x080086d8       0x18 bn_display_manager.o
                0x080086d8                bn::display_manager::blending_transparency_top_weight()
 .text._ZN2bn15display_manager35blending_transparency_bottom_weightEv
                0x080086f0       0x28 bn_display_manager.o
                0x080086f0                bn::display_manager::blending_transparency_bottom_weight()
 .text._ZN2bn15display_manager51fill_blending_transparency_hblank_effect_attributesEPKNS_32blending_transparency_attributesEPt
                0x08008718       0x30 bn_display_manager.o
                0x08008718                bn::display_manager::fill_blending_transparency_hblank_effect_attributes(bn::blending_transparency_attributes const*, unsigned short*)
 .text._ZN2bn15display_manager21blending_fade_enabledEv
                0x08008748        0xc bn_display_manager.o
                0x08008748                bn::display_manager::blending_fade_enabled()
 .text._ZN2bn15display_manager39fill_blending_fade_hblank_effect_alphasEPKNS_19blending_fade_alphaEPt
                0x08008754       0x24 bn_display_manager.o
                0x08008754                bn::display_manager::fill_blending_fade_hblank_effect_alphas(bn::blending_fade_alpha const*, unsigned short*)
 .text._ZN2bn15display_manager26update_windows_visible_bgsEv
                0x08008778       0x14 bn_display_manager.o
                0x08008778                bn::display_manager::update_windows_visible_bgs()
 .text._ZN2bn15display_manager36rect_window_hw_horizontal_boundariesEi
                0x0800878c       0x14 bn_display_manager.o
                0x0800878c                bn::display_manager::rect_window_hw_horizontal_boundaries(int)
 .text._ZN2bn15display_manager34rect_window_hw_vertical_boundariesEi
                0x080087a0       0x14 bn_display_manager.o
                0x080087a0                bn::display_manager::rect_window_hw_vertical_boundaries(int)
 .text._ZN2bn15display_manager52fill_rect_window_hblank_effect_horizontal_boundariesERKNS_4pairIiiEEPKNS1_INS_7fixed_tILi12EEES6_EEPt
                0x080087b4      0x13c bn_display_manager.o
                0x080087b4                bn::display_manager::fill_rect_window_hblank_effect_horizontal_boundaries(bn::pair<int, int> const&, bn::pair<bn::fixed_t<12>, bn::fixed_t<12> > const*, unsigned short*)
 .text._ZN2bn15display_manager50fill_rect_window_hblank_effect_vertical_boundariesERKNS_4pairIiiEEPKNS1_INS_7fixed_tILi12EEES6_EEPt
                0x080088f0      0x13c bn_display_manager.o
                0x080088f0                bn::display_manager::fill_rect_window_hblank_effect_vertical_boundaries(bn::pair<int, int> const&, bn::pair<bn::fixed_t<12>, bn::fixed_t<12> > const*, unsigned short*)
 .text._ZN2bn15display_manager36fill_green_swap_hblank_effect_statesEPKbPt
                0x08008a2c       0x38 bn_display_manager.o
                0x08008a2c                bn::display_manager::fill_green_swap_hblank_effect_states(bool const*, unsigned short*)
 .text._ZN2bn15display_manager14update_camerasEv
                0x08008a64       0x40 bn_display_manager.o
                0x08008a64                bn::display_manager::update_cameras()
 .text._ZN2bn15display_manager6updateEv
                0x08008aa4      0x1f8 bn_display_manager.o
                0x08008aa4                bn::display_manager::update()
 .text._ZN2bn15display_manager6commitEv
                0x08008c9c      0x160 bn_display_manager.o
                0x08008c9c                bn::display_manager::commit()
 .text._ZN2bn15display_manager4stopEv
                0x08008dfc       0x2c bn_display_manager.o
                0x08008dfc                bn::display_manager::stop()
 .text._ZN3_bn6assert9show_argsIA66_cEEvPKcS4_S4_iRKT_
                0x08008e28       0x50 bn_display_manager.o
                0x08008e28                void _bn::assert::show_args<char [66]>(char const*, char const*, char const*, int, char const (&) [66])
 .text._ZN3_bn6assert9show_argsIA18_cN2bn7fixed_tILi12EEEEEvPKcS7_S7_iRKT_RKT0_
                0x08008e78       0x58 bn_display_manager.o
                0x08008e78                void _bn::assert::show_args<char [18], bn::fixed_t<12> >(char const*, char const*, char const*, int, char const (&) [18], bn::fixed_t<12> const&)
 .text._ZN2bn14sprites_mosaic11set_stretchENS_7fixed_tILi12EEE
                0x08008ed0       0x70 bn_display_manager.o
                0x08008ed0                bn::sprites_mosaic::set_stretch(bn::fixed_t<12>)
 .text.startup._GLOBAL__sub_I__ZNK2bn6window7show_bgERKNS_14regular_bg_ptrE
                0x08008f40       0x7c bn_display_manager.o
 .text.exit._GLOBAL__sub_D__ZNK2bn6window7show_bgERKNS_14regular_bg_ptrE
                0x08008fbc       0x38 bn_display_manager.o
 .text._ZN2bn18igeneric_pool_baseC2EPci
                0x08008ff4       0x10 bn_generic_pool.o
                0x08008ff4                bn::igeneric_pool_base::igeneric_pool_base(char*, int)
                0x08008ff4                bn::igeneric_pool_base::igeneric_pool_base(char*, int)
 .text._ZN2bn18igeneric_pool_base5_freeEPc
                0x08009004       0x10 bn_generic_pool.o
                0x08009004                bn::igeneric_pool_base::_free(char*)
 .text._ZN3_bn6assert9show_argsIA18_cEEvPKcS4_S4_iRKT_
                0x08009014       0x50 bn_generic_pool.o
                0x08009014                void _bn::assert::show_args<char [18]>(char const*, char const*, char const*, int, char const (&) [18])
 .text._ZN2bn18igeneric_pool_baseD2Ev
                0x08009064       0x30 bn_generic_pool.o
                0x08009064                bn::igeneric_pool_base::~igeneric_pool_base()
                0x08009064                bn::igeneric_pool_base::~igeneric_pool_base()
 .text._ZN2bn18igeneric_pool_base9_allocateEv
                0x08009094       0x48 bn_generic_pool.o
                0x08009094                bn::igeneric_pool_base::_allocate()
 .text._ZN2bn12gpio_manager6commitEv
                0x080090dc       0x48 bn_gpio_manager.o
                0x080090dc                bn::gpio_manager::commit()
 .text._ZN2bn12gpio_manager4stopEv
                0x08009124       0x3c bn_gpio_manager.o
                0x08009124                bn::gpio_manager::stop()
 .text._ZN2bn22hblank_effects_manager12_GLOBAL__N_19item_type18_output_values_ptrEv
                0x08009160       0x40 bn_hblank_effects_manager.o
 .text._ZN2bn22hblank_effects_manager7disableEv
                0x080091a0       0x24 bn_hblank_effects_manager.o
                0x080091a0                bn::hblank_effects_manager::disable()
 .text._ZN2bn22hblank_effects_manager6commitEv
                0x080091c4       0x74 bn_hblank_effects_manager.o
                0x080091c4                bn::hblank_effects_manager::commit()
 .text._ZN2bn22hblank_effects_manager12_GLOBAL__N_110_is_uint32ENS0_12handler_typeE
                0x08009238       0x64 bn_hblank_effects_manager.o
 .text._ZN2bn22hblank_effects_manager12_GLOBAL__N_19item_type12check_updateEv
                0x0800929c     0x15f8 bn_hblank_effects_manager.o
 .text._ZN2bn22hblank_effects_manager6updateEv
                0x0800a894      0x1ec bn_hblank_effects_manager.o
                0x0800a894                bn::hblank_effects_manager::update()
 .text._ZN2bn22hblank_effects_manager4initEv
                0x0800aa80       0xd4 bn_hblank_effects_manager.o
                0x0800aa80                bn::hblank_effects_manager::init()
 .text.startup._GLOBAL__sub_I__ZN2bn4hbes10used_countEv
                0x0800ab54       0xe8 bn_hblank_effects_manager.o
 .text._ZN2bn12hdma_manager7disableEv
                0x0800ac3c       0x30 bn_hdma_manager.o
                0x0800ac3c                bn::hdma_manager::disable()
 .text._ZN2bn12hdma_manager10force_stopEv
                0x0800ac6c       0x3c bn_hdma_manager.o
                0x0800ac6c                bn::hdma_manager::force_stop()
 .text._ZN2bn12hdma_manager6updateEv
                0x0800aca8       0x6c bn_hdma_manager.o
                0x0800aca8                bn::hdma_manager::update()
 .text._ZN2bn12hdma_manager6commitEb
                0x0800ad14      0x118 bn_hdma_manager.o
                0x0800ad14                bn::hdma_manager::commit(bool)
 .text.startup._GLOBAL__sub_I__ZN2bn4hdma7runningEv
                0x0800ae2c       0x34 bn_hdma_manager.o
 .text._ZN2bn6keypad9a_pressedEv
                0x0800ae60       0x10 bn_keypad_manager.o
                0x0800ae60                bn::keypad::a_pressed()
 .text._ZN2bn6keypad9b_pressedEv
                0x0800ae70       0x10 bn_keypad_manager.o
                0x0800ae70                bn::keypad::b_pressed()
 .text._ZN2bn6keypad13start_pressedEv
                0x0800ae80       0x10 bn_keypad_manager.o
                0x0800ae80                bn::keypad::start_pressed()
 .text._ZN2bn6keypad10up_pressedEv
                0x0800ae90       0x10 bn_keypad_manager.o
                0x0800ae90                bn::keypad::up_pressed()
 .text._ZN2bn6keypad12down_pressedEv
                0x0800aea0       0x10 bn_keypad_manager.o
                0x0800aea0                bn::keypad::down_pressed()
 .text._ZN2bn6keypad9r_pressedEv
                0x0800aeb0       0x10 bn_keypad_manager.o
                0x0800aeb0                bn::keypad::r_pressed()
 .text._ZN2bn6keypad11any_pressedEv
                0x0800aec0       0x10 bn_keypad_manager.o
                0x0800aec0                bn::keypad::any_pressed()
 .text._ZN2bn14keypad_manager4stopEv
                0x0800aed0        0x4 bn_keypad_manager.o
                0x0800aed0                bn::keypad_manager::stop()
 .text._ZN3_bn6assert9show_argsIJA19_ciA4_ciEEEvPKcS5_S5_iDpRKT_
                0x0800aed4       0x6c bn_keypad_manager.o
                0x0800aed4                void _bn::assert::show_args<char [19], int, char [4], int>(char const*, char const*, char const*, int, char const (&) [19], int const&, char const (&) [4], int const&)
 .text._ZN2bn14keypad_manager6updateEv
                0x0800af40       0xa8 bn_keypad_manager.o
                0x0800af40                bn::keypad_manager::update()
 .text._ZN3_bn6assert9show_argsIA24_ciEEvPKcS4_S4_iRKT_RKT0_
                0x0800afe8       0x58 bn_keypad_manager.o
                0x0800afe8                void _bn::assert::show_args<char [24], int>(char const*, char const*, char const*, int, char const (&) [24], int const&)
 .text._ZN2bn14keypad_manager4initERKNS_11string_viewE
                0x0800b040       0x58 bn_keypad_manager.o
                0x0800b040                bn::keypad_manager::init(bn::string_view const&)
 .text._ZN3_bn6assert9show_argsIA16_cEEvPKcS4_S4_iRKT_
                0x0800b098       0x50 bn_keypad_manager.o
                0x0800b098                void _bn::assert::show_args<char [16]>(char const*, char const*, char const*, int, char const (&) [16])
 .text._ZN2bn12link_manager4initEv
                0x0800b0e8        0xc bn_link_manager.o
                0x0800b0e8                bn::link_manager::init()
 .text._ZN2bn12link_manager6activeEv
                0x0800b0f4        0xc bn_link_manager.o
                0x0800b0f4                bn::link_manager::active()
 .text._ZN2bn12link_manager7disableEv
                0x0800b100       0x18 bn_link_manager.o
                0x0800b100                bn::link_manager::disable()
 .text._ZN3_bn6assert9show_argsIA28_ciEEvPKcS4_S4_iRKT_RKT0_
                0x0800b118       0x58 bn_link_manager.o
                0x0800b118                void _bn::assert::show_args<char [28], int>(char const*, char const*, char const*, int, char const (&) [28], int const&)
 .text._ZN2bn3logERKNS_12istring_baseE
                0x0800b170        0xc bn_log.o
                0x0800b170                bn::log(bn::istring_base const&)
 .text._ZN2bn14memory_manager4initEv
                0x0800b17c       0x20 bn_memory_manager.o
                0x0800b17c                bn::memory_manager::init()
 .text.exit._GLOBAL__sub_D__Znwj
                0x0800b19c       0x14 bn_memory_manager.o
 .text._ZN2bn2hw8palettes9grayscaleEPKNS_5colorEiiPS2_.part.0
                0x0800b1b0       0x40 bn_palettes_manager.o
 .text._ZN2bn11bg_palettes21set_transparent_colorENS_5colorE
                0x0800b1f0       0x40 bn_palettes_manager.o
                0x0800b1f0                bn::bg_palettes::set_transparent_color(bn::color)
 .text._ZN2bn14bg_palette_ptrC2ERKS0_
                0x0800b230       0x2c bn_palettes_manager.o
                0x0800b230                bn::bg_palette_ptr::bg_palette_ptr(bn::bg_palette_ptr const&)
                0x0800b230                bn::bg_palette_ptr::bg_palette_ptr(bn::bg_palette_ptr const&)
 .text._ZNK2bn14bg_palette_ptr3bppEv
                0x0800b25c       0x20 bn_palettes_manager.o
                0x0800b25c                bn::bg_palette_ptr::bpp() const
 .text._ZN2bn18sprite_palette_ptrC2ERKS0_
                0x0800b27c       0x1c bn_palettes_manager.o
                0x0800b27c                bn::sprite_palette_ptr::sprite_palette_ptr(bn::sprite_palette_ptr const&)
                0x0800b27c                bn::sprite_palette_ptr::sprite_palette_ptr(bn::sprite_palette_ptr const&)
 .text._ZNK2bn18sprite_palette_ptr3bppEv
                0x0800b298       0x1c bn_palettes_manager.o
                0x0800b298                bn::sprite_palette_ptr::bpp() const
 .text._ZNK2bn13palettes_bank10log_statusEv
                0x0800b2b4      0x178 bn_palettes_manager.o
                0x0800b2b4                bn::palettes_bank::log_status() const
 .text._ZNK2bn13palettes_bank20retrieve_commit_dataEv
                0x0800b42c       0x4c bn_palettes_manager.o
                0x0800b42c                bn::palettes_bank::retrieve_commit_data() const
 .text._ZNK2bn13palettes_bank12_same_colorsERKNS_4spanIKNS_5colorEEEi
                0x0800b478       0x50 bn_palettes_manager.o
                0x0800b478                bn::palettes_bank::_same_colors(bn::span<bn::color const> const&, int) const
 .text._ZN2bn13palettes_bank10find_bpp_4ERKNS_4spanIKNS_5colorEEEt
                0x0800b4c8       0xdc bn_palettes_manager.o
                0x0800b4c8                bn::palettes_bank::find_bpp_4(bn::span<bn::color const> const&, unsigned short)
 .text._ZNK2bn13palettes_bank21_apply_global_effectsEiPNS_5colorE
                0x0800b5a4      0x13c bn_palettes_manager.o
                0x0800b5a4                bn::palettes_bank::_apply_global_effects(int, bn::color*) const
 .text._ZNK2bn13palettes_bank25fill_hblank_effect_colorsEPKNS_5colorEPt
                0x0800b6e0       0x30 bn_palettes_manager.o
                0x0800b6e0                bn::palettes_bank::fill_hblank_effect_colors(bn::color const*, unsigned short*) const
 .text._ZNK2bn13palettes_bank7palette13apply_effectsEiPNS_5colorE
                0x0800b710       0xbc bn_palettes_manager.o
                0x0800b710                bn::palettes_bank::palette::apply_effects(int, bn::color*) const
 .text._ZNK2bn13palettes_bank25fill_hblank_effect_colorsEiPKNS_5colorEPt
                0x0800b7cc       0x44 bn_palettes_manager.o
                0x0800b7cc                bn::palettes_bank::fill_hblank_effect_colors(int, bn::color const*, unsigned short*) const
 .text._ZN2bn13palettes_bank15_update_paletteEi
                0x0800b810       0x6c bn_palettes_manager.o
                0x0800b810                bn::palettes_bank::_update_palette(int)
 .text._ZN2bn13palettes_bank6updateEv
                0x0800b87c      0x124 bn_palettes_manager.o
                0x0800b87c                bn::palettes_bank::update()
 .text._ZN2bn13palettes_bankC2Ev
                0x0800b9a0       0xcc bn_palettes_manager.o
                0x0800b9a0                bn::palettes_bank::palettes_bank()
                0x0800b9a0                bn::palettes_bank::palettes_bank()
 .text._ZN2bn16palettes_manager20sprite_palettes_bankEv
                0x0800ba6c        0x8 bn_palettes_manager.o
                0x0800ba6c                bn::palettes_manager::sprite_palettes_bank()
 .text._ZN2bn16palettes_manager16bg_palettes_bankEv
                0x0800ba74        0x8 bn_palettes_manager.o
                0x0800ba74                bn::palettes_manager::bg_palettes_bank()
 .text._ZN2bn16palettes_manager6updateEv
                0x0800ba7c       0x20 bn_palettes_manager.o
                0x0800ba7c                bn::palettes_manager::update()
 .text._ZN2bn16palettes_manager6commitEb
                0x0800ba9c       0xf4 bn_palettes_manager.o
                0x0800ba9c                bn::palettes_manager::commit(bool)
 .text._ZN2bn16palettes_manager4stopEv
                0x0800bb90       0x20 bn_palettes_manager.o
                0x0800bb90                bn::palettes_manager::stop()
 .text._ZN3_bn6assert9show_argsIA35_cEEvPKcS4_S4_iRKT_
                0x0800bbb0       0x50 bn_palettes_manager.o
                0x0800bbb0                void _bn::assert::show_args<char [35]>(char const*, char const*, char const*, int, char const (&) [35])
 .text._ZN2bn13palettes_bank11colors_hashERKNS_4spanIKNS_5colorEEE
                0x0800bc00       0x50 bn_palettes_manager.o
                0x0800bc00                bn::palettes_bank::colors_hash(bn::span<bn::color const> const&)
 .text._ZN3_bn6assert9show_argsIJA43_ciA36_cA42_cEEEvPKcS6_S6_iDpRKT_
                0x0800bc50       0x68 bn_palettes_manager.o
                0x0800bc50                void _bn::assert::show_args<char [43], int, char [36], char [42]>(char const*, char const*, char const*, int, char const (&) [43], int const&, char const (&) [36], char const (&) [42])
 .text._ZN2bn13palettes_bank12create_bpp_8ERKNS_4spanIKNS_5colorEEENS_16compression_typeEb
                0x0800bcb8      0x22c bn_palettes_manager.o
                0x0800bcb8                bn::palettes_bank::create_bpp_8(bn::span<bn::color const> const&, bn::compression_type, bool)
 .text._ZNK2bn15bg_palette_item10decompressENS_4spanINS_5colorEEE
                0x0800bee4      0x16c bn_palettes_manager.o
                0x0800bee4                bn::bg_palette_item::decompress(bn::span<bn::color>) const
 .text._ZNK2bn19sprite_palette_item10decompressENS_4spanINS_5colorEEE
                0x0800c050      0x16c bn_palettes_manager.o
                0x0800c050                bn::sprite_palette_item::decompress(bn::span<bn::color>) const
 .text._ZN2bn13palettes_bank12create_bpp_4ERKNS_4spanIKNS_5colorEEEtb
                0x0800c1bc      0x298 bn_palettes_manager.o
                0x0800c1bc                bn::palettes_bank::create_bpp_4(bn::span<bn::color const> const&, unsigned short, bool)
 .text._ZN2bn12_GLOBAL__N_112_create_implERKNS_15bg_palette_itemEb
                0x0800c454       0x94 bn_palettes_manager.o
 .text._ZN2bn14bg_palette_ptr6createERKNS_15bg_palette_itemE
                0x0800c4e8       0x54 bn_palettes_manager.o
                0x0800c4e8                bn::bg_palette_ptr::create(bn::bg_palette_item const&)
 .text._ZNK2bn15bg_palette_item14create_paletteEv
                0x0800c53c       0x10 bn_palettes_manager.o
                0x0800c53c                bn::bg_palette_item::create_palette() const
 .text._ZN2bn12_GLOBAL__N_112_create_implERKNS_19sprite_palette_itemEb
                0x0800c54c       0x7c bn_palettes_manager.o
 .text._ZNK2bn19sprite_palette_item14create_paletteEv
                0x0800c5c8       0x48 bn_palettes_manager.o
                0x0800c5c8                bn::sprite_palette_item::create_palette() const
 .text._ZN2bn14iunordered_mapItsNS_13palettes_bank15identity_hasherENS_8equal_toItEEE5eraseERKNS5_14const_iteratorE.isra.0
                0x0800c610      0x170 bn_palettes_manager.o
 .text._ZN2bn13palettes_bank15decrease_usagesEi.part.0
                0x0800c780       0xdc bn_palettes_manager.o
 .text._ZN2bn14bg_palette_ptrD2Ev
                0x0800c85c       0x3c bn_palettes_manager.o
                0x0800c85c                bn::bg_palette_ptr::~bg_palette_ptr()
                0x0800c85c                bn::bg_palette_ptr::~bg_palette_ptr()
 .text._ZN2bn18sprite_palette_ptrD2Ev
                0x0800c898       0x30 bn_palettes_manager.o
                0x0800c898                bn::sprite_palette_ptr::~sprite_palette_ptr()
                0x0800c898                bn::sprite_palette_ptr::~sprite_palette_ptr()
 .text._ZN2bn14bg_palette_ptraSERKS0_
                0x0800c8c8       0x5c bn_palettes_manager.o
                0x0800c8c8                bn::bg_palette_ptr::operator=(bn::bg_palette_ptr const&)
 .text.startup._GLOBAL__sub_I__ZN2bn11bg_palettes17used_colors_countEv
                0x0800c924       0x20 bn_palettes_manager.o
 .text._ZN2bn26sprite_affine_mats_manager12_GLOBAL__N_119_sprite_double_sizeILi32ELi16EEEbiiiii
                0x0800c944       0x84 bn_sprite_affine_mats_manager.o
 .text._ZN2bn26sprite_affine_mats_manager12_GLOBAL__N_119_sprite_double_sizeILi16ELi32EEEbiiiii
                0x0800c9c8       0x84 bn_sprite_affine_mats_manager.o
 .text._ZN2bn26sprite_affine_mats_manager12_GLOBAL__N_124_update_flipped_identityEi
                0x0800ca4c       0xb4 bn_sprite_affine_mats_manager.o
 .text._ZN2bn26sprite_affine_mats_manager12_GLOBAL__N_17_updateEi
                0x0800cb00       0x74 bn_sprite_affine_mats_manager.o
 .text._ZNK2bn21sprite_affine_mat_ptr14vertical_scaleEv
                0x0800cb74       0x18 bn_sprite_affine_mats_manager.o
                0x0800cb74                bn::sprite_affine_mat_ptr::vertical_scale() const
 .text._ZNK2bn21sprite_affine_mat_ptr15horizontal_flipEv
                0x0800cb8c       0x18 bn_sprite_affine_mats_manager.o
                0x0800cb8c                bn::sprite_affine_mat_ptr::horizontal_flip() const
 .text._ZNK2bn21sprite_affine_mat_ptr13vertical_flipEv
                0x0800cba4       0x18 bn_sprite_affine_mats_manager.o
                0x0800cba4                bn::sprite_affine_mat_ptr::vertical_flip() const
 .text._ZNK2bn21sprite_affine_mat_ptr16flipped_identityEv
                0x0800cbbc       0x14 bn_sprite_affine_mats_manager.o
                0x0800cbbc                bn::sprite_affine_mat_ptr::flipped_identity() const
 .text._ZN2bn26sprite_affine_mats_manager13attach_spriteEiRNS_24intrusive_list_node_typeE
                0x0800cbd0       0x2c bn_sprite_affine_mats_manager.o
                0x0800cbd0                bn::sprite_affine_mats_manager::attach_sprite(int, bn::intrusive_list_node_type&)
 .text._ZN2bn26sprite_affine_mats_manager18sprite_double_sizeEiRKNS_17sprite_shape_sizeE
                0x0800cbfc      0x1dc bn_sprite_affine_mats_manager.o
                0x0800cbfc                bn::sprite_affine_mats_manager::sprite_double_size(int, bn::sprite_shape_size const&)
 .text._ZN2bn26sprite_affine_mats_manager20retrieve_commit_dataEv
                0x0800cdd8       0x38 bn_sprite_affine_mats_manager.o
                0x0800cdd8                bn::sprite_affine_mats_manager::retrieve_commit_data()
 .text._ZN3_bn6assert9show_argsIA37_cEEvPKcS4_S4_iRKT_
                0x0800ce10       0x50 bn_sprite_affine_mats_manager.o
                0x0800ce10                void _bn::assert::show_args<char [37]>(char const*, char const*, char const*, int, char const (&) [37])
 .text._ZN2bn26sprite_affine_mats_manager18set_rotation_angleEiNS_7fixed_tILi12EEE
                0x0800ce60      0x130 bn_sprite_affine_mats_manager.o
                0x0800ce60                bn::sprite_affine_mats_manager::set_rotation_angle(int, bn::fixed_t<12>)
 .text._ZN2bn21sprite_affine_mat_ptr18set_rotation_angleENS_7fixed_tILi12EEE
                0x0800cf90       0x14 bn_sprite_affine_mats_manager.o
                0x0800cf90                bn::sprite_affine_mat_ptr::set_rotation_angle(bn::fixed_t<12>)
 .text._ZN2bn26sprite_affine_mats_manager18set_vertical_scaleEiNS_7fixed_tILi12EEE
                0x0800cfa4       0xe0 bn_sprite_affine_mats_manager.o
                0x0800cfa4                bn::sprite_affine_mats_manager::set_vertical_scale(int, bn::fixed_t<12>)
 .text._ZN2bn21sprite_affine_mat_ptr18set_vertical_scaleENS_7fixed_tILi12EEE
                0x0800d084       0x14 bn_sprite_affine_mats_manager.o
                0x0800d084                bn::sprite_affine_mat_ptr::set_vertical_scale(bn::fixed_t<12>)
 .text._ZN2bn26sprite_affine_mats_manager9set_scaleEiNS_7fixed_tILi12EEES2_
                0x0800d098      0x1a8 bn_sprite_affine_mats_manager.o
                0x0800d098                bn::sprite_affine_mats_manager::set_scale(int, bn::fixed_t<12>, bn::fixed_t<12>)
 .text._ZN2bn21sprite_affine_mat_ptr9set_scaleENS_7fixed_tILi12EEES2_
                0x0800d240       0x14 bn_sprite_affine_mats_manager.o
                0x0800d240                bn::sprite_affine_mat_ptr::set_scale(bn::fixed_t<12>, bn::fixed_t<12>)
 .text._ZN2bn26sprite_affine_mats_manager12_GLOBAL__N_115_new_item_indexEv
                0x0800d254       0xd8 bn_sprite_affine_mats_manager.o
 .text._ZN2bn26sprite_affine_mats_manager15create_optionalERKNS_21affine_mat_attributesE
                0x0800d32c       0xf8 bn_sprite_affine_mats_manager.o
                0x0800d32c                bn::sprite_affine_mats_manager::create_optional(bn::affine_mat_attributes const&)
 .text._ZN2bn21sprite_affine_mat_ptr6createERKNS_21affine_mat_attributesE
                0x0800d424       0x3c bn_sprite_affine_mats_manager.o
                0x0800d424                bn::sprite_affine_mat_ptr::create(bn::affine_mat_attributes const&)
 .text._ZN2bn26sprite_affine_mats_manager15decrease_usagesEi.part.0
                0x0800d460       0x68 bn_sprite_affine_mats_manager.o
 .text._ZN2bn21sprite_affine_mat_ptrD2Ev
                0x0800d4c8       0x34 bn_sprite_affine_mats_manager.o
                0x0800d4c8                bn::sprite_affine_mat_ptr::~sprite_affine_mat_ptr()
                0x0800d4c8                bn::sprite_affine_mat_ptr::~sprite_affine_mat_ptr()
 .text._ZN2bn26sprite_affine_mats_manager6updateEv
                0x0800d4fc       0xa0 bn_sprite_affine_mats_manager.o
                0x0800d4fc                bn::sprite_affine_mats_manager::update()
 .text._ZN2bn26sprite_affine_mats_manager4initEPv
                0x0800d59c       0x6c bn_sprite_affine_mats_manager.o
                0x0800d59c                bn::sprite_affine_mats_manager::init(void*)
 .text._ZN2bn26sprite_affine_mats_manager14dettach_spriteEiRNS_24intrusive_list_node_typeE
                0x0800d608       0x50 bn_sprite_affine_mats_manager.o
                0x0800d608                bn::sprite_affine_mats_manager::dettach_sprite(int, bn::intrusive_list_node_type&)
 .text.startup._GLOBAL__sub_I__ZN2bn18sprite_affine_mats10used_countEv
                0x0800d658       0x98 bn_sprite_affine_mats_manager.o
 .text.exit._GLOBAL__sub_D__ZN2bn18sprite_affine_mats10used_countEv
                0x0800d6f0       0x3c bn_sprite_affine_mats_manager.o
 .text._ZN2bn21sprite_text_generator5_initEv
                0x0800d72c      0x180 bn_sprite_text_generator.o
                0x0800d72c                bn::sprite_text_generator::_init()
 .text._ZN2bn21sprite_text_generatorC2ERKNS_11sprite_fontE
                0x0800d8ac       0x2c bn_sprite_text_generator.o
                0x0800d8ac                bn::sprite_text_generator::sprite_text_generator(bn::sprite_font const&)
                0x0800d8ac                bn::sprite_text_generator::sprite_text_generator(bn::sprite_font const&)
 .text._ZN3_bn6assert9show_argsIA54_cEEvPKcS4_S4_iRKT_
                0x0800d8d8       0x50 bn_sprite_text_generator.o
                0x0800d8d8                void _bn::assert::show_args<char [54]>(char const*, char const*, char const*, int, char const (&) [54])
 .text._ZN3_bn6assert9show_argsIJA25_ciA4_ctEEEvPKcS5_S5_iDpRKT_
                0x0800d928       0x6c bn_sprite_text_generator.o
                0x0800d928                void _bn::assert::show_args<char [25], int, char [4], unsigned short>(char const*, char const*, char const*, int, char const (&) [25], int const&, char const (&) [4], unsigned short const&)
 .text._ZN2bn14utf8_characterC2ERKc
                0x0800d994      0x140 bn_sprite_text_generator.o
                0x0800d994                bn::utf8_character::utf8_character(char const&)
                0x0800d994                bn::utf8_character::utf8_character(char const&)
 .text._ZN2bn12_GLOBAL__N_115_graphics_indexEcRKNS_23utf8_characters_map_refEPKcRi.part.0
                0x0800dad4       0x8c bn_sprite_text_generator.o
 .text._ZN3_bn6assert9show_argsIJA20_ccA9_cN2bn11string_viewEA2_cEEEvPKcS8_S8_iDpRKT_
                0x0800db60       0x70 bn_sprite_text_generator.o
                0x0800db60                void _bn::assert::show_args<char [20], char, char [9], bn::string_view, char [2]>(char const*, char const*, char const*, int, char const (&) [20], char const&, char const (&) [9], bn::string_view const&, char const (&) [2])
 .text._ZNK2bn21sprite_text_generator5widthERKNS_11string_viewE
                0x0800dbd0      0x244 bn_sprite_text_generator.o
                0x0800dbd0                bn::sprite_text_generator::width(bn::string_view const&) const
 .text._ZN3_bn6assert9show_argsIA55_cEEvPKcS4_S4_iRKT_
                0x0800de14       0x50 bn_sprite_text_generator.o
                0x0800de14                void _bn::assert::show_args<char [55]>(char const*, char const*, char const*, int, char const (&) [55])
 .text._ZN2bn12_GLOBAL__N_120_build_sprite_assertILNS_11sprite_sizeE2EEEPNS_4tileERKNS_21sprite_text_generatorERKNS_18sprite_palette_ptrERKNS_11fixed_pointERNS_7ivectorINS_10sprite_ptrEEE
                0x0800de64      0x1b4 bn_sprite_text_generator.o
 .text._ZN2bn12_GLOBAL__N_120_build_sprite_assertILNS_11sprite_sizeE1EEEPNS_4tileERKNS_21sprite_text_generatorERKNS_18sprite_palette_ptrERKNS_11fixed_pointERNS_7ivectorINS_10sprite_ptrEEE
                0x0800e018      0x1b4 bn_sprite_text_generator.o
 .text._ZN2bn12_GLOBAL__N_19_generateILb0EEEbRKNS_21sprite_text_generatorERKNS_11fixed_pointERKNS_11string_viewERKNS_23utf8_characters_map_refEiibRNS_7ivectorINS_10sprite_ptrEEE.isra.0
                0x0800e1cc     0x1120 bn_sprite_text_generator.o
 .text._ZNK2bn21sprite_text_generator8generateENS_7fixed_tILi12EEES2_RKNS_11string_viewERNS_7ivectorINS_10sprite_ptrEEE
                0x0800f2ec       0x3c bn_sprite_text_generator.o
                0x0800f2ec                bn::sprite_text_generator::generate(bn::fixed_t<12>, bn::fixed_t<12>, bn::string_view const&, bn::ivector<bn::sprite_ptr>&) const
 .text._ZNK2bn16sprite_tiles_ptr2idEv
                0x0800f328       0x18 bn_sprite_tiles_manager.o
                0x0800f328                bn::sprite_tiles_ptr::id() const
 .text._ZNK2bn16sprite_tiles_ptr11tiles_countEv
                0x0800f340       0x18 bn_sprite_tiles_manager.o
                0x0800f340                bn::sprite_tiles_ptr::tiles_count() const
 .text._ZN2bn20sprite_tiles_manager10log_statusEv
                0x0800f358      0x1ec bn_sprite_tiles_manager.o
                0x0800f358                bn::sprite_tiles_manager::log_status()
 .text._ZN2bn20sprite_tiles_manager19commit_uncompressedEb
                0x0800f544       0xdc bn_sprite_tiles_manager.o
                0x0800f544                bn::sprite_tiles_manager::commit_uncompressed(bool)
 .text._ZN2bn20sprite_tiles_manager17commit_compressedEv
                0x0800f620       0xe4 bn_sprite_tiles_manager.o
                0x0800f620                bn::sprite_tiles_manager::commit_compressed()
 .text._ZN3_bn6assert9show_argsIA27_chEEvPKcS4_S4_iRKT_RKT0_
                0x0800f704       0x58 bn_sprite_tiles_manager.o
                0x0800f704                void _bn::assert::show_args<char [27], unsigned char>(char const*, char const*, char const*, int, char const (&) [27], unsigned char const&)
 .text._ZN3_bn6assert9show_argsIJA44_cPKN2bn4tileEA4_cS6_EEEvPKcS9_S9_iDpRKT_
                0x0800f75c       0x6c bn_sprite_tiles_manager.o
                0x0800f75c                void _bn::assert::show_args<char [44], bn::tile const*, char [4], bn::tile const*>(char const*, char const*, char const*, int, char const (&) [44], bn::tile const* const&, char const (&) [4], bn::tile const* const&)
 .text._ZN3_bn6assert9show_argsIJA46_ciA4_cjEEEvPKcS5_S5_iDpRKT_
                0x0800f7c8       0x6c bn_sprite_tiles_manager.o
                0x0800f7c8                void _bn::assert::show_args<char [46], int, char [4], unsigned int>(char const*, char const*, char const*, int, char const (&) [46], int const&, char const (&) [4], unsigned int const&)
 .text._ZN3_bn6assert9show_argsIJA28_cA15_cPKN2bn4tileEA16_ciA34_cNS4_11string_viewEEEEvPKcSC_SC_iDpRKT_
                0x0800f834       0x84 bn_sprite_tiles_manager.o
                0x0800f834                void _bn::assert::show_args<char [28], char [15], bn::tile const*, char [16], int, char [34], bn::string_view>(char const*, char const*, char const*, int, char const (&) [28], char const (&) [15], bn::tile const* const&, char const (&) [16], int const&, char const (&) [34], bn::string_view const&)
 .text._ZN3_bn6assert9show_argsIJA44_ciA34_cN2bn11string_viewEEEEvPKcS7_S7_iDpRKT_
                0x0800f8b8       0x68 bn_sprite_tiles_manager.o
                0x0800f8b8                void _bn::assert::show_args<char [44], int, char [34], bn::string_view>(char const*, char const*, char const*, int, char const (&) [44], int const&, char const (&) [34], bn::string_view const&)
 .text._ZN2bn20sprite_tiles_manager4initEv
                0x0800f920       0xf4 bn_sprite_tiles_manager.o
                0x0800f920                bn::sprite_tiles_manager::init()
 .text._ZN2bn20sprite_tiles_manager12_GLOBAL__N_122_insert_to_commit_itemEiRNS1_9item_typeE.part.0
                0x0800fa14       0x6c bn_sprite_tiles_manager.o
 .text._ZN2bn20sprite_tiles_manager12_GLOBAL__N_117_insert_free_itemEiPt
                0x0800fa80       0xcc bn_sprite_tiles_manager.o
 .text._ZN2bn20sprite_tiles_manager12_GLOBAL__N_116_erase_free_itemEi
                0x0800fb4c       0xe4 bn_sprite_tiles_manager.o
 .text._ZN2bn20sprite_tiles_manager12_GLOBAL__N_121_erase_to_commit_itemEiRNS1_9item_typeE
                0x0800fc30      0x100 bn_sprite_tiles_manager.o
 .text._ZN2bn20sprite_tiles_manager15decrease_usagesEi
                0x0800fd30      0x134 bn_sprite_tiles_manager.o
                0x0800fd30                bn::sprite_tiles_manager::decrease_usages(int)
 .text._ZN2bn16sprite_tiles_ptrD2Ev
                0x0800fe64       0x18 bn_sprite_tiles_manager.o
                0x0800fe64                bn::sprite_tiles_ptr::~sprite_tiles_ptr()
                0x0800fe64                bn::sprite_tiles_ptr::~sprite_tiles_ptr()
 .text._ZN2bn20sprite_tiles_manager12_GLOBAL__N_110_find_implEPKNS_4tileENS_16compression_typeEi
                0x0800fe7c      0x28c bn_sprite_tiles_manager.o
 .text._ZN2bn20sprite_tiles_manager4vramEi
                0x08010108       0x4c bn_sprite_tiles_manager.o
                0x08010108                bn::sprite_tiles_manager::vram(int)
 .text._ZN2bn16sprite_tiles_ptr4vramEv
                0x08010154       0x14 bn_sprite_tiles_manager.o
                0x08010154                bn::sprite_tiles_ptr::vram()
 .text._ZN2bn14iunordered_mapIPKNS_4tileEiNS_4hashIS3_EENS_8equal_toIS3_EEE5eraseERKNS8_14const_iteratorE.isra.0
                0x08010168      0x178 bn_sprite_tiles_manager.o
 .text._ZN2bn20sprite_tiles_manager12_GLOBAL__N_112_create_itemEiPKNS_4tileENS_16compression_typeEib
                0x080102e0      0x2ec bn_sprite_tiles_manager.o
 .text._ZN2bn20sprite_tiles_manager12_GLOBAL__N_114_allocate_implEi
                0x080105cc       0xf8 bn_sprite_tiles_manager.o
 .text._ZN2bn20sprite_tiles_manager8allocateEiNS_8bpp_modeE
                0x080106c4       0xc0 bn_sprite_tiles_manager.o
                0x080106c4                bn::sprite_tiles_manager::allocate(int, bn::bpp_mode)
 .text._ZN2bn16sprite_tiles_ptr8allocateEiNS_8bpp_modeE
                0x08010784       0x18 bn_sprite_tiles_manager.o
                0x08010784                bn::sprite_tiles_ptr::allocate(int, bn::bpp_mode)
 .text._ZN2bn20sprite_tiles_manager6updateEv
                0x0801079c      0x234 bn_sprite_tiles_manager.o
                0x0801079c                bn::sprite_tiles_manager::update()
 .text._ZN2bn20sprite_tiles_manager12_GLOBAL__N_112_create_implEPKNS_4tileENS_16compression_typeEi
                0x080109d0      0x200 bn_sprite_tiles_manager.o
 .text._ZN2bn20sprite_tiles_manager6createERKNS_4spanIKNS_4tileEEENS_16compression_typeE
                0x08010bd0      0x13c bn_sprite_tiles_manager.o
                0x08010bd0                bn::sprite_tiles_manager::create(bn::span<bn::tile const> const&, bn::compression_type)
 .text._ZN2bn16sprite_tiles_ptr6createERKNS_17sprite_tiles_itemEi
                0x08010d0c       0xd4 bn_sprite_tiles_manager.o
                0x08010d0c                bn::sprite_tiles_ptr::create(bn::sprite_tiles_item const&, int)
 .text._ZNK2bn17sprite_tiles_item12create_tilesEv
                0x08010de0       0x84 bn_sprite_tiles_manager.o
                0x08010de0                bn::sprite_tiles_item::create_tiles() const
 .text._ZNK2bn17sprite_tiles_item12create_tilesEi
                0x08010e64       0xd4 bn_sprite_tiles_manager.o
                0x08010e64                bn::sprite_tiles_item::create_tiles(int) const
 .text.startup._GLOBAL__sub_I__ZN2bn12sprite_tiles16used_tiles_countEv
                0x08010f38      0x11c bn_sprite_tiles_manager.o
 .text._ZN2bn15sprites_manager12_GLOBAL__N_132_always_update_indexes_to_commitERKNS_20sprites_manager_itemE
                0x08011054       0x48 bn_sprites_manager.o
 .text._ZN2bn13ostringstream11append_argsIiJA4_ciEEEvRKT_DpRKT0_.isra.0
                0x0801109c       0x24 bn_sprites_manager.o
 .text._ZN2bn15sprites_manager12_GLOBAL__N_123_update_item_dimensionsERNS_20sprites_manager_itemE
                0x080110c0       0xcc bn_sprites_manager.o
 .text._ZNK2bn10sprite_ptr1xEv
                0x0801118c        0x8 bn_sprites_manager.o
                0x0801118c                bn::sprite_ptr::x() const
 .text._ZN2bn10sprite_ptr5set_xENS_7fixed_tILi12EEE
                0x08011194       0x48 bn_sprites_manager.o
                0x08011194                bn::sprite_ptr::set_x(bn::fixed_t<12>)
 .text._ZNK2bn10sprite_ptr1yEv
                0x080111dc        0x8 bn_sprites_manager.o
                0x080111dc                bn::sprite_ptr::y() const
 .text._ZN2bn10sprite_ptr5set_yENS_7fixed_tILi12EEE
                0x080111e4       0x48 bn_sprites_manager.o
                0x080111e4                bn::sprite_ptr::set_y(bn::fixed_t<12>)
 .text._ZNK2bn10sprite_ptr14vertical_scaleEv
                0x0801122c       0x1c bn_sprites_manager.o
                0x0801122c                bn::sprite_ptr::vertical_scale() const
 .text._ZN2bn10sprite_ptr18set_mosaic_enabledEb
                0x08011248       0x40 bn_sprites_manager.o
                0x08011248                bn::sprite_ptr::set_mosaic_enabled(bool)
 .text._ZN2bn15sprites_manager4initEv
                0x08011288       0x34 bn_sprites_manager.o
                0x08011288                bn::sprites_manager::init()
 .text._ZN2bn15sprites_manager5hw_idEPv
                0x080112bc        0x8 bn_sprites_manager.o
                0x080112bc                bn::sprites_manager::hw_id(void*)
 .text._ZN2bn15sprites_manager5shapeEPv
                0x080112c4        0x8 bn_sprites_manager.o
                0x080112c4                bn::sprites_manager::shape(void*)
 .text._ZN2bn15sprites_manager4sizeEPv
                0x080112cc        0x8 bn_sprites_manager.o
                0x080112cc                bn::sprites_manager::size(void*)
 .text._ZN2bn15sprites_manager10shape_sizeEPv
                0x080112d4       0x14 bn_sprites_manager.o
                0x080112d4                bn::sprites_manager::shape_size(void*)
 .text._ZN2bn15sprites_manager11hw_positionEPv
                0x080112e8        0x4 bn_sprites_manager.o
                0x080112e8                bn::sprites_manager::hw_position(void*)
 .text._ZN2bn15sprites_manager9view_modeEPv
                0x080112ec        0xc bn_sprites_manager.o
                0x080112ec                bn::sprites_manager::view_mode(void*)
 .text._ZN2bn15sprites_manager10affine_matEPv
                0x080112f8        0x4 bn_sprites_manager.o
                0x080112f8                bn::sprites_manager::affine_mat(void*)
 .text._ZN2bn15sprites_manager22reserved_handles_countEv
                0x080112fc       0x10 bn_sprites_manager.o
                0x080112fc                bn::sprites_manager::reserved_handles_count()
 .text._ZN2bn15sprites_manager39fill_hblank_effect_horizontal_positionsEPviPKNS_7fixed_tILi12EEEPt
                0x0801130c       0x44 bn_sprites_manager.o
                0x0801130c                bn::sprites_manager::fill_hblank_effect_horizontal_positions(void*, int, bn::fixed_t<12> const*, unsigned short*)
 .text._ZN2bn15sprites_manager37fill_hblank_effect_vertical_positionsEPviPKNS_7fixed_tILi12EEEPt
                0x08011350       0x44 bn_sprites_manager.o
                0x08011350                bn::sprites_manager::fill_hblank_effect_vertical_positions(void*, int, bn::fixed_t<12> const*, unsigned short*)
 .text._ZN2bn15sprites_manager35fill_hblank_effect_first_attributesEiNS_12sprite_shapeENS_8bpp_modeEiPKNS_23sprite_first_attributesEPt
                0x08011394      0x108 bn_sprites_manager.o
                0x08011394                bn::sprites_manager::fill_hblank_effect_first_attributes(int, bn::sprite_shape, bn::bpp_mode, int, bn::sprite_first_attributes const*, unsigned short*)
 .text._ZN2bn15sprites_manager44fill_hblank_effect_regular_second_attributesEPviNS_11sprite_sizeEPKNS_32sprite_regular_second_attributesEPt
                0x0801149c       0x60 bn_sprites_manager.o
                0x0801149c                bn::sprites_manager::fill_hblank_effect_regular_second_attributes(void*, int, bn::sprite_size, bn::sprite_regular_second_attributes const*, unsigned short*)
 .text._ZN2bn15sprites_manager43fill_hblank_effect_affine_second_attributesEPviNS_11sprite_sizeEPKNS_31sprite_affine_second_attributesEPt
                0x080114fc       0x58 bn_sprites_manager.o
                0x080114fc                bn::sprites_manager::fill_hblank_effect_affine_second_attributes(void*, int, bn::sprite_size, bn::sprite_affine_second_attributes const*, unsigned short*)
 .text._ZN2bn15sprites_manager14update_camerasEv
                0x08011554       0x20 bn_sprites_manager.o
                0x08011554                bn::sprites_manager::update_cameras()
 .text._ZN2bn15sprites_manager29update_affine_mat_double_sizeEPvi
                0x08011574       0x64 bn_sprites_manager.o
                0x08011574                bn::sprites_manager::update_affine_mat_double_size(void*, int)
 .text._ZN2bn15sprites_manager6commitEb
                0x080115d8       0xa4 bn_sprites_manager.o
                0x080115d8                bn::sprites_manager::commit(bool)
 .text._ZNK2bn17sprite_shape_size11tiles_countENS_8bpp_modeE.isra.0
                0x0801167c      0x150 bn_sprites_manager.o
 .text._ZN2bn15sprites_manager12_GLOBAL__N_118_remove_affine_matERNS_20sprites_manager_itemE
                0x080117cc       0xe8 bn_sprites_manager.o
 .text._ZN2bn15sprites_manager40remove_identity_affine_mat_if_not_neededEPv
                0x080118b4       0x18 bn_sprites_manager.o
                0x080118b4                bn::sprites_manager::remove_identity_affine_mat_if_not_needed(void*)
 .text._ZN2bn14sprite_builder15release_paletteEv
                0x080118cc       0x78 bn_sprites_manager.o
                0x080118cc                bn::sprite_builder::release_palette()
 .text._ZN2bn14sprite_builder13release_tilesEv
                0x08011944       0x78 bn_sprites_manager.o
                0x08011944                bn::sprite_builder::release_tiles()
 .text._ZN2bn15sprites_manager7paletteEPv
                0x080119bc       0x34 bn_sprites_manager.o
                0x080119bc                bn::sprites_manager::palette(void*)
 .text._ZN2bn20sprites_manager_item13_builder_initERKNS_14sprite_builderE
                0x080119f0      0x36c bn_sprites_manager.o
                0x080119f0                bn::sprites_manager_item::_builder_init(bn::sprite_builder const&)
 .text._ZNK2bn20sprites_manager_item15new_double_sizeEi.part.0
                0x08011d5c       0x30 bn_sprites_manager.o
 .text._ZN2bn15sprites_manager12_GLOBAL__N_118_assign_affine_matEbRNS_20sprites_manager_itemEONS_21sprite_affine_mat_ptrE
                0x08011d8c      0x11c bn_sprites_manager.o
 .text._ZN2bn15sprites_manager18set_new_affine_matEPvRNS_21affine_mat_attributesE
                0x08011ea8       0x94 bn_sprites_manager.o
                0x08011ea8                bn::sprites_manager::set_new_affine_mat(void*, bn::affine_mat_attributes&)
 .text._ZN2bn14sprite_builder11set_z_orderEi
                0x08011f3c       0x48 bn_sprites_manager.o
                0x08011f3c                bn::sprite_builder::set_z_order(int)
 .text._ZN2bn14sprite_builderC2ERKNS_17sprite_shape_sizeENS_16sprite_tiles_ptrENS_18sprite_palette_ptrE
                0x08011f84      0x128 bn_sprites_manager.o
                0x08011f84                bn::sprite_builder::sprite_builder(bn::sprite_shape_size const&, bn::sprite_tiles_ptr, bn::sprite_palette_ptr)
                0x08011f84                bn::sprite_builder::sprite_builder(bn::sprite_shape_size const&, bn::sprite_tiles_ptr, bn::sprite_palette_ptr)
 .text._ZN2bn15sprites_manager9set_tilesEPvONS_16sprite_tiles_ptrE
                0x080120ac      0x138 bn_sprites_manager.o
                0x080120ac                bn::sprites_manager::set_tiles(void*, bn::sprite_tiles_ptr&&)
 .text._ZN2bn10sprite_ptr9set_tilesEONS_16sprite_tiles_ptrE
                0x080121e4       0x10 bn_sprites_manager.o
                0x080121e4                bn::sprite_ptr::set_tiles(bn::sprite_tiles_ptr&&)
 .text._ZN2bn14sprite_builder15set_bg_priorityEi
                0x080121f4       0x38 bn_sprites_manager.o
                0x080121f4                bn::sprite_builder::set_bg_priority(int)
 .text._ZN2bn15sprites_manager6updateEv
                0x0801222c      0x160 bn_sprites_manager.o
                0x0801222c                bn::sprites_manager::update()
 .text._ZN3_bn6assert9show_argsIJA27_ciA4_ciEEEvPKcS5_S5_iDpRKT_
                0x0801238c       0x5c bn_sprites_manager.o
                0x0801238c                void _bn::assert::show_args<char [27], int, char [4], int>(char const*, char const*, char const*, int, char const (&) [27], int const&, char const (&) [4], int const&)
 .text._ZN2bn15sprites_manager35fill_hblank_effect_third_attributesENS_17sprite_shape_sizeEPKNS_23sprite_third_attributesEPt
                0x080123e8       0xc8 bn_sprites_manager.o
                0x080123e8                bn::sprites_manager::fill_hblank_effect_third_attributes(bn::sprite_shape_size, bn::sprite_third_attributes const*, unsigned short*)
 .text._ZN2bn14sorted_sprites6sorter6insertERNS_20sprites_manager_itemE
                0x080124b0      0x170 bn_sprites_manager.o
                0x080124b0                bn::sorted_sprites::sorter::insert(bn::sprites_manager_item&)
 .text._ZN2bn15sprites_manager6createEONS_14sprite_builderE
                0x08012620      0x180 bn_sprites_manager.o
                0x08012620                bn::sprites_manager::create(bn::sprite_builder&&)
 .text._ZN2bn10sprite_ptr6createEONS_14sprite_builderE
                0x080127a0       0x14 bn_sprites_manager.o
                0x080127a0                bn::sprite_ptr::create(bn::sprite_builder&&)
 .text._ZN2bn15sprites_manager6createERKNS_11fixed_pointERKNS_17sprite_shape_sizeEONS_16sprite_tiles_ptrEONS_18sprite_palette_ptrE
                0x080127b4      0x1dc bn_sprites_manager.o
                0x080127b4                bn::sprites_manager::create(bn::fixed_point const&, bn::sprite_shape_size const&, bn::sprite_tiles_ptr&&, bn::sprite_palette_ptr&&)
 .text._ZNK2bn11sprite_item13create_spriteENS_7fixed_tILi12EEES2_
                0x08012990       0x44 bn_sprites_manager.o
                0x08012990                bn::sprite_item::create_sprite(bn::fixed_t<12>, bn::fixed_t<12>) const
 .text._ZN2bn15sprites_manager15decrease_usagesEPv
                0x080129d4      0x180 bn_sprites_manager.o
                0x080129d4                bn::sprites_manager::decrease_usages(void*)
 .text._ZN2bn10sprite_ptrD2Ev
                0x08012b54       0x18 bn_sprites_manager.o
                0x08012b54                bn::sprite_ptr::~sprite_ptr()
                0x08012b54                bn::sprite_ptr::~sprite_ptr()
 .text._ZN2bn10sprite_ptr11set_z_orderEi
                0x08012b6c      0x148 bn_sprites_manager.o
                0x08012b6c                bn::sprite_ptr::set_z_order(int)
 .text._ZN2bn10sprite_ptr18set_rotation_angleENS_7fixed_tILi12EEE
                0x08012cb4       0xc0 bn_sprites_manager.o
                0x08012cb4                bn::sprite_ptr::set_rotation_angle(bn::fixed_t<12>)
 .text._ZN2bn21affine_mat_attributes9set_scaleENS_7fixed_tILi12EEES2_
                0x08012d74      0x108 bn_sprites_manager.o
                0x08012d74                bn::affine_mat_attributes::set_scale(bn::fixed_t<12>, bn::fixed_t<12>)
 .text._ZN2bn10sprite_ptr9set_scaleENS_7fixed_tILi12EEES2_
                0x08012e7c       0x5c bn_sprites_manager.o
                0x08012e7c                bn::sprite_ptr::set_scale(bn::fixed_t<12>, bn::fixed_t<12>)
 .text._ZN2bn10sprite_ptr18set_vertical_scaleENS_7fixed_tILi12EEE
                0x08012ed8       0xb8 bn_sprites_manager.o
                0x08012ed8                bn::sprite_ptr::set_vertical_scale(bn::fixed_t<12>)
 .text.startup._GLOBAL__sub_I__ZN2bn7sprites16used_items_countEv
                0x08012f90       0x9c bn_sprites_manager.o
 .text.exit._GLOBAL__sub_D__ZN2bn7sprites16used_items_countEv
                0x0801302c       0x4c bn_sprites_manager.o
 .text._ZN3_bn4sram11unsafe_readEPvii
                0x08013078       0x18 bn_sram.o
                0x08013078                _bn::sram::unsafe_read(void*, int, int)
 .text._ZN3_bn4sram12unsafe_writeEPKvii
                0x08013090       0x18 bn_sram.o
                0x08013090                _bn::sram::unsafe_write(void const*, int, int)
 .text._ZN2bn4sram5clearEi
                0x080130a8       0x64 bn_sram.o
                0x080130a8                bn::sram::clear(int)
 .text._ZN2bn13ostringstreamC2ERNS_12istring_baseE
                0x0801310c        0x8 bn_sstream.o
                0x0801310c                bn::ostringstream::ostringstream(bn::istring_base&)
                0x0801310c                bn::ostringstream::ostringstream(bn::istring_base&)
 .text._ZNK2bn13ostringstream4sizeEv
                0x08013114        0x8 bn_sstream.o
                0x08013114                bn::ostringstream::size() const
 .text._ZN2bn13ostringstream6appendEPKc
                0x0801311c       0x94 bn_sstream.o
                0x0801311c                bn::ostringstream::append(char const*)
 .text._ZN2bn13ostringstream6appendEi
                0x080131b0       0xa8 bn_sstream.o
                0x080131b0                bn::ostringstream::append(int)
 .text._ZN2bn13ostringstream6appendERKNS_11string_viewE
                0x08013258       0x9c bn_sstream.o
                0x08013258                bn::ostringstream::append(bn::string_view const&)
 .text._ZN2bn13ostringstream6appendEj
                0x080132f4       0xa8 bn_sstream.o
                0x080132f4                bn::ostringstream::append(unsigned int)
 .text._ZN2bn13ostringstream6appendEPKv
                0x0801339c       0xfc bn_sstream.o
                0x0801339c                bn::ostringstream::append(void const*)
 .text._ZN2bn13ostringstream16_append_fractionEji
                0x08013498      0x108 bn_sstream.o
                0x08013498                bn::ostringstream::_append_fraction(unsigned int, int)
 .text._ZN2bn13ostringstream6appendEc
                0x080135a0       0x44 bn_sstream.o
                0x080135a0                bn::ostringstream::append(char)
 .text._ZN2bn5timerC2Ev
                0x080135e4       0x24 bn_timer.o
                0x080135e4                bn::timer::timer()
                0x080135e4                bn::timer::timer()
 .text._ZNK2bn5timer13elapsed_ticksEv
                0x08013608       0x3c bn_timer.o
                0x08013608                bn::timer::elapsed_ticks() const
 .text._ZN2bn5timer7restartEv
                0x08013644       0x24 bn_timer.o
                0x08013644                bn::timer::restart()
 .text._ZN2bn2hw5audio12_GLOBAL__N_124_disabled_vblank_handlerEv
                0x08013668       0x10 bn_hw_audio.o
 .text._ZN2bn2hw5audio12_GLOBAL__N_17_commitEv
                0x08013678       0x7c bn_hw_audio.o
 .text._ZN2bn2hw5audio12_GLOBAL__N_123_enabled_vblank_handlerEv
                0x080136f4       0x24 bn_hw_audio.o
 .text._ZN2bn2hw5audio4initEv
                0x08013718       0x68 bn_hw_audio.o
                0x08013718                bn::hw::audio::init()
 .text._ZN2bn2hw5audio7disableEv
                0x08013780       0x30 bn_hw_audio.o
                0x08013780                bn::hw::audio::disable()
 .text._ZN2bn2hw5audio22disable_vblank_handlerEv
                0x080137b0       0x14 bn_hw_audio.o
                0x080137b0                bn::hw::audio::disable_vblank_handler()
 .text._ZN2bn2hw5audio6updateEb
                0x080137c4       0x18 bn_hw_audio.o
                0x080137c4                bn::hw::audio::update(bool)
 .text._ZN2bn2hw5audio6commitEv
                0x080137dc       0x20 bn_hw_audio.o
                0x080137dc                bn::hw::audio::commit()
 .text._ZN2bn2hw5audio12_GLOBAL__N_119_add_sound_to_queueEit
                0x080137fc       0xa0 bn_hw_audio.o
 .text._ZN2bn2hw5audio15stop_all_soundsEv
                0x0801389c       0x6c bn_hw_audio.o
                0x0801389c                bn::hw::audio::stop_all_sounds()
 .text._ZN2bn2hw5audio12_GLOBAL__N_119_check_sounds_queueEv.part.0
                0x08013908       0x98 bn_hw_audio.o
 .text._ZN2bn2hw5audio10play_soundEiiiii